// Jest Snapshot v1, https://goo.gl/fbAQLP

exports[`SalesStatisticCard Should match snapshot 1`] = `
{
  "asFragment": [Function],
  "baseElement": <body>
    <div>
      <div
        class="tremor-Card-root w-full text-left rounded-tremor-default bg-tremor-background ring-tremor-ring shadow-tremor-card dark:ring-dark-tremor-ring dark:shadow-dark-tremor-card border-tremor-brand dark:border-dark-tremor-brand dark:bg-dark-tremor-primary ring-0 max-w-full p-4 2xl:max-w-full border-none relative rounded-xl shadow-md"
      >
        <div
          class="tremor-Flex-root flex w-full flex-row justify-between items-start"
        >
          <div
            class="tremor-Flex-root flex justify-between items-center flex-col w-2/3 md:w-1/2"
          >
            <div
              class="tremor-Flex-root flex w-full flex-col justify-start items-start"
              data-testid="formatted-amount"
            >
              <p
                class="text-tremor-default text-md text-secondary dark:text-dark-romance font-semibold tracking-[0.4px]"
              >
                Sales
              </p>
              <p
                class="text-tremor-default text-primary dark:text-dark-primary text-xl leading-[33px] font-bold"
              >
                $23,220.00
              </p>
            </div>
          </div>
          <div
            class="tremor-Flex-root flex flex-row justify-end items-end w-1/3 md:w-1/2 cursor-pointer"
          >
            <p
              class="text-tremor-default !text-xs text-secondary dark:text-secondary leading-[21px] tracking-[0.4px]"
            >
              6 May - 7 May
            </p>
          </div>
        </div>
        <div
          class="tremor-Flex-root flex w-full flex-row justify-start items-start"
          data-testid="total-amount"
        >
          <p
            class="text-tremor-default text-few dark:text-few leading-[22px] font-bold"
          >
            +213%
          </p>
          <p
            class="text-tremor-default ml-1 text-secondary dark:text-dark-romance leading-[21px] tracking-[0.4px]"
          >
            since last month
          </p>
        </div>
      </div>
    </div>
  </body>,
  "container": <div>
    <div
      class="tremor-Card-root w-full text-left rounded-tremor-default bg-tremor-background ring-tremor-ring shadow-tremor-card dark:ring-dark-tremor-ring dark:shadow-dark-tremor-card border-tremor-brand dark:border-dark-tremor-brand dark:bg-dark-tremor-primary ring-0 max-w-full p-4 2xl:max-w-full border-none relative rounded-xl shadow-md"
    >
      <div
        class="tremor-Flex-root flex w-full flex-row justify-between items-start"
      >
        <div
          class="tremor-Flex-root flex justify-between items-center flex-col w-2/3 md:w-1/2"
        >
          <div
            class="tremor-Flex-root flex w-full flex-col justify-start items-start"
            data-testid="formatted-amount"
          >
            <p
              class="text-tremor-default text-md text-secondary dark:text-dark-romance font-semibold tracking-[0.4px]"
            >
              Sales
            </p>
            <p
              class="text-tremor-default text-primary dark:text-dark-primary text-xl leading-[33px] font-bold"
            >
              $23,220.00
            </p>
          </div>
        </div>
        <div
          class="tremor-Flex-root flex flex-row justify-end items-end w-1/3 md:w-1/2 cursor-pointer"
        >
          <p
            class="text-tremor-default !text-xs text-secondary dark:text-secondary leading-[21px] tracking-[0.4px]"
          >
            6 May - 7 May
          </p>
        </div>
      </div>
      <div
        class="tremor-Flex-root flex w-full flex-row justify-start items-start"
        data-testid="total-amount"
      >
        <p
          class="text-tremor-default text-few dark:text-few leading-[22px] font-bold"
        >
          +213%
        </p>
        <p
          class="text-tremor-default ml-1 text-secondary dark:text-dark-romance leading-[21px] tracking-[0.4px]"
        >
          since last month
        </p>
      </div>
    </div>
  </div>,
  "debug": [Function],
  "findAllByAltText": [Function],
  "findAllByDisplayValue": [Function],
  "findAllByLabelText": [Function],
  "findAllByPlaceholderText": [Function],
  "findAllByRole": [Function],
  "findAllByTestId": [Function],
  "findAllByText": [Function],
  "findAllByTitle": [Function],
  "findByAltText": [Function],
  "findByDisplayValue": [Function],
  "findByLabelText": [Function],
  "findByPlaceholderText": [Function],
  "findByRole": [Function],
  "findByTestId": [Function],
  "findByText": [Function],
  "findByTitle": [Function],
  "getAllByAltText": [Function],
  "getAllByDisplayValue": [Function],
  "getAllByLabelText": [Function],
  "getAllByPlaceholderText": [Function],
  "getAllByRole": [Function],
  "getAllByTestId": [Function],
  "getAllByText": [Function],
  "getAllByTitle": [Function],
  "getByAltText": [Function],
  "getByDisplayValue": [Function],
  "getByLabelText": [Function],
  "getByPlaceholderText": [Function],
  "getByRole": [Function],
  "getByTestId": [Function],
  "getByText": [Function],
  "getByTitle": [Function],
  "queryAllByAltText": [Function],
  "queryAllByDisplayValue": [Function],
  "queryAllByLabelText": [Function],
  "queryAllByPlaceholderText": [Function],
  "queryAllByRole": [Function],
  "queryAllByTestId": [Function],
  "queryAllByText": [Function],
  "queryAllByTitle": [Function],
  "queryByAltText": [Function],
  "queryByDisplayValue": [Function],
  "queryByLabelText": [Function],
  "queryByPlaceholderText": [Function],
  "queryByRole": [Function],
  "queryByTestId": [Function],
  "queryByText": [Function],
  "queryByTitle": [Function],
  "rerender": [Function],
  "unmount": [Function],
}
`;
