// Jest Snapshot v1, https://goo.gl/fbAQLP

exports[`Testing profile info component Should match snapshot 1`] = `
{
  "asFragment": [Function],
  "baseElement": <body>
    <div>
      <div
        class="flex flex-col lg:flex-row lg:items-center justify-between px-4 py-1"
      >
        <div
          class="flex flex-col md:flex-row md:items-center profile-info mb-6"
        >
          <div
            class="flex items-center"
          >
            <div
              class="inline-flex rounded-full overflow-hidden shadow-lg"
            >
              <img
                alt="Avatar medium"
                data-nimg="1"
                decoding="async"
                fetchpriority="high"
                height="74"
                src="/_next/image?url=%2Fimages%2Favatar%2Favatar-lg.webp&w=256&q=75"
                srcset="/_next/image?url=%2Fimages%2Favatar%2Favatar-lg.webp&w=96&q=75 1x, /_next/image?url=%2Fimages%2Favatar%2Favatar-lg.webp&w=256&q=75 2x"
                style="color: transparent;"
                width="74"
              />
            </div>
          </div>
          <div
            class="md:ml-6"
            data-testid="profile-info-lg"
          >
            <p
              class="text-tremor-title text-tremor-content-emphasis dark:text-dark-tremor-content-emphasis font-semibold text-xl"
            >
              Richard Davis
            </p>
            <p
              class="text-tremor-default text-tremor-content dark:text-dark-tremor-content"
            >
              CEO / Co-Founder
            </p>
          </div>
        </div>
      </div>
    </div>
  </body>,
  "container": <div>
    <div
      class="flex flex-col lg:flex-row lg:items-center justify-between px-4 py-1"
    >
      <div
        class="flex flex-col md:flex-row md:items-center profile-info mb-6"
      >
        <div
          class="flex items-center"
        >
          <div
            class="inline-flex rounded-full overflow-hidden shadow-lg"
          >
            <img
              alt="Avatar medium"
              data-nimg="1"
              decoding="async"
              fetchpriority="high"
              height="74"
              src="/_next/image?url=%2Fimages%2Favatar%2Favatar-lg.webp&w=256&q=75"
              srcset="/_next/image?url=%2Fimages%2Favatar%2Favatar-lg.webp&w=96&q=75 1x, /_next/image?url=%2Fimages%2Favatar%2Favatar-lg.webp&w=256&q=75 2x"
              style="color: transparent;"
              width="74"
            />
          </div>
        </div>
        <div
          class="md:ml-6"
          data-testid="profile-info-lg"
        >
          <p
            class="text-tremor-title text-tremor-content-emphasis dark:text-dark-tremor-content-emphasis font-semibold text-xl"
          >
            Richard Davis
          </p>
          <p
            class="text-tremor-default text-tremor-content dark:text-dark-tremor-content"
          >
            CEO / Co-Founder
          </p>
        </div>
      </div>
    </div>
  </div>,
  "debug": [Function],
  "findAllByAltText": [Function],
  "findAllByDisplayValue": [Function],
  "findAllByLabelText": [Function],
  "findAllByPlaceholderText": [Function],
  "findAllByRole": [Function],
  "findAllByTestId": [Function],
  "findAllByText": [Function],
  "findAllByTitle": [Function],
  "findByAltText": [Function],
  "findByDisplayValue": [Function],
  "findByLabelText": [Function],
  "findByPlaceholderText": [Function],
  "findByRole": [Function],
  "findByTestId": [Function],
  "findByText": [Function],
  "findByTitle": [Function],
  "getAllByAltText": [Function],
  "getAllByDisplayValue": [Function],
  "getAllByLabelText": [Function],
  "getAllByPlaceholderText": [Function],
  "getAllByRole": [Function],
  "getAllByTestId": [Function],
  "getAllByText": [Function],
  "getAllByTitle": [Function],
  "getByAltText": [Function],
  "getByDisplayValue": [Function],
  "getByLabelText": [Function],
  "getByPlaceholderText": [Function],
  "getByRole": [Function],
  "getByTestId": [Function],
  "getByText": [Function],
  "getByTitle": [Function],
  "queryAllByAltText": [Function],
  "queryAllByDisplayValue": [Function],
  "queryAllByLabelText": [Function],
  "queryAllByPlaceholderText": [Function],
  "queryAllByRole": [Function],
  "queryAllByTestId": [Function],
  "queryAllByText": [Function],
  "queryAllByTitle": [Function],
  "queryByAltText": [Function],
  "queryByDisplayValue": [Function],
  "queryByLabelText": [Function],
  "queryByPlaceholderText": [Function],
  "queryByRole": [Function],
  "queryByTestId": [Function],
  "queryByText": [Function],
  "queryByTitle": [Function],
  "rerender": [Function],
  "unmount": [Function],
}
`;
