// Jest Snapshot v1, https://goo.gl/fbAQLP

exports[`Testing Popover component Should match snapshot 1`] = `
{
  "asFragment": [Function],
  "baseElement": <body>
    <div>
      <div
        class="w-fit h-fit relative flex justify-center"
      >
        <p
          class="text-tremor-default text-tremor-content dark:text-dark-tremor-content"
        >
          Hover to show content popover
        </p>
        <div
          class="min-w-[200px] h-fit absolute bottom-[100%] right-0 shadow-md z-50 text-secondary bg-white rounded transition-all "
          hidden=""
        >
          <div
            class="text-sm font-light rounded p-2"
          >
            Content popover
          </div>
        </div>
      </div>
    </div>
  </body>,
  "container": <div>
    <div
      class="w-fit h-fit relative flex justify-center"
    >
      <p
        class="text-tremor-default text-tremor-content dark:text-dark-tremor-content"
      >
        Hover to show content popover
      </p>
      <div
        class="min-w-[200px] h-fit absolute bottom-[100%] right-0 shadow-md z-50 text-secondary bg-white rounded transition-all "
        hidden=""
      >
        <div
          class="text-sm font-light rounded p-2"
        >
          Content popover
        </div>
      </div>
    </div>
  </div>,
  "debug": [Function],
  "findAllByAltText": [Function],
  "findAllByDisplayValue": [Function],
  "findAllByLabelText": [Function],
  "findAllByPlaceholderText": [Function],
  "findAllByRole": [Function],
  "findAllByTestId": [Function],
  "findAllByText": [Function],
  "findAllByTitle": [Function],
  "findByAltText": [Function],
  "findByDisplayValue": [Function],
  "findByLabelText": [Function],
  "findByPlaceholderText": [Function],
  "findByRole": [Function],
  "findByTestId": [Function],
  "findByText": [Function],
  "findByTitle": [Function],
  "getAllByAltText": [Function],
  "getAllByDisplayValue": [Function],
  "getAllByLabelText": [Function],
  "getAllByPlaceholderText": [Function],
  "getAllByRole": [Function],
  "getAllByTestId": [Function],
  "getAllByText": [Function],
  "getAllByTitle": [Function],
  "getByAltText": [Function],
  "getByDisplayValue": [Function],
  "getByLabelText": [Function],
  "getByPlaceholderText": [Function],
  "getByRole": [Function],
  "getByTestId": [Function],
  "getByText": [Function],
  "getByTitle": [Function],
  "queryAllByAltText": [Function],
  "queryAllByDisplayValue": [Function],
  "queryAllByLabelText": [Function],
  "queryAllByPlaceholderText": [Function],
  "queryAllByRole": [Function],
  "queryAllByTestId": [Function],
  "queryAllByText": [Function],
  "queryAllByTitle": [Function],
  "queryByAltText": [Function],
  "queryByDisplayValue": [Function],
  "queryByLabelText": [Function],
  "queryByPlaceholderText": [Function],
  "queryByRole": [Function],
  "queryByTestId": [Function],
  "queryByText": [Function],
  "queryByTitle": [Function],
  "rerender": [Function],
  "unmount": [Function],
}
`;
