// Jest Snapshot v1, https://goo.gl/fbAQLP

exports[`Payment Details Components Testing Should match snapshot 1`] = `
{
  "asFragment": [Function],
  "baseElement": <body>
    <div>
      <div>
        <h6
          class="text-tremor-content-title dark:text-dark-primary font-bold"
        >
          Payment Details
        </h6>
        <div
          class="tremor-Flex-root flex w-full flex-row justify-between items-center p-6 mt-4 border-[#dee2e6] rounded-lg border"
        >
          <div
            class="tremor-Flex-root flex w-full flex-row justify-start items-center"
          >
            <img
              alt="master card icon"
              class="mr-4"
              data-nimg="1"
              decoding="async"
              height="28"
              loading="lazy"
              src="/_next/image?url=%2Fassets%2Fimages%2Fmastercard.webp&w=96&q=75"
              srcset="/_next/image?url=%2Fassets%2Fimages%2Fmastercard.webp&w=48&q=75 1x, /_next/image?url=%2Fassets%2Fimages%2Fmastercard.webp&w=96&q=75 2x"
              style="color: transparent;"
              width="38"
            />
            <h6
              class="text-tremor-content-title dark:text-dark-primary font-bold"
            >
              **** **** **** 7852
            </h6>
          </div>
          <div
            class="group"
          >
            <span
              class="invisible absolute rounded-md bg-black text-white group-hover:visible p-2 text-xs -translate-x-1/2 translate-y-10 w-42"
            >
              We do not store card details
            </span>
            <button
              class="w-6 h-6 text-dark-tremor-content-slate bg-transparent border border-dark-tremor-content-slate rounded-full outline outline-2 outline-transparent focus:outline-dark-tremor-content"
            >
              !
            </button>
          </div>
        </div>
      </div>
    </div>
  </body>,
  "container": <div>
    <div>
      <h6
        class="text-tremor-content-title dark:text-dark-primary font-bold"
      >
        Payment Details
      </h6>
      <div
        class="tremor-Flex-root flex w-full flex-row justify-between items-center p-6 mt-4 border-[#dee2e6] rounded-lg border"
      >
        <div
          class="tremor-Flex-root flex w-full flex-row justify-start items-center"
        >
          <img
            alt="master card icon"
            class="mr-4"
            data-nimg="1"
            decoding="async"
            height="28"
            loading="lazy"
            src="/_next/image?url=%2Fassets%2Fimages%2Fmastercard.webp&w=96&q=75"
            srcset="/_next/image?url=%2Fassets%2Fimages%2Fmastercard.webp&w=48&q=75 1x, /_next/image?url=%2Fassets%2Fimages%2Fmastercard.webp&w=96&q=75 2x"
            style="color: transparent;"
            width="38"
          />
          <h6
            class="text-tremor-content-title dark:text-dark-primary font-bold"
          >
            **** **** **** 7852
          </h6>
        </div>
        <div
          class="group"
        >
          <span
            class="invisible absolute rounded-md bg-black text-white group-hover:visible p-2 text-xs -translate-x-1/2 translate-y-10 w-42"
          >
            We do not store card details
          </span>
          <button
            class="w-6 h-6 text-dark-tremor-content-slate bg-transparent border border-dark-tremor-content-slate rounded-full outline outline-2 outline-transparent focus:outline-dark-tremor-content"
          >
            !
          </button>
        </div>
      </div>
    </div>
  </div>,
  "debug": [Function],
  "findAllByAltText": [Function],
  "findAllByDisplayValue": [Function],
  "findAllByLabelText": [Function],
  "findAllByPlaceholderText": [Function],
  "findAllByRole": [Function],
  "findAllByTestId": [Function],
  "findAllByText": [Function],
  "findAllByTitle": [Function],
  "findByAltText": [Function],
  "findByDisplayValue": [Function],
  "findByLabelText": [Function],
  "findByPlaceholderText": [Function],
  "findByRole": [Function],
  "findByTestId": [Function],
  "findByText": [Function],
  "findByTitle": [Function],
  "getAllByAltText": [Function],
  "getAllByDisplayValue": [Function],
  "getAllByLabelText": [Function],
  "getAllByPlaceholderText": [Function],
  "getAllByRole": [Function],
  "getAllByTestId": [Function],
  "getAllByText": [Function],
  "getAllByTitle": [Function],
  "getByAltText": [Function],
  "getByDisplayValue": [Function],
  "getByLabelText": [Function],
  "getByPlaceholderText": [Function],
  "getByRole": [Function],
  "getByTestId": [Function],
  "getByText": [Function],
  "getByTitle": [Function],
  "queryAllByAltText": [Function],
  "queryAllByDisplayValue": [Function],
  "queryAllByLabelText": [Function],
  "queryAllByPlaceholderText": [Function],
  "queryAllByRole": [Function],
  "queryAllByTestId": [Function],
  "queryAllByText": [Function],
  "queryAllByTitle": [Function],
  "queryByAltText": [Function],
  "queryByDisplayValue": [Function],
  "queryByLabelText": [Function],
  "queryByPlaceholderText": [Function],
  "queryByRole": [Function],
  "queryByTestId": [Function],
  "queryByText": [Function],
  "queryByTitle": [Function],
  "rerender": [Function],
  "unmount": [Function],
}
`;
