// Jest Snapshot v1, https://goo.gl/fbAQLP

exports[`SalesByAge components Should match snapshot 1`] = `
{
  "asFragment": [Function],
  "baseElement": <body>
    <span
      aria-hidden="true"
      id="recharts_measurement_span"
      style="position: absolute; top: -20000px; left: 0px; padding: 0px; margin: 0px; white-space: pre;"
    >
      36-40
    </span>
    <div>
      <div
        class="tremor-Card-root relative w-full text-left rounded-tremor-default bg-tremor-background ring-tremor-ring shadow-tremor-card dark:ring-dark-tremor-ring dark:shadow-dark-tremor-card border-tremor-brand dark:border-dark-tremor-brand p-6 dark:bg-dark-tremor-primary ring-0"
      >
        <p
          class="font-medium text-tremor-title text-tremor-content-emphasis dark:text-dark-tremor-content-emphasis"
        >
          Sales by Age
        </p>
        <div
          class="h-80 mt-6 w-full"
        >
          <div>
            <div
              class="recharts-wrapper"
              role="region"
              style="position: relative; cursor: default; width: 100px; height: 100px;"
            >
              <svg
                class="recharts-surface"
                height="100"
                style="width: 100%; height: 100%;"
                viewBox="0 0 100 100"
                width="100"
              >
                <title />
                <desc />
                <defs>
                  <clippath
                    id="recharts4-clip"
                  >
                    <rect
                      height="60"
                      width="50"
                      x="45"
                      y="5"
                    />
                  </clippath>
                </defs>
                <g
                  class="recharts-layer recharts-cartesian-axis recharts-xAxis xAxis text-tremor-label fill-tremor-content dark:fill-dark-tremor-content"
                >
                  <g
                    class="recharts-cartesian-axis-ticks"
                  >
                    <g
                      class="recharts-layer recharts-cartesian-axis-tick"
                    >
                      <text
                        class="recharts-text recharts-cartesian-axis-tick-value"
                        fill=""
                        height="30"
                        orientation="bottom"
                        stroke="none"
                        text-anchor="middle"
                        transform="translate(-3, 0)"
                        width="50"
                        x="45"
                        y="73"
                      >
                        <tspan
                          dy="0.71em"
                          x="45"
                        >
                          0
                        </tspan>
                      </text>
                    </g>
                    <g
                      class="recharts-layer recharts-cartesian-axis-tick"
                    >
                      <text
                        class="recharts-text recharts-cartesian-axis-tick-value"
                        fill=""
                        height="30"
                        orientation="bottom"
                        stroke="none"
                        text-anchor="middle"
                        transform="translate(-3, 0)"
                        width="50"
                        x="57.5"
                        y="73"
                      >
                        <tspan
                          dy="0.71em"
                          x="57.5"
                        >
                          15
                        </tspan>
                      </text>
                    </g>
                    <g
                      class="recharts-layer recharts-cartesian-axis-tick"
                    >
                      <text
                        class="recharts-text recharts-cartesian-axis-tick-value"
                        fill=""
                        height="30"
                        orientation="bottom"
                        stroke="none"
                        text-anchor="middle"
                        transform="translate(-3, 0)"
                        width="50"
                        x="70"
                        y="73"
                      >
                        <tspan
                          dy="0.71em"
                          x="70"
                        >
                          30
                        </tspan>
                      </text>
                    </g>
                    <g
                      class="recharts-layer recharts-cartesian-axis-tick"
                    >
                      <text
                        class="recharts-text recharts-cartesian-axis-tick-value"
                        fill=""
                        height="30"
                        orientation="bottom"
                        stroke="none"
                        text-anchor="middle"
                        transform="translate(-3, 0)"
                        width="50"
                        x="82.5"
                        y="73"
                      >
                        <tspan
                          dy="0.71em"
                          x="82.5"
                        >
                          45
                        </tspan>
                      </text>
                    </g>
                    <g
                      class="recharts-layer recharts-cartesian-axis-tick"
                    >
                      <text
                        class="recharts-text recharts-cartesian-axis-tick-value"
                        fill=""
                        height="30"
                        orientation="bottom"
                        stroke="none"
                        text-anchor="middle"
                        transform="translate(-3, 0)"
                        width="50"
                        x="95"
                        y="73"
                      >
                        <tspan
                          dy="0.71em"
                          x="95"
                        >
                          60
                        </tspan>
                      </text>
                    </g>
                  </g>
                </g>
                <g
                  class="recharts-layer recharts-cartesian-axis recharts-yAxis yAxis text-tremor-label fill-tremor-content dark:fill-dark-tremor-content"
                >
                  <g
                    class="recharts-cartesian-axis-ticks"
                  >
                    <g
                      class="recharts-layer recharts-cartesian-axis-tick"
                    >
                      <text
                        class="recharts-text recharts-cartesian-axis-tick-value"
                        fill=""
                        height="60"
                        orientation="left"
                        stroke="none"
                        text-anchor="end"
                        transform="translate(0, 6)"
                        width="40"
                        x="37"
                        y="11"
                      >
                        <tspan
                          dy="0.355em"
                          x="37"
                        >
                          16-20
                        </tspan>
                      </text>
                    </g>
                    <g
                      class="recharts-layer recharts-cartesian-axis-tick"
                    >
                      <text
                        class="recharts-text recharts-cartesian-axis-tick-value"
                        fill=""
                        height="60"
                        orientation="left"
                        stroke="none"
                        text-anchor="end"
                        transform="translate(0, 6)"
                        width="40"
                        x="37"
                        y="23"
                      >
                        <tspan
                          dy="0.355em"
                          x="37"
                        >
                          21-25
                        </tspan>
                      </text>
                    </g>
                    <g
                      class="recharts-layer recharts-cartesian-axis-tick"
                    >
                      <text
                        class="recharts-text recharts-cartesian-axis-tick-value"
                        fill=""
                        height="60"
                        orientation="left"
                        stroke="none"
                        text-anchor="end"
                        transform="translate(0, 6)"
                        width="40"
                        x="37"
                        y="35"
                      >
                        <tspan
                          dy="0.355em"
                          x="37"
                        >
                          26-30
                        </tspan>
                      </text>
                    </g>
                    <g
                      class="recharts-layer recharts-cartesian-axis-tick"
                    >
                      <text
                        class="recharts-text recharts-cartesian-axis-tick-value"
                        fill=""
                        height="60"
                        orientation="left"
                        stroke="none"
                        text-anchor="end"
                        transform="translate(0, 6)"
                        width="40"
                        x="37"
                        y="47"
                      >
                        <tspan
                          dy="0.355em"
                          x="37"
                        >
                          36-40
                        </tspan>
                      </text>
                    </g>
                    <g
                      class="recharts-layer recharts-cartesian-axis-tick"
                    >
                      <text
                        class="recharts-text recharts-cartesian-axis-tick-value"
                        fill=""
                        height="60"
                        orientation="left"
                        stroke="none"
                        text-anchor="end"
                        transform="translate(0, 6)"
                        width="40"
                        x="37"
                        y="59"
                      >
                        <tspan
                          dy="0.355em"
                          x="37"
                        >
                          40+
                        </tspan>
                      </text>
                    </g>
                  </g>
                </g>
                <g
                  class="recharts-layer recharts-bar fill-slate-500"
                >
                  <g
                    class="recharts-layer recharts-bar-rectangles"
                  >
                    <g
                      class="recharts-layer recharts-bar-rectangle"
                    >
                      <rect
                        height="9"
                        width="28.33333333333333"
                        x="45"
                        y="6.2"
                      />
                    </g>
                    <g
                      class="recharts-layer recharts-bar-rectangle"
                    >
                      <rect
                        height="9"
                        width="19.16666666666667"
                        x="45"
                        y="18.2"
                      />
                    </g>
                    <g
                      class="recharts-layer recharts-bar-rectangle"
                    >
                      <rect
                        height="9"
                        width="37.5"
                        x="45"
                        y="30.2"
                      />
                    </g>
                    <g
                      class="recharts-layer recharts-bar-rectangle"
                    >
                      <rect
                        height="9"
                        width="44.16666666666666"
                        x="45"
                        y="42.2"
                      />
                    </g>
                    <g
                      class="recharts-layer recharts-bar-rectangle"
                    >
                      <rect
                        height="9"
                        width="21.66666666666667"
                        x="45"
                        y="54.2"
                      />
                    </g>
                  </g>
                  <g
                    class="recharts-layer"
                  />
                </g>
              </svg>
              <div
                class="recharts-tooltip-wrapper"
                role="dialog"
                style="visibility: hidden; pointer-events: none; position: absolute; top: 0px; left: 0px; outline: none;"
                tabindex="-1"
              />
            </div>
          </div>
        </div>
      </div>
    </div>
  </body>,
  "container": <div>
    <div
      class="tremor-Card-root relative w-full text-left rounded-tremor-default bg-tremor-background ring-tremor-ring shadow-tremor-card dark:ring-dark-tremor-ring dark:shadow-dark-tremor-card border-tremor-brand dark:border-dark-tremor-brand p-6 dark:bg-dark-tremor-primary ring-0"
    >
      <p
        class="font-medium text-tremor-title text-tremor-content-emphasis dark:text-dark-tremor-content-emphasis"
      >
        Sales by Age
      </p>
      <div
        class="h-80 mt-6 w-full"
      >
        <div>
          <div
            class="recharts-wrapper"
            role="region"
            style="position: relative; cursor: default; width: 100px; height: 100px;"
          >
            <svg
              class="recharts-surface"
              height="100"
              style="width: 100%; height: 100%;"
              viewBox="0 0 100 100"
              width="100"
            >
              <title />
              <desc />
              <defs>
                <clippath
                  id="recharts4-clip"
                >
                  <rect
                    height="60"
                    width="50"
                    x="45"
                    y="5"
                  />
                </clippath>
              </defs>
              <g
                class="recharts-layer recharts-cartesian-axis recharts-xAxis xAxis text-tremor-label fill-tremor-content dark:fill-dark-tremor-content"
              >
                <g
                  class="recharts-cartesian-axis-ticks"
                >
                  <g
                    class="recharts-layer recharts-cartesian-axis-tick"
                  >
                    <text
                      class="recharts-text recharts-cartesian-axis-tick-value"
                      fill=""
                      height="30"
                      orientation="bottom"
                      stroke="none"
                      text-anchor="middle"
                      transform="translate(-3, 0)"
                      width="50"
                      x="45"
                      y="73"
                    >
                      <tspan
                        dy="0.71em"
                        x="45"
                      >
                        0
                      </tspan>
                    </text>
                  </g>
                  <g
                    class="recharts-layer recharts-cartesian-axis-tick"
                  >
                    <text
                      class="recharts-text recharts-cartesian-axis-tick-value"
                      fill=""
                      height="30"
                      orientation="bottom"
                      stroke="none"
                      text-anchor="middle"
                      transform="translate(-3, 0)"
                      width="50"
                      x="57.5"
                      y="73"
                    >
                      <tspan
                        dy="0.71em"
                        x="57.5"
                      >
                        15
                      </tspan>
                    </text>
                  </g>
                  <g
                    class="recharts-layer recharts-cartesian-axis-tick"
                  >
                    <text
                      class="recharts-text recharts-cartesian-axis-tick-value"
                      fill=""
                      height="30"
                      orientation="bottom"
                      stroke="none"
                      text-anchor="middle"
                      transform="translate(-3, 0)"
                      width="50"
                      x="70"
                      y="73"
                    >
                      <tspan
                        dy="0.71em"
                        x="70"
                      >
                        30
                      </tspan>
                    </text>
                  </g>
                  <g
                    class="recharts-layer recharts-cartesian-axis-tick"
                  >
                    <text
                      class="recharts-text recharts-cartesian-axis-tick-value"
                      fill=""
                      height="30"
                      orientation="bottom"
                      stroke="none"
                      text-anchor="middle"
                      transform="translate(-3, 0)"
                      width="50"
                      x="82.5"
                      y="73"
                    >
                      <tspan
                        dy="0.71em"
                        x="82.5"
                      >
                        45
                      </tspan>
                    </text>
                  </g>
                  <g
                    class="recharts-layer recharts-cartesian-axis-tick"
                  >
                    <text
                      class="recharts-text recharts-cartesian-axis-tick-value"
                      fill=""
                      height="30"
                      orientation="bottom"
                      stroke="none"
                      text-anchor="middle"
                      transform="translate(-3, 0)"
                      width="50"
                      x="95"
                      y="73"
                    >
                      <tspan
                        dy="0.71em"
                        x="95"
                      >
                        60
                      </tspan>
                    </text>
                  </g>
                </g>
              </g>
              <g
                class="recharts-layer recharts-cartesian-axis recharts-yAxis yAxis text-tremor-label fill-tremor-content dark:fill-dark-tremor-content"
              >
                <g
                  class="recharts-cartesian-axis-ticks"
                >
                  <g
                    class="recharts-layer recharts-cartesian-axis-tick"
                  >
                    <text
                      class="recharts-text recharts-cartesian-axis-tick-value"
                      fill=""
                      height="60"
                      orientation="left"
                      stroke="none"
                      text-anchor="end"
                      transform="translate(0, 6)"
                      width="40"
                      x="37"
                      y="11"
                    >
                      <tspan
                        dy="0.355em"
                        x="37"
                      >
                        16-20
                      </tspan>
                    </text>
                  </g>
                  <g
                    class="recharts-layer recharts-cartesian-axis-tick"
                  >
                    <text
                      class="recharts-text recharts-cartesian-axis-tick-value"
                      fill=""
                      height="60"
                      orientation="left"
                      stroke="none"
                      text-anchor="end"
                      transform="translate(0, 6)"
                      width="40"
                      x="37"
                      y="23"
                    >
                      <tspan
                        dy="0.355em"
                        x="37"
                      >
                        21-25
                      </tspan>
                    </text>
                  </g>
                  <g
                    class="recharts-layer recharts-cartesian-axis-tick"
                  >
                    <text
                      class="recharts-text recharts-cartesian-axis-tick-value"
                      fill=""
                      height="60"
                      orientation="left"
                      stroke="none"
                      text-anchor="end"
                      transform="translate(0, 6)"
                      width="40"
                      x="37"
                      y="35"
                    >
                      <tspan
                        dy="0.355em"
                        x="37"
                      >
                        26-30
                      </tspan>
                    </text>
                  </g>
                  <g
                    class="recharts-layer recharts-cartesian-axis-tick"
                  >
                    <text
                      class="recharts-text recharts-cartesian-axis-tick-value"
                      fill=""
                      height="60"
                      orientation="left"
                      stroke="none"
                      text-anchor="end"
                      transform="translate(0, 6)"
                      width="40"
                      x="37"
                      y="47"
                    >
                      <tspan
                        dy="0.355em"
                        x="37"
                      >
                        36-40
                      </tspan>
                    </text>
                  </g>
                  <g
                    class="recharts-layer recharts-cartesian-axis-tick"
                  >
                    <text
                      class="recharts-text recharts-cartesian-axis-tick-value"
                      fill=""
                      height="60"
                      orientation="left"
                      stroke="none"
                      text-anchor="end"
                      transform="translate(0, 6)"
                      width="40"
                      x="37"
                      y="59"
                    >
                      <tspan
                        dy="0.355em"
                        x="37"
                      >
                        40+
                      </tspan>
                    </text>
                  </g>
                </g>
              </g>
              <g
                class="recharts-layer recharts-bar fill-slate-500"
              >
                <g
                  class="recharts-layer recharts-bar-rectangles"
                >
                  <g
                    class="recharts-layer recharts-bar-rectangle"
                  >
                    <rect
                      height="9"
                      width="28.33333333333333"
                      x="45"
                      y="6.2"
                    />
                  </g>
                  <g
                    class="recharts-layer recharts-bar-rectangle"
                  >
                    <rect
                      height="9"
                      width="19.16666666666667"
                      x="45"
                      y="18.2"
                    />
                  </g>
                  <g
                    class="recharts-layer recharts-bar-rectangle"
                  >
                    <rect
                      height="9"
                      width="37.5"
                      x="45"
                      y="30.2"
                    />
                  </g>
                  <g
                    class="recharts-layer recharts-bar-rectangle"
                  >
                    <rect
                      height="9"
                      width="44.16666666666666"
                      x="45"
                      y="42.2"
                    />
                  </g>
                  <g
                    class="recharts-layer recharts-bar-rectangle"
                  >
                    <rect
                      height="9"
                      width="21.66666666666667"
                      x="45"
                      y="54.2"
                    />
                  </g>
                </g>
                <g
                  class="recharts-layer"
                />
              </g>
            </svg>
            <div
              class="recharts-tooltip-wrapper"
              role="dialog"
              style="visibility: hidden; pointer-events: none; position: absolute; top: 0px; left: 0px; outline: none;"
              tabindex="-1"
            />
          </div>
        </div>
      </div>
    </div>
  </div>,
  "debug": [Function],
  "findAllByAltText": [Function],
  "findAllByDisplayValue": [Function],
  "findAllByLabelText": [Function],
  "findAllByPlaceholderText": [Function],
  "findAllByRole": [Function],
  "findAllByTestId": [Function],
  "findAllByText": [Function],
  "findAllByTitle": [Function],
  "findByAltText": [Function],
  "findByDisplayValue": [Function],
  "findByLabelText": [Function],
  "findByPlaceholderText": [Function],
  "findByRole": [Function],
  "findByTestId": [Function],
  "findByText": [Function],
  "findByTitle": [Function],
  "getAllByAltText": [Function],
  "getAllByDisplayValue": [Function],
  "getAllByLabelText": [Function],
  "getAllByPlaceholderText": [Function],
  "getAllByRole": [Function],
  "getAllByTestId": [Function],
  "getAllByText": [Function],
  "getAllByTitle": [Function],
  "getByAltText": [Function],
  "getByDisplayValue": [Function],
  "getByLabelText": [Function],
  "getByPlaceholderText": [Function],
  "getByRole": [Function],
  "getByTestId": [Function],
  "getByText": [Function],
  "getByTitle": [Function],
  "queryAllByAltText": [Function],
  "queryAllByDisplayValue": [Function],
  "queryAllByLabelText": [Function],
  "queryAllByPlaceholderText": [Function],
  "queryAllByRole": [Function],
  "queryAllByTestId": [Function],
  "queryAllByText": [Function],
  "queryAllByTitle": [Function],
  "queryByAltText": [Function],
  "queryByDisplayValue": [Function],
  "queryByLabelText": [Function],
  "queryByPlaceholderText": [Function],
  "queryByRole": [Function],
  "queryByTestId": [Function],
  "queryByText": [Function],
  "queryByTitle": [Function],
  "rerender": [Function],
  "unmount": [Function],
}
`;
