// Jest Snapshot v1, https://goo.gl/fbAQLP

exports[`Invoices Testing should match snapshot 1`] = `
<div>
  <div
    class="p-6 bg-white dark:bg-[#202940] rounded-lg shadow-md"
  >
    <div
      class="text-[#344767] dark:text-white flex justify-between items-center"
    >
      <h3
        class="font-semibold"
      >
        Invoices
      </h3>
      <button
        class="text-xs font-semibold px-[18px] py-[6px] border border-[#344767] dark:border-white rounded-md"
      >
        VIEW ALL
      </button>
    </div>
    <ul
      class="flex flex-col gap-2 mt-6"
    >
      <li
        class="w-full flex justify-between p-2"
      >
        <div>
          <p
            class="text-sm font-semibold text-[#344767] dark:text-white"
          >
            March, 21, 2021
          </p>
          <p
            class="text-xs mt-1 text-[#7b809a]"
          >
            #
            MS-123456
          </p>
        </div>
        <div
          class="flex gap-6 items-center"
        >
          <p
            class="text-sm text-[#7b809a]"
          >
            $
            180
          </p>
          <button
            class="flex gap-1 items-center text-[#344767] dark:text-white font-semibold"
          >
            <svg
              fill="currentColor"
              height="1em"
              stroke="currentColor"
              stroke-width="0"
              viewBox="0 0 24 24"
              width="1em"
              xmlns="http://www.w3.org/2000/svg"
            >
              <path
                d="M0 0h24v24H0z"
                fill="none"
              />
              <path
                d="M20 2H8c-1.1 0-2 .9-2 2v12c0 1.1.9 2 2 2h12c1.1 0 2-.9 2-2V4c0-1.1-.9-2-2-2zm-8.5 7.5c0 .83-.67 1.5-1.5 1.5H9v2H7.5V7H10c.83 0 1.5.67 1.5 1.5v1zm5 2c0 .83-.67 1.5-1.5 1.5h-2.5V7H15c.83 0 1.5.67 1.5 1.5v3zm4-3H19v1h1.5V11H19v2h-1.5V7h3v1.5zM9 9.5h1v-1H9v1zM4 6H2v14c0 1.1.9 2 2 2h14v-2H4V6zm10 5.5h1v-3h-1v3z"
              />
            </svg>
            PDF
          </button>
        </div>
      </li>
      <li
        class="w-full flex justify-between p-2"
      >
        <div>
          <p
            class="text-sm font-semibold text-[#344767] dark:text-white"
          >
            Apr, 22, 2022
          </p>
          <p
            class="text-xs mt-1 text-[#7b809a]"
          >
            #
            MS-123457
          </p>
        </div>
        <div
          class="flex gap-6 items-center"
        >
          <p
            class="text-sm text-[#7b809a]"
          >
            $
            180
          </p>
          <button
            class="flex gap-1 items-center text-[#344767] dark:text-white font-semibold"
          >
            <svg
              fill="currentColor"
              height="1em"
              stroke="currentColor"
              stroke-width="0"
              viewBox="0 0 24 24"
              width="1em"
              xmlns="http://www.w3.org/2000/svg"
            >
              <path
                d="M0 0h24v24H0z"
                fill="none"
              />
              <path
                d="M20 2H8c-1.1 0-2 .9-2 2v12c0 1.1.9 2 2 2h12c1.1 0 2-.9 2-2V4c0-1.1-.9-2-2-2zm-8.5 7.5c0 .83-.67 1.5-1.5 1.5H9v2H7.5V7H10c.83 0 1.5.67 1.5 1.5v1zm5 2c0 .83-.67 1.5-1.5 1.5h-2.5V7H15c.83 0 1.5.67 1.5 1.5v3zm4-3H19v1h1.5V11H19v2h-1.5V7h3v1.5zM9 9.5h1v-1H9v1zM4 6H2v14c0 1.1.9 2 2 2h14v-2H4V6zm10 5.5h1v-3h-1v3z"
              />
            </svg>
            PDF
          </button>
        </div>
      </li>
      <li
        class="w-full flex justify-between p-2"
      >
        <div>
          <p
            class="text-sm font-semibold text-[#344767] dark:text-white"
          >
            May, 23, 2023
          </p>
          <p
            class="text-xs mt-1 text-[#7b809a]"
          >
            #
            MS-999999
          </p>
        </div>
        <div
          class="flex gap-6 items-center"
        >
          <p
            class="text-sm text-[#7b809a]"
          >
            $
            180
          </p>
          <button
            class="flex gap-1 items-center text-[#344767] dark:text-white font-semibold"
          >
            <svg
              fill="currentColor"
              height="1em"
              stroke="currentColor"
              stroke-width="0"
              viewBox="0 0 24 24"
              width="1em"
              xmlns="http://www.w3.org/2000/svg"
            >
              <path
                d="M0 0h24v24H0z"
                fill="none"
              />
              <path
                d="M20 2H8c-1.1 0-2 .9-2 2v12c0 1.1.9 2 2 2h12c1.1 0 2-.9 2-2V4c0-1.1-.9-2-2-2zm-8.5 7.5c0 .83-.67 1.5-1.5 1.5H9v2H7.5V7H10c.83 0 1.5.67 1.5 1.5v1zm5 2c0 .83-.67 1.5-1.5 1.5h-2.5V7H15c.83 0 1.5.67 1.5 1.5v3zm4-3H19v1h1.5V11H19v2h-1.5V7h3v1.5zM9 9.5h1v-1H9v1zM4 6H2v14c0 1.1.9 2 2 2h14v-2H4V6zm10 5.5h1v-3h-1v3z"
              />
            </svg>
            PDF
          </button>
        </div>
      </li>
      <li
        class="w-full flex justify-between p-2"
      >
        <div>
          <p
            class="text-sm font-semibold text-[#344767] dark:text-white"
          >
            Jun, 24, 2024
          </p>
          <p
            class="text-xs mt-1 text-[#7b809a]"
          >
            #
            MS-888888
          </p>
        </div>
        <div
          class="flex gap-6 items-center"
        >
          <p
            class="text-sm text-[#7b809a]"
          >
            $
            180
          </p>
          <button
            class="flex gap-1 items-center text-[#344767] dark:text-white font-semibold"
          >
            <svg
              fill="currentColor"
              height="1em"
              stroke="currentColor"
              stroke-width="0"
              viewBox="0 0 24 24"
              width="1em"
              xmlns="http://www.w3.org/2000/svg"
            >
              <path
                d="M0 0h24v24H0z"
                fill="none"
              />
              <path
                d="M20 2H8c-1.1 0-2 .9-2 2v12c0 1.1.9 2 2 2h12c1.1 0 2-.9 2-2V4c0-1.1-.9-2-2-2zm-8.5 7.5c0 .83-.67 1.5-1.5 1.5H9v2H7.5V7H10c.83 0 1.5.67 1.5 1.5v1zm5 2c0 .83-.67 1.5-1.5 1.5h-2.5V7H15c.83 0 1.5.67 1.5 1.5v3zm4-3H19v1h1.5V11H19v2h-1.5V7h3v1.5zM9 9.5h1v-1H9v1zM4 6H2v14c0 1.1.9 2 2 2h14v-2H4V6zm10 5.5h1v-3h-1v3z"
              />
            </svg>
            PDF
          </button>
        </div>
      </li>
      <li
        class="w-full flex justify-between p-2"
      >
        <div>
          <p
            class="text-sm font-semibold text-[#344767] dark:text-white"
          >
            Jul, 25, 2025
          </p>
          <p
            class="text-xs mt-1 text-[#7b809a]"
          >
            #
            MS-476543
          </p>
        </div>
        <div
          class="flex gap-6 items-center"
        >
          <p
            class="text-sm text-[#7b809a]"
          >
            $
            180
          </p>
          <button
            class="flex gap-1 items-center text-[#344767] dark:text-white font-semibold"
          >
            <svg
              fill="currentColor"
              height="1em"
              stroke="currentColor"
              stroke-width="0"
              viewBox="0 0 24 24"
              width="1em"
              xmlns="http://www.w3.org/2000/svg"
            >
              <path
                d="M0 0h24v24H0z"
                fill="none"
              />
              <path
                d="M20 2H8c-1.1 0-2 .9-2 2v12c0 1.1.9 2 2 2h12c1.1 0 2-.9 2-2V4c0-1.1-.9-2-2-2zm-8.5 7.5c0 .83-.67 1.5-1.5 1.5H9v2H7.5V7H10c.83 0 1.5.67 1.5 1.5v1zm5 2c0 .83-.67 1.5-1.5 1.5h-2.5V7H15c.83 0 1.5.67 1.5 1.5v3zm4-3H19v1h1.5V11H19v2h-1.5V7h3v1.5zM9 9.5h1v-1H9v1zM4 6H2v14c0 1.1.9 2 2 2h14v-2H4V6zm10 5.5h1v-3h-1v3z"
              />
            </svg>
            PDF
          </button>
        </div>
      </li>
    </ul>
  </div>
</div>
`;
