// Jest Snapshot v1, https://goo.gl/fbAQLP

exports[`Testing ProductInfo component should match snapshot 1`] = `
{
  "asFragment": [Function],
  "baseElement": <body>
    <div>
      <div
        class="tremor-Card-root relative text-left rounded-tremor-default bg-tremor-background ring-tremor-ring shadow-tremor-card dark:ring-dark-tremor-ring dark:shadow-dark-tremor-card border-tremor-brand dark:border-dark-tremor-brand p-6 w-full dark:bg-dark-tremor-primary rounded-lg shadow-box-icon-default ring-0"
      >
        <p
          class="text-tremor-default text-primary dark:text-white font-bold text-xl mb-8"
        >
          Product Information
        </p>
        <div
          class="tremor-Flex-root flex w-full flex-col justify-between md:flex-row items-start gap-6"
        >
          <div
            class="tremor-Flex-root flex w-full flex-col justify-between items-center gap-4"
          >
            <div
              class="w-full mb-4"
            >
              <div
                class="w-full"
              >
                <label
                  class="text-secondary text-sm dark:text-lighter"
                  for="edit-name"
                >
                  Name
                </label>
                <input
                  class="block py-2.5 px-0 w-full text-sm text-primary bg-transparent border-0 border-b-2 border-gray-300 appearance-none dark:text-white dark:border-gray-600 dark:focus:border-gray-500 focus:outline-none focus:ring-0 focus:border-gray-600 peer"
                  id="edit-name"
                  placeholder=""
                />
              </div>
            </div>
            <div
              class="w-full"
            >
              <p
                class="text-tremor-default text-secondary text-sm dark:text-lighter"
              >
                Description 
                <span
                  class="text-xs"
                >
                  (optional)
                </span>
              </p>
            </div>
          </div>
          <div
            class="tremor-Flex-root flex w-full flex-col justify-between items-center gap-6"
          >
            <div
              class="w-full mb-1"
            >
              <div
                class="w-full"
              >
                <label
                  class="text-secondary text-sm dark:text-lighter"
                  for="edit-weight"
                >
                  Weight
                </label>
                <input
                  class="block py-2.5 px-0 w-full text-sm text-primary bg-transparent border-0 border-b-2 border-gray-300 appearance-none dark:text-white dark:border-gray-600 dark:focus:border-gray-500 focus:outline-none focus:ring-0 focus:border-gray-600 peer"
                  id="edit-weight"
                  placeholder=""
                  type="number"
                />
              </div>
            </div>
            <div
              class="w-full mb-2"
            >
              <div
                class="w-full"
              >
                <label
                  class="text-secondary text-sm dark:text-lighter"
                  for="edit-quantity"
                >
                  Quantity
                </label>
                <input
                  class="block py-2.5 px-0 w-full text-sm text-primary bg-transparent border-0 border-b-2 border-gray-300 appearance-none dark:text-white dark:border-gray-600 dark:focus:border-gray-500 focus:outline-none focus:ring-0 focus:border-gray-600 peer"
                  id="edit-quantity"
                  placeholder=""
                  type="number"
                />
              </div>
            </div>
            <div
              class="w-full mb-2"
            >
              <div
                class="w-full"
              >
                <p
                  class="text-tremor-default text-secondary text-sm dark:text-lighter"
                >
                  Category
                </p>
                <select
                  class="peer h-full w-full appearance-none rounded-none border-b-2 border-gray-300 bg-transparent font-sans text-sm font-normal text-primary dark:text-white dark:border-gray-600 dark:focus:border-gray-500 focus:outline-none focus:ring-0 focus:border-gray-600 peer outline outline-0 transition-all placeholder-shown:border-blue-gray-200 focus:border-gray-500 focus:outline-0 disabled:border-0 disabled:bg-blue-gray-50 placeholder:opacity-0 focus:placeholder:opacity-100 py-2.5"
                >
                  <option
                    class="dark:bg-primary"
                    data-testid="select-option"
                    value="1"
                  >
                    Clothing
                  </option>
                  <option
                    class="dark:bg-primary"
                    data-testid="select-option"
                    value="2"
                  >
                    Electronics
                  </option>
                  <option
                    class="dark:bg-primary"
                    data-testid="select-option"
                    value="3"
                  >
                    Furniture
                  </option>
                  <option
                    class="dark:bg-primary"
                    data-testid="select-option"
                    value="4"
                  >
                    Others
                  </option>
                  <option
                    class="dark:bg-primary"
                    data-testid="select-option"
                    value="5"
                  >
                    Real Estate
                  </option>
                </select>
              </div>
            </div>
            <div
              class="w-full mb-2"
            >
              <div
                class="w-full"
              >
                <label
                  class="text-secondary text-sm dark:text-lighter"
                  for="edit-provider"
                >
                  Provider Name
                </label>
                <input
                  class="block py-2.5 px-0 w-full text-sm text-primary bg-transparent border-0 border-b-2 border-gray-300 appearance-none dark:text-white dark:border-gray-600 dark:focus:border-gray-500 focus:outline-none focus:ring-0 focus:border-gray-600 peer"
                  id="edit-provider"
                  placeholder=""
                />
              </div>
            </div>
          </div>
        </div>
      </div>
    </div>
  </body>,
  "container": <div>
    <div
      class="tremor-Card-root relative text-left rounded-tremor-default bg-tremor-background ring-tremor-ring shadow-tremor-card dark:ring-dark-tremor-ring dark:shadow-dark-tremor-card border-tremor-brand dark:border-dark-tremor-brand p-6 w-full dark:bg-dark-tremor-primary rounded-lg shadow-box-icon-default ring-0"
    >
      <p
        class="text-tremor-default text-primary dark:text-white font-bold text-xl mb-8"
      >
        Product Information
      </p>
      <div
        class="tremor-Flex-root flex w-full flex-col justify-between md:flex-row items-start gap-6"
      >
        <div
          class="tremor-Flex-root flex w-full flex-col justify-between items-center gap-4"
        >
          <div
            class="w-full mb-4"
          >
            <div
              class="w-full"
            >
              <label
                class="text-secondary text-sm dark:text-lighter"
                for="edit-name"
              >
                Name
              </label>
              <input
                class="block py-2.5 px-0 w-full text-sm text-primary bg-transparent border-0 border-b-2 border-gray-300 appearance-none dark:text-white dark:border-gray-600 dark:focus:border-gray-500 focus:outline-none focus:ring-0 focus:border-gray-600 peer"
                id="edit-name"
                placeholder=""
              />
            </div>
          </div>
          <div
            class="w-full"
          >
            <p
              class="text-tremor-default text-secondary text-sm dark:text-lighter"
            >
              Description 
              <span
                class="text-xs"
              >
                (optional)
              </span>
            </p>
          </div>
        </div>
        <div
          class="tremor-Flex-root flex w-full flex-col justify-between items-center gap-6"
        >
          <div
            class="w-full mb-1"
          >
            <div
              class="w-full"
            >
              <label
                class="text-secondary text-sm dark:text-lighter"
                for="edit-weight"
              >
                Weight
              </label>
              <input
                class="block py-2.5 px-0 w-full text-sm text-primary bg-transparent border-0 border-b-2 border-gray-300 appearance-none dark:text-white dark:border-gray-600 dark:focus:border-gray-500 focus:outline-none focus:ring-0 focus:border-gray-600 peer"
                id="edit-weight"
                placeholder=""
                type="number"
              />
            </div>
          </div>
          <div
            class="w-full mb-2"
          >
            <div
              class="w-full"
            >
              <label
                class="text-secondary text-sm dark:text-lighter"
                for="edit-quantity"
              >
                Quantity
              </label>
              <input
                class="block py-2.5 px-0 w-full text-sm text-primary bg-transparent border-0 border-b-2 border-gray-300 appearance-none dark:text-white dark:border-gray-600 dark:focus:border-gray-500 focus:outline-none focus:ring-0 focus:border-gray-600 peer"
                id="edit-quantity"
                placeholder=""
                type="number"
              />
            </div>
          </div>
          <div
            class="w-full mb-2"
          >
            <div
              class="w-full"
            >
              <p
                class="text-tremor-default text-secondary text-sm dark:text-lighter"
              >
                Category
              </p>
              <select
                class="peer h-full w-full appearance-none rounded-none border-b-2 border-gray-300 bg-transparent font-sans text-sm font-normal text-primary dark:text-white dark:border-gray-600 dark:focus:border-gray-500 focus:outline-none focus:ring-0 focus:border-gray-600 peer outline outline-0 transition-all placeholder-shown:border-blue-gray-200 focus:border-gray-500 focus:outline-0 disabled:border-0 disabled:bg-blue-gray-50 placeholder:opacity-0 focus:placeholder:opacity-100 py-2.5"
              >
                <option
                  class="dark:bg-primary"
                  data-testid="select-option"
                  value="1"
                >
                  Clothing
                </option>
                <option
                  class="dark:bg-primary"
                  data-testid="select-option"
                  value="2"
                >
                  Electronics
                </option>
                <option
                  class="dark:bg-primary"
                  data-testid="select-option"
                  value="3"
                >
                  Furniture
                </option>
                <option
                  class="dark:bg-primary"
                  data-testid="select-option"
                  value="4"
                >
                  Others
                </option>
                <option
                  class="dark:bg-primary"
                  data-testid="select-option"
                  value="5"
                >
                  Real Estate
                </option>
              </select>
            </div>
          </div>
          <div
            class="w-full mb-2"
          >
            <div
              class="w-full"
            >
              <label
                class="text-secondary text-sm dark:text-lighter"
                for="edit-provider"
              >
                Provider Name
              </label>
              <input
                class="block py-2.5 px-0 w-full text-sm text-primary bg-transparent border-0 border-b-2 border-gray-300 appearance-none dark:text-white dark:border-gray-600 dark:focus:border-gray-500 focus:outline-none focus:ring-0 focus:border-gray-600 peer"
                id="edit-provider"
                placeholder=""
              />
            </div>
          </div>
        </div>
      </div>
    </div>
  </div>,
  "debug": [Function],
  "findAllByAltText": [Function],
  "findAllByDisplayValue": [Function],
  "findAllByLabelText": [Function],
  "findAllByPlaceholderText": [Function],
  "findAllByRole": [Function],
  "findAllByTestId": [Function],
  "findAllByText": [Function],
  "findAllByTitle": [Function],
  "findByAltText": [Function],
  "findByDisplayValue": [Function],
  "findByLabelText": [Function],
  "findByPlaceholderText": [Function],
  "findByRole": [Function],
  "findByTestId": [Function],
  "findByText": [Function],
  "findByTitle": [Function],
  "getAllByAltText": [Function],
  "getAllByDisplayValue": [Function],
  "getAllByLabelText": [Function],
  "getAllByPlaceholderText": [Function],
  "getAllByRole": [Function],
  "getAllByTestId": [Function],
  "getAllByText": [Function],
  "getAllByTitle": [Function],
  "getByAltText": [Function],
  "getByDisplayValue": [Function],
  "getByLabelText": [Function],
  "getByPlaceholderText": [Function],
  "getByRole": [Function],
  "getByTestId": [Function],
  "getByText": [Function],
  "getByTitle": [Function],
  "queryAllByAltText": [Function],
  "queryAllByDisplayValue": [Function],
  "queryAllByLabelText": [Function],
  "queryAllByPlaceholderText": [Function],
  "queryAllByRole": [Function],
  "queryAllByTestId": [Function],
  "queryAllByText": [Function],
  "queryAllByTitle": [Function],
  "queryByAltText": [Function],
  "queryByDisplayValue": [Function],
  "queryByLabelText": [Function],
  "queryByPlaceholderText": [Function],
  "queryByRole": [Function],
  "queryByTestId": [Function],
  "queryByText": [Function],
  "queryByTitle": [Function],
  "rerender": [Function],
  "unmount": [Function],
}
`;
