// Jest Snapshot v1, https://goo.gl/fbAQLP

exports[`ClientRootLayout Should be correct with theme 1`] = `
<div>
  <html
    lang="en"
  >
    <head>
      <link
        href="/assets/images/favicon.ico"
        rel="icon"
      />
    </head>
    <body
      class="className light"
    >
      <button
        data-testid="toggle-theme"
      >
        isDarkTheme to false
      </button>
    </body>
  </html>
</div>
`;
