// Jest Snapshot v1, https://goo.gl/fbAQLP

exports[`Testing ProductInfo component Should match snapshot 1`] = `
{
  "asFragment": [Function],
  "baseElement": <body>
    <div>
      <div
        class="tremor-Card-root relative text-left rounded-tremor-default bg-tremor-background ring-tremor-ring shadow-tremor-card dark:ring-dark-tremor-ring dark:shadow-dark-tremor-card border-tremor-brand dark:border-dark-tremor-brand p-6 w-full dark:bg-dark-tremor-primary rounded-lg shadow-box-icon-default ring-0"
      >
        <p
          class="text-tremor-default text-primary dark:text-white font-bold text-xl mb-8"
        >
          Product Information
        </p>
        <form
          class="product-info"
        >
          <div
            class="tremor-Flex-root flex w-full flex-col justify-between items-start gap-6 md:flex-row"
          >
            <div
              class="tremor-Flex-root flex w-full flex-col justify-between items-center gap-6"
            >
              <div
                class="w-full mb-2"
              >
                <p
                  class="text-tremor-default text-secondary dark:text-lighter mb-2"
                >
                  Name
                </p>
                <div
                  class="tremor-TextInput-root relative flex items-center min-w-[10rem] outline-none rounded-tremor-default transition duration-100 shadow-tremor-input dark:shadow-dark-tremor-input dark:hover:bg-dark-tremor-background-muted text-tremor-content border-tremor-brand-subtle ring-tremor-brand-muted dark:ring-dark-tremor-brand-muted border py-1 w-full dark:text-white bg-transparent dark:bg-transparent focus:bg-transparent rounded-b-none border-l-0 border-r-0 border-t-0 border-b focus:outline-none focus:border-tremor-brand-subtle dark:border-light dark:focus:border-white shadow-none hover:bg-transparent ring-0"
                >
                  <input
                    class="tremor-TextInput-input w-full focus:outline-none focus:ring-0 border-none bg-transparent text-tremor-default rounded-tremor-default transition duration-100 text-tremor-content-emphasis dark:text-dark-tremor-content-emphasis [appearance:textfield] [&::-webkit-outer-spin-button]:appearance-none [&::-webkit-inner-spin-button]:appearance-none pl-3 pr-4 py-2 placeholder:text-tremor-content dark:placeholder:text-dark-tremor-content"
                    data-testid="base-input"
                    id="name"
                    placeholder="Name"
                    required=""
                    type="text"
                    value=""
                  />
                </div>
              </div>
              <div
                class="w-full"
              >
                <p
                  class="text-tremor-default text-secondary dark:text-lighter mb-2"
                >
                  Description 
                  <span
                    class="text-xs pl-1"
                  >
                    (optional)
                  </span>
                </p>
              </div>
            </div>
            <div
              class="tremor-Flex-root flex w-full flex-col justify-between items-start"
            >
              <div
                class="w-full mb-8"
              >
                <p
                  class="text-tremor-default text-secondary dark:text-lighter mb-2"
                >
                  Weight
                </p>
                <input
                  class="py-[12px] w-full text-tremor-default dark:text-white hover:bg-transparent bg-transparent dark:bg-transparent focus:bg-transparent rounded-b-none border-l-0 border-r-0 border-t-0 border-b focus:outline-none border-gray focus:border-tremor-brand-subtle dark:border-light dark:focus:border-white shadow-none hover:bg-transparent ring-0"
                  id="weight"
                  placeholder="Weight"
                  type="number"
                  value="0"
                />
              </div>
              <div
                class="w-full mb-8 sm:max-w-auto"
              >
                <p
                  class="text-tremor-default text-secondary dark:text-lighter mb-2"
                >
                  Quantity
                </p>
                <input
                  class="py-[12px] w-full text-tremor-default dark:text-white hover:bg-transparent bg-transparent dark:bg-transparent focus:bg-transparent rounded-b-none border-l-0 border-r-0 border-t-0 border-b focus:outline-none border-gray focus:border-tremor-brand-subtle dark:border-light dark:focus:border-white shadow-none hover:bg-transparent ring-0"
                  id="quantity"
                  placeholder="Quantity"
                  type="number"
                  value="0"
                />
              </div>
              <div
                class="w-full mb-7"
              >
                <div
                  class="tremor-Flex-root flex w-full justify-between flex-col items-start"
                >
                  <p
                    class="text-tremor-default text-secondary h-5 mb-3 dark:text-lighter"
                  >
                    Category
                  </p>
                  <div
                    class="min-w-[10rem] relative text-tremor-default py-1 select-custom w-full dark:text-white bg-transparent dark:bg-transparent focus:bg-transparent rounded-b-none border-l-0 border-r-0 border-t-0 border-gray hover:border-black active:border-black focus:outline-none focus:border-tremor-brand-subtle dark:border-light dark:focus:border-white shadow-none hover:bg-transparent ring-0"
                    data-headlessui-state=""
                    id="category"
                  >
                    <button
                      aria-expanded="false"
                      aria-haspopup="listbox"
                      class="w-full outline-none text-left whitespace-nowrap truncate rounded-tremor-default focus:ring-2 transition duration-100 shadow-tremor-input focus:border-tremor-brand-subtle focus:ring-tremor-brand-muted dark:shadow-dark-tremor-input dark:focus:border-dark-tremor-brand-subtle dark:focus:ring-dark-tremor-brand-muted pl-3 pr-8 py-2 border bg-tremor-background dark:bg-dark-tremor-background hover:bg-tremor-background-muted dark:hover:bg-dark-tremor-background-muted text-tremor-content dark:text-dark-tremor-content border-tremor-border dark:border-dark-tremor-border"
                      data-headlessui-state=""
                      id="headlessui-listbox-button-:r0:"
                      type="button"
                    >
                      <span
                        class="w-[90%] block truncate"
                      >
                        Clothing
                      </span>
                      <span
                        class="absolute inset-y-0 right-0 flex items-center mr-3"
                      >
                        <svg
                          class="tremor-Select-arrowDownIcon flex-none text-tremor-content-subtle dark:text-dark-tremor-content-subtle h-4 w-4"
                          fill="none"
                          stroke="currentColor"
                          stroke-width="2.5"
                          viewBox="0 0 24 24"
                          xmlns="http://www.w3.org/2000/svg"
                        >
                          <path
                            d="M19 9l-7 7-7-7"
                            stroke-linecap="round"
                            stroke-linejoin="round"
                          />
                        </svg>
                      </span>
                    </button>
                  </div>
                </div>
              </div>
            </div>
          </div>
        </form>
      </div>
    </div>
  </body>,
  "container": <div>
    <div
      class="tremor-Card-root relative text-left rounded-tremor-default bg-tremor-background ring-tremor-ring shadow-tremor-card dark:ring-dark-tremor-ring dark:shadow-dark-tremor-card border-tremor-brand dark:border-dark-tremor-brand p-6 w-full dark:bg-dark-tremor-primary rounded-lg shadow-box-icon-default ring-0"
    >
      <p
        class="text-tremor-default text-primary dark:text-white font-bold text-xl mb-8"
      >
        Product Information
      </p>
      <form
        class="product-info"
      >
        <div
          class="tremor-Flex-root flex w-full flex-col justify-between items-start gap-6 md:flex-row"
        >
          <div
            class="tremor-Flex-root flex w-full flex-col justify-between items-center gap-6"
          >
            <div
              class="w-full mb-2"
            >
              <p
                class="text-tremor-default text-secondary dark:text-lighter mb-2"
              >
                Name
              </p>
              <div
                class="tremor-TextInput-root relative flex items-center min-w-[10rem] outline-none rounded-tremor-default transition duration-100 shadow-tremor-input dark:shadow-dark-tremor-input dark:hover:bg-dark-tremor-background-muted text-tremor-content border-tremor-brand-subtle ring-tremor-brand-muted dark:ring-dark-tremor-brand-muted border py-1 w-full dark:text-white bg-transparent dark:bg-transparent focus:bg-transparent rounded-b-none border-l-0 border-r-0 border-t-0 border-b focus:outline-none focus:border-tremor-brand-subtle dark:border-light dark:focus:border-white shadow-none hover:bg-transparent ring-0"
              >
                <input
                  class="tremor-TextInput-input w-full focus:outline-none focus:ring-0 border-none bg-transparent text-tremor-default rounded-tremor-default transition duration-100 text-tremor-content-emphasis dark:text-dark-tremor-content-emphasis [appearance:textfield] [&::-webkit-outer-spin-button]:appearance-none [&::-webkit-inner-spin-button]:appearance-none pl-3 pr-4 py-2 placeholder:text-tremor-content dark:placeholder:text-dark-tremor-content"
                  data-testid="base-input"
                  id="name"
                  placeholder="Name"
                  required=""
                  type="text"
                  value=""
                />
              </div>
            </div>
            <div
              class="w-full"
            >
              <p
                class="text-tremor-default text-secondary dark:text-lighter mb-2"
              >
                Description 
                <span
                  class="text-xs pl-1"
                >
                  (optional)
                </span>
              </p>
            </div>
          </div>
          <div
            class="tremor-Flex-root flex w-full flex-col justify-between items-start"
          >
            <div
              class="w-full mb-8"
            >
              <p
                class="text-tremor-default text-secondary dark:text-lighter mb-2"
              >
                Weight
              </p>
              <input
                class="py-[12px] w-full text-tremor-default dark:text-white hover:bg-transparent bg-transparent dark:bg-transparent focus:bg-transparent rounded-b-none border-l-0 border-r-0 border-t-0 border-b focus:outline-none border-gray focus:border-tremor-brand-subtle dark:border-light dark:focus:border-white shadow-none hover:bg-transparent ring-0"
                id="weight"
                placeholder="Weight"
                type="number"
                value="0"
              />
            </div>
            <div
              class="w-full mb-8 sm:max-w-auto"
            >
              <p
                class="text-tremor-default text-secondary dark:text-lighter mb-2"
              >
                Quantity
              </p>
              <input
                class="py-[12px] w-full text-tremor-default dark:text-white hover:bg-transparent bg-transparent dark:bg-transparent focus:bg-transparent rounded-b-none border-l-0 border-r-0 border-t-0 border-b focus:outline-none border-gray focus:border-tremor-brand-subtle dark:border-light dark:focus:border-white shadow-none hover:bg-transparent ring-0"
                id="quantity"
                placeholder="Quantity"
                type="number"
                value="0"
              />
            </div>
            <div
              class="w-full mb-7"
            >
              <div
                class="tremor-Flex-root flex w-full justify-between flex-col items-start"
              >
                <p
                  class="text-tremor-default text-secondary h-5 mb-3 dark:text-lighter"
                >
                  Category
                </p>
                <div
                  class="min-w-[10rem] relative text-tremor-default py-1 select-custom w-full dark:text-white bg-transparent dark:bg-transparent focus:bg-transparent rounded-b-none border-l-0 border-r-0 border-t-0 border-gray hover:border-black active:border-black focus:outline-none focus:border-tremor-brand-subtle dark:border-light dark:focus:border-white shadow-none hover:bg-transparent ring-0"
                  data-headlessui-state=""
                  id="category"
                >
                  <button
                    aria-expanded="false"
                    aria-haspopup="listbox"
                    class="w-full outline-none text-left whitespace-nowrap truncate rounded-tremor-default focus:ring-2 transition duration-100 shadow-tremor-input focus:border-tremor-brand-subtle focus:ring-tremor-brand-muted dark:shadow-dark-tremor-input dark:focus:border-dark-tremor-brand-subtle dark:focus:ring-dark-tremor-brand-muted pl-3 pr-8 py-2 border bg-tremor-background dark:bg-dark-tremor-background hover:bg-tremor-background-muted dark:hover:bg-dark-tremor-background-muted text-tremor-content dark:text-dark-tremor-content border-tremor-border dark:border-dark-tremor-border"
                    data-headlessui-state=""
                    id="headlessui-listbox-button-:r0:"
                    type="button"
                  >
                    <span
                      class="w-[90%] block truncate"
                    >
                      Clothing
                    </span>
                    <span
                      class="absolute inset-y-0 right-0 flex items-center mr-3"
                    >
                      <svg
                        class="tremor-Select-arrowDownIcon flex-none text-tremor-content-subtle dark:text-dark-tremor-content-subtle h-4 w-4"
                        fill="none"
                        stroke="currentColor"
                        stroke-width="2.5"
                        viewBox="0 0 24 24"
                        xmlns="http://www.w3.org/2000/svg"
                      >
                        <path
                          d="M19 9l-7 7-7-7"
                          stroke-linecap="round"
                          stroke-linejoin="round"
                        />
                      </svg>
                    </span>
                  </button>
                </div>
              </div>
            </div>
          </div>
        </div>
      </form>
    </div>
  </div>,
  "debug": [Function],
  "findAllByAltText": [Function],
  "findAllByDisplayValue": [Function],
  "findAllByLabelText": [Function],
  "findAllByPlaceholderText": [Function],
  "findAllByRole": [Function],
  "findAllByTestId": [Function],
  "findAllByText": [Function],
  "findAllByTitle": [Function],
  "findByAltText": [Function],
  "findByDisplayValue": [Function],
  "findByLabelText": [Function],
  "findByPlaceholderText": [Function],
  "findByRole": [Function],
  "findByTestId": [Function],
  "findByText": [Function],
  "findByTitle": [Function],
  "getAllByAltText": [Function],
  "getAllByDisplayValue": [Function],
  "getAllByLabelText": [Function],
  "getAllByPlaceholderText": [Function],
  "getAllByRole": [Function],
  "getAllByTestId": [Function],
  "getAllByText": [Function],
  "getAllByTitle": [Function],
  "getByAltText": [Function],
  "getByDisplayValue": [Function],
  "getByLabelText": [Function],
  "getByPlaceholderText": [Function],
  "getByRole": [Function],
  "getByTestId": [Function],
  "getByText": [Function],
  "getByTitle": [Function],
  "queryAllByAltText": [Function],
  "queryAllByDisplayValue": [Function],
  "queryAllByLabelText": [Function],
  "queryAllByPlaceholderText": [Function],
  "queryAllByRole": [Function],
  "queryAllByTestId": [Function],
  "queryAllByText": [Function],
  "queryAllByTitle": [Function],
  "queryByAltText": [Function],
  "queryByDisplayValue": [Function],
  "queryByLabelText": [Function],
  "queryByPlaceholderText": [Function],
  "queryByRole": [Function],
  "queryByTestId": [Function],
  "queryByText": [Function],
  "queryByTitle": [Function],
  "rerender": [Function],
  "unmount": [Function],
}
`;
