// Jest Snapshot v1, https://goo.gl/fbAQLP

exports[`Testing avatar component Should match snapshot 1`] = `
{
  "asFragment": [Function],
  "baseElement": <body>
    <div>
      <div
        class="inline-flex rounded-full overflow-hidden shadow-md"
      >
        <img
          alt="Avatar md"
          data-nimg="1"
          decoding="async"
          fetchpriority="high"
          height="48"
          sizes="(max-width: 768px) 100vw, 33vw"
          src="http://localhost/_next/image?url=%2Fimages%2Favatar%2Favatar-md.webp&w=3840&q=75"
          srcset="/_next/image?url=%2Fimages%2Favatar%2Favatar-md.webp&w=256&q=75 256w, /_next/image?url=%2Fimages%2Favatar%2Favatar-md.webp&w=384&q=75 384w, /_next/image?url=%2Fimages%2Favatar%2Favatar-md.webp&w=640&q=75 640w, /_next/image?url=%2Fimages%2Favatar%2Favatar-md.webp&w=750&q=75 750w, /_next/image?url=%2Fimages%2Favatar%2Favatar-md.webp&w=828&q=75 828w, /_next/image?url=%2Fimages%2Favatar%2Favatar-md.webp&w=1080&q=75 1080w, /_next/image?url=%2Fimages%2Favatar%2Favatar-md.webp&w=1200&q=75 1200w, /_next/image?url=%2Fimages%2Favatar%2Favatar-md.webp&w=1920&q=75 1920w, /_next/image?url=%2Fimages%2Favatar%2Favatar-md.webp&w=2048&q=75 2048w, /_next/image?url=%2Fimages%2Favatar%2Favatar-md.webp&w=3840&q=75 3840w"
          style="color: transparent;"
          width="48"
        />
      </div>
    </div>
  </body>,
  "container": <div>
    <div
      class="inline-flex rounded-full overflow-hidden shadow-md"
    >
      <img
        alt="Avatar md"
        data-nimg="1"
        decoding="async"
        fetchpriority="high"
        height="48"
        sizes="(max-width: 768px) 100vw, 33vw"
        src="http://localhost/_next/image?url=%2Fimages%2Favatar%2Favatar-md.webp&w=3840&q=75"
        srcset="/_next/image?url=%2Fimages%2Favatar%2Favatar-md.webp&w=256&q=75 256w, /_next/image?url=%2Fimages%2Favatar%2Favatar-md.webp&w=384&q=75 384w, /_next/image?url=%2Fimages%2Favatar%2Favatar-md.webp&w=640&q=75 640w, /_next/image?url=%2Fimages%2Favatar%2Favatar-md.webp&w=750&q=75 750w, /_next/image?url=%2Fimages%2Favatar%2Favatar-md.webp&w=828&q=75 828w, /_next/image?url=%2Fimages%2Favatar%2Favatar-md.webp&w=1080&q=75 1080w, /_next/image?url=%2Fimages%2Favatar%2Favatar-md.webp&w=1200&q=75 1200w, /_next/image?url=%2Fimages%2Favatar%2Favatar-md.webp&w=1920&q=75 1920w, /_next/image?url=%2Fimages%2Favatar%2Favatar-md.webp&w=2048&q=75 2048w, /_next/image?url=%2Fimages%2Favatar%2Favatar-md.webp&w=3840&q=75 3840w"
        style="color: transparent;"
        width="48"
      />
    </div>
  </div>,
  "debug": [Function],
  "findAllByAltText": [Function],
  "findAllByDisplayValue": [Function],
  "findAllByLabelText": [Function],
  "findAllByPlaceholderText": [Function],
  "findAllByRole": [Function],
  "findAllByTestId": [Function],
  "findAllByText": [Function],
  "findAllByTitle": [Function],
  "findByAltText": [Function],
  "findByDisplayValue": [Function],
  "findByLabelText": [Function],
  "findByPlaceholderText": [Function],
  "findByRole": [Function],
  "findByTestId": [Function],
  "findByText": [Function],
  "findByTitle": [Function],
  "getAllByAltText": [Function],
  "getAllByDisplayValue": [Function],
  "getAllByLabelText": [Function],
  "getAllByPlaceholderText": [Function],
  "getAllByRole": [Function],
  "getAllByTestId": [Function],
  "getAllByText": [Function],
  "getAllByTitle": [Function],
  "getByAltText": [Function],
  "getByDisplayValue": [Function],
  "getByLabelText": [Function],
  "getByPlaceholderText": [Function],
  "getByRole": [Function],
  "getByTestId": [Function],
  "getByText": [Function],
  "getByTitle": [Function],
  "queryAllByAltText": [Function],
  "queryAllByDisplayValue": [Function],
  "queryAllByLabelText": [Function],
  "queryAllByPlaceholderText": [Function],
  "queryAllByRole": [Function],
  "queryAllByTestId": [Function],
  "queryAllByText": [Function],
  "queryAllByTitle": [Function],
  "queryByAltText": [Function],
  "queryByDisplayValue": [Function],
  "queryByLabelText": [Function],
  "queryByPlaceholderText": [Function],
  "queryByRole": [Function],
  "queryByTestId": [Function],
  "queryByText": [Function],
  "queryByTitle": [Function],
  "rerender": [Function],
  "unmount": [Function],
}
`;
