// Jest Snapshot v1, https://goo.gl/fbAQLP

exports[`ContactCard component Should render ContactCard snapshot correctly 1`] = `
{
  "asFragment": [Function],
  "baseElement": <body>
    <div>
      <div>
        <div
          class="tremor-Flex-root w-full flex-row justify-between items-center text-secondary mb-4 flex flex-wrap xs:flex-nowrap"
        >
          <p
            class="text-tremor-title dark:text-dark-tremor-content-title leading-relaxed font-bold tracking-[0.0075em] opacity-100 capitalize no-underline text-primary py-4"
          >
            Profile Information
          </p>
          <a
            class="text-xs"
            href="/pages/profile/my-profile"
          >
            <svg
              fill="currentColor"
              height="1em"
              stroke="currentColor"
              stroke-width="0"
              viewBox="0 0 512 512"
              width="1em"
              xmlns="http://www.w3.org/2000/svg"
            >
              <path
                d="M290.74 93.24l128.02 128.02-277.99 277.99-114.14 12.6C11.35 513.54-1.56 500.62.14 485.34l12.7-114.22 277.9-277.88zm207.2-19.06l-60.11-60.11c-18.75-18.75-49.16-18.75-67.91 0l-56.55 56.55 128.02 128.02 56.55-56.55c18.75-18.76 18.75-49.16 0-67.91z"
              />
            </svg>
          </a>
        </div>
        <div
          class="tremor-Flex-root flex w-full justify-between flex-col flex-wrap items-baseline xs:flex-nowrap"
        >
          <p
            class="text-tremor-default font-light leading-normal text-tremor-content-title dark:text-dark-tremor-content-romance opacity-100 normal-case tracking-[0.02857em]"
          >
            Hi, I’m Alec Thompson, Decisions: If you can’t decide, the answer is no. If two equally difficult paths, choose the one more painful in the short term (pain avoidance is creating an illusion of equality)
          </p>
          <div
            class="w-full opacity-30 bg-transparent"
          >
            <hr
              class="bg-transparent bg-[linear-gradient(to_right,rgba(52,71,103,0),rgba(52,71,103,0.4),rgba(52,71,103,0))] h-px opacity-25 mx-0 my-4 border-b-[thin] border-b-[none] border-0 border-solid border-[rgba(0,0,0,0.12)]"
            />
          </div>
          <div
            class="tremor-Flex-root flex w-full flex-row items-center justify-start gap-3"
          >
            <p
              class="text-tremor-default font-bold text-primary dark:text-dark-primary tracking-[0.02857em] capitalize my-2"
            >
              Full Name:
            </p>
            <p
              class="text-tremor-default text-tremor-content font-normal dark:text-dark-tremor-content-romance"
            />
          </div>
          <div
            class="tremor-Flex-root flex w-full flex-row items-center justify-start gap-3"
          >
            <p
              class="text-tremor-default font-bold text-primary dark:text-dark-primary tracking-[0.02857em] capitalize my-2"
            >
              Mobile:
            </p>
            <p
              class="text-tremor-default text-tremor-content font-normal dark:text-dark-tremor-content-romance"
            />
          </div>
          <div
            class="tremor-Flex-root flex w-full flex-row items-center justify-start gap-3"
          >
            <p
              class="text-tremor-default font-bold text-primary dark:text-dark-primary tracking-[0.02857em] capitalize my-2"
            >
              Email:
            </p>
            <a
              href="mailto:"
            >
              <p
                class="text-tremor-default text-tremor-content font-normal dark:text-dark-tremor-content-romance"
              />
            </a>
          </div>
          <div
            class="tremor-Flex-root flex w-full flex-row items-center justify-start gap-3"
          >
            <p
              class="text-tremor-default font-bold text-primary dark:text-dark-primary tracking-[0.02857em] capitalize my-2"
            >
              Location:
            </p>
            <p
              class="text-tremor-default text-tremor-content font-normal dark:text-dark-tremor-content-romance"
            />
          </div>
          <div
            class="tremor-Flex-root flex w-full flex-row items-center justify-start gap-2 pr-4 py-2"
          >
            <p
              class="text-tremor-default font-bold text-primary dark:text-dark-primary tracking-[0.02857em] capitalize"
            >
              Social:
            </p>
            <div
              class="tremor-Flex-root flex w-full flex-row items-center justify-start"
            >
              <a
                class="pl-1 pr-2"
                href="https://www.facebook.com/"
              >
                <svg
                  class="text-[#3b5998] rounded-lg stroke-2"
                  fill="currentColor"
                  height="18"
                  stroke="currentColor"
                  stroke-width="0"
                  viewBox="0 0 512 512"
                  width="18"
                  xmlns="http://www.w3.org/2000/svg"
                >
                  <path
                    d="M426.8 64H85.2C73.5 64 64 73.5 64 85.2v341.6c0 11.7 9.5 21.2 21.2 21.2H256V296h-45.9v-56H256v-41.4c0-49.6 34.4-76.6 78.7-76.6 21.2 0 44 1.6 49.3 2.3v51.8h-35.3c-24.1 0-28.7 11.4-28.7 28.2V240h57.4l-7.5 56H320v152h106.8c11.7 0 21.2-9.5 21.2-21.2V85.2c0-11.7-9.5-21.2-21.2-21.2z"
                  />
                </svg>
              </a>
              <a
                class="pl-1 pr-2"
                href="https://twitter.com/"
              >
                <svg
                  class="text-[#55acee]"
                  fill="currentColor"
                  height="18"
                  stroke="currentColor"
                  stroke-width="0"
                  viewBox="0 0 512 512"
                  width="18"
                  xmlns="http://www.w3.org/2000/svg"
                >
                  <path
                    d="M492 109.5c-17.4 7.7-36 12.9-55.6 15.3 20-12 35.4-31 42.6-53.6-18.7 11.1-39.4 19.2-61.5 23.5C399.8 75.8 374.6 64 346.8 64c-53.5 0-96.8 43.4-96.8 96.9 0 7.6.8 15 2.5 22.1-80.5-4-151.9-42.6-199.6-101.3-8.3 14.3-13.1 31-13.1 48.7 0 33.6 17.2 63.3 43.2 80.7-16-.4-31-4.8-44-12.1v1.2c0 47 33.4 86.1 77.7 95-8.1 2.2-16.7 3.4-25.5 3.4-6.2 0-12.3-.6-18.2-1.8 12.3 38.5 48.1 66.5 90.5 67.3-33.1 26-74.9 41.5-120.3 41.5-7.8 0-15.5-.5-23.1-1.4C62.8 432 113.7 448 168.3 448 346.6 448 444 300.3 444 172.2c0-4.2-.1-8.4-.3-12.5C462.6 146 479 129 492 109.5z"
                  />
                </svg>
              </a>
              <a
                class="pl-1 pr-2"
                href="https://instagram.com"
              >
                <svg
                  class="text-[#125688]"
                  fill="currentColor"
                  height="18"
                  stroke="currentColor"
                  stroke-width="0"
                  viewBox="0 0 512 512"
                  width="18"
                  xmlns="http://www.w3.org/2000/svg"
                >
                  <path
                    d="M336 96c21.2 0 41.3 8.4 56.5 23.5S416 154.8 416 176v160c0 21.2-8.4 41.3-23.5 56.5S357.2 416 336 416H176c-21.2 0-41.3-8.4-56.5-23.5S96 357.2 96 336V176c0-21.2 8.4-41.3 23.5-56.5S154.8 96 176 96h160m0-32H176c-61.6 0-112 50.4-112 112v160c0 61.6 50.4 112 112 112h160c61.6 0 112-50.4 112-112V176c0-61.6-50.4-112-112-112z"
                  />
                  <path
                    d="M360 176c-13.3 0-24-10.7-24-24s10.7-24 24-24c13.2 0 24 10.7 24 24s-10.8 24-24 24zM256 192c35.3 0 64 28.7 64 64s-28.7 64-64 64-64-28.7-64-64 28.7-64 64-64m0-32c-53 0-96 43-96 96s43 96 96 96 96-43 96-96-43-96-96-96z"
                  />
                </svg>
              </a>
            </div>
          </div>
        </div>
      </div>
    </div>
  </body>,
  "container": <div>
    <div>
      <div
        class="tremor-Flex-root w-full flex-row justify-between items-center text-secondary mb-4 flex flex-wrap xs:flex-nowrap"
      >
        <p
          class="text-tremor-title dark:text-dark-tremor-content-title leading-relaxed font-bold tracking-[0.0075em] opacity-100 capitalize no-underline text-primary py-4"
        >
          Profile Information
        </p>
        <a
          class="text-xs"
          href="/pages/profile/my-profile"
        >
          <svg
            fill="currentColor"
            height="1em"
            stroke="currentColor"
            stroke-width="0"
            viewBox="0 0 512 512"
            width="1em"
            xmlns="http://www.w3.org/2000/svg"
          >
            <path
              d="M290.74 93.24l128.02 128.02-277.99 277.99-114.14 12.6C11.35 513.54-1.56 500.62.14 485.34l12.7-114.22 277.9-277.88zm207.2-19.06l-60.11-60.11c-18.75-18.75-49.16-18.75-67.91 0l-56.55 56.55 128.02 128.02 56.55-56.55c18.75-18.76 18.75-49.16 0-67.91z"
            />
          </svg>
        </a>
      </div>
      <div
        class="tremor-Flex-root flex w-full justify-between flex-col flex-wrap items-baseline xs:flex-nowrap"
      >
        <p
          class="text-tremor-default font-light leading-normal text-tremor-content-title dark:text-dark-tremor-content-romance opacity-100 normal-case tracking-[0.02857em]"
        >
          Hi, I’m Alec Thompson, Decisions: If you can’t decide, the answer is no. If two equally difficult paths, choose the one more painful in the short term (pain avoidance is creating an illusion of equality)
        </p>
        <div
          class="w-full opacity-30 bg-transparent"
        >
          <hr
            class="bg-transparent bg-[linear-gradient(to_right,rgba(52,71,103,0),rgba(52,71,103,0.4),rgba(52,71,103,0))] h-px opacity-25 mx-0 my-4 border-b-[thin] border-b-[none] border-0 border-solid border-[rgba(0,0,0,0.12)]"
          />
        </div>
        <div
          class="tremor-Flex-root flex w-full flex-row items-center justify-start gap-3"
        >
          <p
            class="text-tremor-default font-bold text-primary dark:text-dark-primary tracking-[0.02857em] capitalize my-2"
          >
            Full Name:
          </p>
          <p
            class="text-tremor-default text-tremor-content font-normal dark:text-dark-tremor-content-romance"
          />
        </div>
        <div
          class="tremor-Flex-root flex w-full flex-row items-center justify-start gap-3"
        >
          <p
            class="text-tremor-default font-bold text-primary dark:text-dark-primary tracking-[0.02857em] capitalize my-2"
          >
            Mobile:
          </p>
          <p
            class="text-tremor-default text-tremor-content font-normal dark:text-dark-tremor-content-romance"
          />
        </div>
        <div
          class="tremor-Flex-root flex w-full flex-row items-center justify-start gap-3"
        >
          <p
            class="text-tremor-default font-bold text-primary dark:text-dark-primary tracking-[0.02857em] capitalize my-2"
          >
            Email:
          </p>
          <a
            href="mailto:"
          >
            <p
              class="text-tremor-default text-tremor-content font-normal dark:text-dark-tremor-content-romance"
            />
          </a>
        </div>
        <div
          class="tremor-Flex-root flex w-full flex-row items-center justify-start gap-3"
        >
          <p
            class="text-tremor-default font-bold text-primary dark:text-dark-primary tracking-[0.02857em] capitalize my-2"
          >
            Location:
          </p>
          <p
            class="text-tremor-default text-tremor-content font-normal dark:text-dark-tremor-content-romance"
          />
        </div>
        <div
          class="tremor-Flex-root flex w-full flex-row items-center justify-start gap-2 pr-4 py-2"
        >
          <p
            class="text-tremor-default font-bold text-primary dark:text-dark-primary tracking-[0.02857em] capitalize"
          >
            Social:
          </p>
          <div
            class="tremor-Flex-root flex w-full flex-row items-center justify-start"
          >
            <a
              class="pl-1 pr-2"
              href="https://www.facebook.com/"
            >
              <svg
                class="text-[#3b5998] rounded-lg stroke-2"
                fill="currentColor"
                height="18"
                stroke="currentColor"
                stroke-width="0"
                viewBox="0 0 512 512"
                width="18"
                xmlns="http://www.w3.org/2000/svg"
              >
                <path
                  d="M426.8 64H85.2C73.5 64 64 73.5 64 85.2v341.6c0 11.7 9.5 21.2 21.2 21.2H256V296h-45.9v-56H256v-41.4c0-49.6 34.4-76.6 78.7-76.6 21.2 0 44 1.6 49.3 2.3v51.8h-35.3c-24.1 0-28.7 11.4-28.7 28.2V240h57.4l-7.5 56H320v152h106.8c11.7 0 21.2-9.5 21.2-21.2V85.2c0-11.7-9.5-21.2-21.2-21.2z"
                />
              </svg>
            </a>
            <a
              class="pl-1 pr-2"
              href="https://twitter.com/"
            >
              <svg
                class="text-[#55acee]"
                fill="currentColor"
                height="18"
                stroke="currentColor"
                stroke-width="0"
                viewBox="0 0 512 512"
                width="18"
                xmlns="http://www.w3.org/2000/svg"
              >
                <path
                  d="M492 109.5c-17.4 7.7-36 12.9-55.6 15.3 20-12 35.4-31 42.6-53.6-18.7 11.1-39.4 19.2-61.5 23.5C399.8 75.8 374.6 64 346.8 64c-53.5 0-96.8 43.4-96.8 96.9 0 7.6.8 15 2.5 22.1-80.5-4-151.9-42.6-199.6-101.3-8.3 14.3-13.1 31-13.1 48.7 0 33.6 17.2 63.3 43.2 80.7-16-.4-31-4.8-44-12.1v1.2c0 47 33.4 86.1 77.7 95-8.1 2.2-16.7 3.4-25.5 3.4-6.2 0-12.3-.6-18.2-1.8 12.3 38.5 48.1 66.5 90.5 67.3-33.1 26-74.9 41.5-120.3 41.5-7.8 0-15.5-.5-23.1-1.4C62.8 432 113.7 448 168.3 448 346.6 448 444 300.3 444 172.2c0-4.2-.1-8.4-.3-12.5C462.6 146 479 129 492 109.5z"
                />
              </svg>
            </a>
            <a
              class="pl-1 pr-2"
              href="https://instagram.com"
            >
              <svg
                class="text-[#125688]"
                fill="currentColor"
                height="18"
                stroke="currentColor"
                stroke-width="0"
                viewBox="0 0 512 512"
                width="18"
                xmlns="http://www.w3.org/2000/svg"
              >
                <path
                  d="M336 96c21.2 0 41.3 8.4 56.5 23.5S416 154.8 416 176v160c0 21.2-8.4 41.3-23.5 56.5S357.2 416 336 416H176c-21.2 0-41.3-8.4-56.5-23.5S96 357.2 96 336V176c0-21.2 8.4-41.3 23.5-56.5S154.8 96 176 96h160m0-32H176c-61.6 0-112 50.4-112 112v160c0 61.6 50.4 112 112 112h160c61.6 0 112-50.4 112-112V176c0-61.6-50.4-112-112-112z"
                />
                <path
                  d="M360 176c-13.3 0-24-10.7-24-24s10.7-24 24-24c13.2 0 24 10.7 24 24s-10.8 24-24 24zM256 192c35.3 0 64 28.7 64 64s-28.7 64-64 64-64-28.7-64-64 28.7-64 64-64m0-32c-53 0-96 43-96 96s43 96 96 96 96-43 96-96-43-96-96-96z"
                />
              </svg>
            </a>
          </div>
        </div>
      </div>
    </div>
  </div>,
  "debug": [Function],
  "findAllByAltText": [Function],
  "findAllByDisplayValue": [Function],
  "findAllByLabelText": [Function],
  "findAllByPlaceholderText": [Function],
  "findAllByRole": [Function],
  "findAllByTestId": [Function],
  "findAllByText": [Function],
  "findAllByTitle": [Function],
  "findByAltText": [Function],
  "findByDisplayValue": [Function],
  "findByLabelText": [Function],
  "findByPlaceholderText": [Function],
  "findByRole": [Function],
  "findByTestId": [Function],
  "findByText": [Function],
  "findByTitle": [Function],
  "getAllByAltText": [Function],
  "getAllByDisplayValue": [Function],
  "getAllByLabelText": [Function],
  "getAllByPlaceholderText": [Function],
  "getAllByRole": [Function],
  "getAllByTestId": [Function],
  "getAllByText": [Function],
  "getAllByTitle": [Function],
  "getByAltText": [Function],
  "getByDisplayValue": [Function],
  "getByLabelText": [Function],
  "getByPlaceholderText": [Function],
  "getByRole": [Function],
  "getByTestId": [Function],
  "getByText": [Function],
  "getByTitle": [Function],
  "queryAllByAltText": [Function],
  "queryAllByDisplayValue": [Function],
  "queryAllByLabelText": [Function],
  "queryAllByPlaceholderText": [Function],
  "queryAllByRole": [Function],
  "queryAllByTestId": [Function],
  "queryAllByText": [Function],
  "queryAllByTitle": [Function],
  "queryByAltText": [Function],
  "queryByDisplayValue": [Function],
  "queryByLabelText": [Function],
  "queryByPlaceholderText": [Function],
  "queryByRole": [Function],
  "queryByTestId": [Function],
  "queryByText": [Function],
  "queryByTitle": [Function],
  "rerender": [Function],
  "unmount": [Function],
}
`;
