// Jest Snapshot v1, https://goo.gl/fbAQLP

exports[`Transactions Component Testing should match snapshot 1`] = `
<div>
  <div
    class="p-6 bg-white dark:bg-[#202940] rounded-lg shadow-md"
  >
    <div
      class="flex justify-between"
    >
      <h6
        class="font-semibold text-[#344767] dark:text-white"
      >
        Your Transactions
      </h6>
      <div
        class="flex items-center text-[#7b809a]"
      >
        <svg
          fill="currentColor"
          height="1em"
          stroke="currentColor"
          stroke-width="0"
          viewBox="0 0 448 512"
          width="1em"
          xmlns="http://www.w3.org/2000/svg"
        >
          <path
            d="M0 464c0 26.5 21.5 48 48 48h352c26.5 0 48-21.5 48-48V192H0v272zm320-196c0-6.6 5.4-12 12-12h40c6.6 0 12 5.4 12 12v40c0 6.6-5.4 12-12 12h-40c-6.6 0-12-5.4-12-12v-40zm0 128c0-6.6 5.4-12 12-12h40c6.6 0 12 5.4 12 12v40c0 6.6-5.4 12-12 12h-40c-6.6 0-12-5.4-12-12v-40zM192 268c0-6.6 5.4-12 12-12h40c6.6 0 12 5.4 12 12v40c0 6.6-5.4 12-12 12h-40c-6.6 0-12-5.4-12-12v-40zm0 128c0-6.6 5.4-12 12-12h40c6.6 0 12 5.4 12 12v40c0 6.6-5.4 12-12 12h-40c-6.6 0-12-5.4-12-12v-40zM64 268c0-6.6 5.4-12 12-12h40c6.6 0 12 5.4 12 12v40c0 6.6-5.4 12-12 12H76c-6.6 0-12-5.4-12-12v-40zm0 128c0-6.6 5.4-12 12-12h40c6.6 0 12 5.4 12 12v40c0 6.6-5.4 12-12 12H76c-6.6 0-12-5.4-12-12v-40zM400 64h-48V16c0-8.8-7.2-16-16-16h-32c-8.8 0-16 7.2-16 16v48H160V16c0-8.8-7.2-16-16-16h-32c-8.8 0-16 7.2-16 16v48H48C21.5 64 0 85.5 0 112v48h448v-48c0-26.5-21.5-48-48-48z"
          />
        </svg>
        <p
          class="text-sm ml-2"
        >
          23 - 30 March 2020
        </p>
      </div>
    </div>
    <h6
      class="transaction-list-heading"
    >
      NEWEST
    </h6>
    <ul>
      <div
        class="flex p-4 justify-between items-center"
      >
        <div
          class="flex gap-4 items-center"
        >
          <button
            class="flex shrink-0 w-9 h-9 justify-center items-center border rounded-full text-[#F44335] border-[#F44335]"
            type="button"
          >
            <svg
              fill="currentColor"
              height="1em"
              stroke="currentColor"
              stroke-width="0"
              viewBox="0 0 24 24"
              width="1em"
              xmlns="http://www.w3.org/2000/svg"
            >
              <path
                d="M16.293 9.293 12 13.586 7.707 9.293l-1.414 1.414L12 16.414l5.707-5.707z"
              />
            </svg>
          </button>
          <div>
            <h6
              class="text-sm font-semibold text-[#344767] dark:text-white mb-1"
            >
              Netflix
            </h6>
            <p
              class="text-xs text-[#7b809a]"
            >
              05 Feb 09:50 AM
            </p>
          </div>
        </div>
        <p
          class="text-sm font-semibold text-[#F44335]"
        >
          - $ 2500
        </p>
      </div>
      <div
        class="flex p-4 justify-between items-center"
      >
        <div
          class="flex gap-4 items-center"
        >
          <button
            class="flex shrink-0 w-9 h-9 justify-center items-center border rounded-full text-[#4CAF50] border-[#4CAF50]"
            type="button"
          >
            <svg
              fill="currentColor"
              height="1em"
              stroke="currentColor"
              stroke-width="0"
              viewBox="0 0 24 24"
              width="1em"
              xmlns="http://www.w3.org/2000/svg"
            >
              <path
                d="m6.293 13.293 1.414 1.414L12 10.414l4.293 4.293 1.414-1.414L12 7.586z"
              />
            </svg>
          </button>
          <div>
            <h6
              class="text-sm font-semibold text-[#344767] dark:text-white mb-1"
            >
              Apple
            </h6>
            <p
              class="text-xs text-[#7b809a]"
            >
              05 Feb 09:50 AM
            </p>
          </div>
        </div>
        <p
          class="text-sm font-semibold text-[#4CAF50]"
        >
          + $ 2000
        </p>
      </div>
    </ul>
    <h6
      class="transaction-list-heading"
    >
      YESTERDAY
    </h6>
    <ul>
      <div
        class="flex p-4 justify-between items-center"
      >
        <div
          class="flex gap-4 items-center"
        >
          <button
            class="flex shrink-0 w-9 h-9 justify-center items-center border rounded-full text-[#4CAF50] border-[#4CAF50]"
            type="button"
          >
            <svg
              fill="currentColor"
              height="1em"
              stroke="currentColor"
              stroke-width="0"
              viewBox="0 0 24 24"
              width="1em"
              xmlns="http://www.w3.org/2000/svg"
            >
              <path
                d="m6.293 13.293 1.414 1.414L12 10.414l4.293 4.293 1.414-1.414L12 7.586z"
              />
            </svg>
          </button>
          <div>
            <h6
              class="text-sm font-semibold text-[#344767] dark:text-white mb-1"
            >
              Stripe
            </h6>
            <p
              class="text-xs text-[#7b809a]"
            >
              05 Feb 09:51 AM
            </p>
          </div>
        </div>
        <p
          class="text-sm font-semibold text-[#4CAF50]"
        >
          + $ 750
        </p>
      </div>
      <div
        class="flex p-4 justify-between items-center"
      >
        <div
          class="flex gap-4 items-center"
        >
          <button
            class="flex shrink-0 w-9 h-9 justify-center items-center border rounded-full text-[#4CAF50] border-[#4CAF50]"
            type="button"
          >
            <svg
              fill="currentColor"
              height="1em"
              stroke="currentColor"
              stroke-width="0"
              viewBox="0 0 24 24"
              width="1em"
              xmlns="http://www.w3.org/2000/svg"
            >
              <path
                d="m6.293 13.293 1.414 1.414L12 10.414l4.293 4.293 1.414-1.414L12 7.586z"
              />
            </svg>
          </button>
          <div>
            <h6
              class="text-sm font-semibold text-[#344767] dark:text-white mb-1"
            >
              HubSpot
            </h6>
            <p
              class="text-xs text-[#7b809a]"
            >
              05 Jan 09:51 AM
            </p>
          </div>
        </div>
        <p
          class="text-sm font-semibold text-[#4CAF50]"
        >
          + $ 1000
        </p>
      </div>
      <div
        class="flex p-4 justify-between items-center"
      >
        <div
          class="flex gap-4 items-center"
        >
          <button
            class="flex shrink-0 w-9 h-9 justify-center items-center border rounded-full text-[#4CAF50] border-[#4CAF50]"
            type="button"
          >
            <svg
              fill="currentColor"
              height="1em"
              stroke="currentColor"
              stroke-width="0"
              viewBox="0 0 24 24"
              width="1em"
              xmlns="http://www.w3.org/2000/svg"
            >
              <path
                d="m6.293 13.293 1.414 1.414L12 10.414l4.293 4.293 1.414-1.414L12 7.586z"
              />
            </svg>
          </button>
          <div>
            <h6
              class="text-sm font-semibold text-[#344767] dark:text-white mb-1"
            >
              Creative Tim
            </h6>
            <p
              class="text-xs text-[#7b809a]"
            >
              05 Feb 09:52 AM
            </p>
          </div>
        </div>
        <p
          class="text-sm font-semibold text-[#4CAF50]"
        >
          + $ 2500
        </p>
      </div>
      <div
        class="flex p-4 justify-between items-center"
      >
        <div
          class="flex gap-4 items-center"
        >
          <button
            class="flex shrink-0 w-9 h-9 justify-center items-center border rounded-full text-[#5d6c85] border-[#5d6c85]"
            type="button"
          >
            <svg
              fill="currentColor"
              height="1em"
              stroke="currentColor"
              stroke-width="0"
              viewBox="0 0 16 16"
              width="1em"
              xmlns="http://www.w3.org/2000/svg"
            >
              <path
                d="M7.005 3.1a1 1 0 1 1 1.99 0l-.388 6.35a.61.61 0 0 1-1.214 0L7.005 3.1ZM7 12a1 1 0 1 1 2 0 1 1 0 0 1-2 0Z"
              />
            </svg>
          </button>
          <div>
            <h6
              class="text-sm font-semibold text-[#344767] dark:text-white mb-1"
            >
              Webflow
            </h6>
            <p
              class="text-xs text-[#7b809a]"
            >
              05 Feb 09:52 AM
            </p>
          </div>
        </div>
        <p
          class="text-sm font-semibold text-[#5d6c85]"
        >
          Pending
        </p>
      </div>
      <div
        class="flex p-4 justify-between items-center"
      >
        <div
          class="flex gap-4 items-center"
        >
          <button
            class="flex shrink-0 w-9 h-9 justify-center items-center border rounded-full text-[#4CAF50] border-[#4CAF50]"
            type="button"
          >
            <svg
              fill="currentColor"
              height="1em"
              stroke="currentColor"
              stroke-width="0"
              viewBox="0 0 24 24"
              width="1em"
              xmlns="http://www.w3.org/2000/svg"
            >
              <path
                d="m6.293 13.293 1.414 1.414L12 10.414l4.293 4.293 1.414-1.414L12 7.586z"
              />
            </svg>
          </button>
          <div>
            <h6
              class="text-sm font-semibold text-[#344767] dark:text-white mb-1"
            >
              Momo
            </h6>
            <p
              class="text-xs text-[#7b809a]"
            >
              05 Feb 09:52 AM
            </p>
          </div>
        </div>
        <p
          class="text-sm font-semibold text-[#4CAF50]"
        >
          + $ 90
        </p>
      </div>
    </ul>
  </div>
</div>
`;
