// Jest Snapshot v1, https://goo.gl/fbAQLP

exports[`Testing Order detail contact section Should match snapshot 1`] = `
{
  "asFragment": [Function],
  "baseElement": <body>
    <div>
      <div
        class="tremor-Card-root relative w-full text-left rounded-tremor-default bg-tremor-background ring-tremor-ring shadow-tremor-card dark:ring-dark-tremor-ring dark:shadow-dark-tremor-card border-tremor-brand dark:border-dark-tremor-brand p-6 dark:bg-dark-tremor-primary ring-0"
      >
        <p
          class="text-tremor-title font-primary font-bold text-primary dark:text-dark-primary text-xl leading-snug capitalize"
        >
          Socials
        </p>
        <div
          class="tremor-Flex-root flex w-full flex-col items-start justify-start mt-8"
        >
          <input
            class="input-text"
            id="shoppify-handle"
            placeholder="Shoppify Handle"
            value=""
          />
          <input
            class="input-text"
            id="facebook-account"
            placeholder="Facebook Account"
            value=""
          />
          <input
            class="input-text"
            id="instagram-account"
            placeholder="Instagram Account"
            value=""
          />
        </div>
      </div>
    </div>
  </body>,
  "container": <div>
    <div
      class="tremor-Card-root relative w-full text-left rounded-tremor-default bg-tremor-background ring-tremor-ring shadow-tremor-card dark:ring-dark-tremor-ring dark:shadow-dark-tremor-card border-tremor-brand dark:border-dark-tremor-brand p-6 dark:bg-dark-tremor-primary ring-0"
    >
      <p
        class="text-tremor-title font-primary font-bold text-primary dark:text-dark-primary text-xl leading-snug capitalize"
      >
        Socials
      </p>
      <div
        class="tremor-Flex-root flex w-full flex-col items-start justify-start mt-8"
      >
        <input
          class="input-text"
          id="shoppify-handle"
          placeholder="Shoppify Handle"
          value=""
        />
        <input
          class="input-text"
          id="facebook-account"
          placeholder="Facebook Account"
          value=""
        />
        <input
          class="input-text"
          id="instagram-account"
          placeholder="Instagram Account"
          value=""
        />
      </div>
    </div>
  </div>,
  "debug": [Function],
  "findAllByAltText": [Function],
  "findAllByDisplayValue": [Function],
  "findAllByLabelText": [Function],
  "findAllByPlaceholderText": [Function],
  "findAllByRole": [Function],
  "findAllByTestId": [Function],
  "findAllByText": [Function],
  "findAllByTitle": [Function],
  "findByAltText": [Function],
  "findByDisplayValue": [Function],
  "findByLabelText": [Function],
  "findByPlaceholderText": [Function],
  "findByRole": [Function],
  "findByTestId": [Function],
  "findByText": [Function],
  "findByTitle": [Function],
  "getAllByAltText": [Function],
  "getAllByDisplayValue": [Function],
  "getAllByLabelText": [Function],
  "getAllByPlaceholderText": [Function],
  "getAllByRole": [Function],
  "getAllByTestId": [Function],
  "getAllByText": [Function],
  "getAllByTitle": [Function],
  "getByAltText": [Function],
  "getByDisplayValue": [Function],
  "getByLabelText": [Function],
  "getByPlaceholderText": [Function],
  "getByRole": [Function],
  "getByTestId": [Function],
  "getByText": [Function],
  "getByTitle": [Function],
  "queryAllByAltText": [Function],
  "queryAllByDisplayValue": [Function],
  "queryAllByLabelText": [Function],
  "queryAllByPlaceholderText": [Function],
  "queryAllByRole": [Function],
  "queryAllByTestId": [Function],
  "queryAllByText": [Function],
  "queryAllByTitle": [Function],
  "queryByAltText": [Function],
  "queryByDisplayValue": [Function],
  "queryByLabelText": [Function],
  "queryByPlaceholderText": [Function],
  "queryByRole": [Function],
  "queryByTestId": [Function],
  "queryByText": [Function],
  "queryByTitle": [Function],
  "rerender": [Function],
  "unmount": [Function],
}
`;
