// Jest Snapshot v1, https://goo.gl/fbAQLP

exports[`InvoiceHeader component should render snapshot correctly 1`] = `
<div>
  <div
    class="tremor-Flex-root flex w-full justify-between items-center flex-col md:flex-row mb-10 md:mb-20"
  >
    <div
      class="tremor-Flex-root flex w-full flex-col justify-between items-start md:max-w-[35%]"
    >
      <svg
        class="browser-logo"
        height="50"
        preserveAspectRatio="xMidYMid meet"
        version="1.0"
        viewBox="0 0 200.000000 200.000000"
        width="50"
        xmlns="http://www.w3.org/2000/svg"
      >
        <g
          fill="#000"
          stroke="none"
          transform="translate(0.000000,200.000000) scale(0.100000,-0.100000)"
        >
          <path
            d="M127 1852 c-15 -17 -17 -63 -17 -454 0 -409 1 -436 18 -451 16 -15   46 -17 210 -17 l191 0 3 -399 c3 -376 4 -400 22 -420 19 -21 25 -21 451 -21   426 0 432 0 451 21 18 20 19 44 22 420 l3 399 188 0 c169 0 190 2 204 18 15   17 17 63 17 454 0 409 -1 436 -18 451 -17 16 -92 17 -874 17 -816 0 -856 -1   -871 -18z m818 -449 l0 -362 -367 -7 -368 -6 0 371 0 371 368 -2 367 -3 0   -362z m845 -4 l0 -371 -367 7 -368 6 -3 352 c-1 194 0 358 3 364 3 10 86 13   370 13 l365 0 0 -371z m-420 -839 l0 -370 -364 0 c-323 0 -365 2 -370 16 -8   21 -8 709 1 717 3 4 170 7 370 7 l363 0 0 -370z"
          />
          <path
            d="M453 1432 c-57 -54 -103 -104 -103 -111 0 -7 5 -21 10 -32 20 -36 51   -22 132 58 l78 78 78 -78 c76 -76 105 -90 130 -65 7 7 12 21 12 33 0 27 -188   215 -215 215 -12 0 -64 -42 -122 -98z"
          />
          <path
            d="M1277 1432 c-96 -96 -111 -124 -85 -150 25 -25 54 -11 130 65 l78 78   78 -78 c45 -45 86 -77 98 -77 26 0 44 18 44 44 0 27 -196 216 -224 216 -14 0   -57 -35 -119 -98z"
          />
          <path
            d="M802 668 c-27 -27 -11 -55 86 -151 71 -71 104 -97 122 -97 19 0 51   26 123 98 96 96 111 124 85 150 -24 24 -52 10 -129 -65 l-79 -77 -46 45 c-25   24 -61 59 -79 77 -34 33 -63 40 -83 20z"
          />
        </g>
      </svg>
      <svg
        class="print-logo"
        height="50"
        preserveAspectRatio="xMidYMid meet"
        version="1.0"
        viewBox="0 0 200.000000 200.000000"
        width="50"
        xmlns="http://www.w3.org/2000/svg"
      >
        <g
          fill="#000"
          stroke="none"
          transform="translate(0.000000,200.000000) scale(0.100000,-0.100000)"
        >
          <path
            d="M127 1852 c-15 -17 -17 -63 -17 -454 0 -409 1 -436 18 -451 16 -15   46 -17 210 -17 l191 0 3 -399 c3 -376 4 -400 22 -420 19 -21 25 -21 451 -21   426 0 432 0 451 21 18 20 19 44 22 420 l3 399 188 0 c169 0 190 2 204 18 15   17 17 63 17 454 0 409 -1 436 -18 451 -17 16 -92 17 -874 17 -816 0 -856 -1   -871 -18z m818 -449 l0 -362 -367 -7 -368 -6 0 371 0 371 368 -2 367 -3 0   -362z m845 -4 l0 -371 -367 7 -368 6 -3 352 c-1 194 0 358 3 364 3 10 86 13   370 13 l365 0 0 -371z m-420 -839 l0 -370 -364 0 c-323 0 -365 2 -370 16 -8   21 -8 709 1 717 3 4 170 7 370 7 l363 0 0 -370z"
          />
          <path
            d="M453 1432 c-57 -54 -103 -104 -103 -111 0 -7 5 -21 10 -32 20 -36 51   -22 132 58 l78 78 78 -78 c76 -76 105 -90 130 -65 7 7 12 21 12 33 0 27 -188   215 -215 215 -12 0 -64 -42 -122 -98z"
          />
          <path
            d="M1277 1432 c-96 -96 -111 -124 -85 -150 25 -25 54 -11 130 65 l78 78   78 -78 c45 -45 86 -77 98 -77 26 0 44 18 44 44 0 27 -196 216 -224 216 -14 0   -57 -35 -119 -98z"
          />
          <path
            d="M802 668 c-27 -27 -11 -55 86 -151 71 -71 104 -97 122 -97 19 0 51   26 123 98 96 96 111 124 85 150 -24 24 -52 10 -129 -65 l-79 -77 -46 45 c-25   24 -61 59 -79 77 -34 33 -63 40 -83 20z"
          />
        </g>
      </svg>
      <p
        class="text-tremor-title text-primary dark:text-white font-semibold leading-6 tracking-wide mt-7 dark:print:text-primary"
      >
        123 Bank Street Bucharest, Romania
      </p>
      <a
        class="text-secondary print:text-black text-base dark:text-dark-romance font-primary font-light leading-6 tracking-wide mt-2 mb-6 md:mb-4 dark:print:text-black"
        href="tel:+4 (074) 1090873"
      >
        tel: 
        +4 (074) 1090873
      </a>
    </div>
    <div
      class="tremor-Flex-root flex w-full flex-col justify-between items-start md:items-end md:mt-0"
    >
      <p
        class="text-tremor-title text-primary dark:text-white font-semibold leading-6 tracking-wide dark:print:text-primary"
      >
        Billed to: 
        John Doe
      </p>
      <p
        class="text-secondary print:text-black text-tremor-title dark:text-dark-romance font-primary font-light leading-6 tracking-wide md:text-right dark:print:text-black"
      >
        4006 Locust View Drive
        <br />
         
        San Francisco
         
        CA
        <br />
         
        California
      </p>
    </div>
  </div>
  <button
    data-testid="toggle-theme"
  >
    isDarkTheme to false
  </button>
</div>
`;
