// Jest Snapshot v1, https://goo.gl/fbAQLP

exports[`Test InvoiceHeader component Should match snapshot 1`] = `
{
  "asFragment": [Function],
  "baseElement": <body>
    <div>
      <div
        class="tremor-Flex-root flex w-full flex-row justify-between items-center"
      >
        <div>
          <b
            class="text-inherit font-bold dark:text-white"
          >
            Order Details
          </b>
          <div
            class="mt-2"
          >
            <p
              class="text-tremor-default text-tremor-content dark:text-lighter"
            >
              Order no. 
              <b
                class="text-inherit font-bold"
              >
                241342
              </b>
               from
               
              <b
                class="text-inherit font-bold"
              >
                11.01.2024
              </b>
            </p>
            <p
              class="text-tremor-default text-tremor-content dark:text-lighter"
            >
              Code: 
              <b
                class="text-inherit font-bold"
              >
                KF332
              </b>
            </p>
          </div>
        </div>
        <button
          class="tremor-Button-root flex-shrink-0 inline-flex justify-center items-center group font-medium outline-none rounded-tremor-default shadow-tremor-input dark:shadow-dark-tremor-input border text-sm border-tremor-brand dark:border-dark-tremor-brand text-tremor-brand-inverted hover:bg-tremor-brand-emphasis dark:hover:bg-dark-tremor-brand-emphasis hover:border-tremor-brand-emphasis dark:hover:border-dark-tremor-brand-emphasis py-3 px-5 bg-gradient-primary dark:bg-gradient-pickled border-none dark:text-white"
        >
          <span
            class="tremor-Button-text text-sm whitespace-nowrap"
          >
            <p
              class="text-tremor-default uppercase text-xs text-white dark:text-white"
            >
              invoice
            </p>
          </span>
        </button>
      </div>
    </div>
  </body>,
  "container": <div>
    <div
      class="tremor-Flex-root flex w-full flex-row justify-between items-center"
    >
      <div>
        <b
          class="text-inherit font-bold dark:text-white"
        >
          Order Details
        </b>
        <div
          class="mt-2"
        >
          <p
            class="text-tremor-default text-tremor-content dark:text-lighter"
          >
            Order no. 
            <b
              class="text-inherit font-bold"
            >
              241342
            </b>
             from
             
            <b
              class="text-inherit font-bold"
            >
              11.01.2024
            </b>
          </p>
          <p
            class="text-tremor-default text-tremor-content dark:text-lighter"
          >
            Code: 
            <b
              class="text-inherit font-bold"
            >
              KF332
            </b>
          </p>
        </div>
      </div>
      <button
        class="tremor-Button-root flex-shrink-0 inline-flex justify-center items-center group font-medium outline-none rounded-tremor-default shadow-tremor-input dark:shadow-dark-tremor-input border text-sm border-tremor-brand dark:border-dark-tremor-brand text-tremor-brand-inverted hover:bg-tremor-brand-emphasis dark:hover:bg-dark-tremor-brand-emphasis hover:border-tremor-brand-emphasis dark:hover:border-dark-tremor-brand-emphasis py-3 px-5 bg-gradient-primary dark:bg-gradient-pickled border-none dark:text-white"
      >
        <span
          class="tremor-Button-text text-sm whitespace-nowrap"
        >
          <p
            class="text-tremor-default uppercase text-xs text-white dark:text-white"
          >
            invoice
          </p>
        </span>
      </button>
    </div>
  </div>,
  "debug": [Function],
  "findAllByAltText": [Function],
  "findAllByDisplayValue": [Function],
  "findAllByLabelText": [Function],
  "findAllByPlaceholderText": [Function],
  "findAllByRole": [Function],
  "findAllByTestId": [Function],
  "findAllByText": [Function],
  "findAllByTitle": [Function],
  "findByAltText": [Function],
  "findByDisplayValue": [Function],
  "findByLabelText": [Function],
  "findByPlaceholderText": [Function],
  "findByRole": [Function],
  "findByTestId": [Function],
  "findByText": [Function],
  "findByTitle": [Function],
  "getAllByAltText": [Function],
  "getAllByDisplayValue": [Function],
  "getAllByLabelText": [Function],
  "getAllByPlaceholderText": [Function],
  "getAllByRole": [Function],
  "getAllByTestId": [Function],
  "getAllByText": [Function],
  "getAllByTitle": [Function],
  "getByAltText": [Function],
  "getByDisplayValue": [Function],
  "getByLabelText": [Function],
  "getByPlaceholderText": [Function],
  "getByRole": [Function],
  "getByTestId": [Function],
  "getByText": [Function],
  "getByTitle": [Function],
  "queryAllByAltText": [Function],
  "queryAllByDisplayValue": [Function],
  "queryAllByLabelText": [Function],
  "queryAllByPlaceholderText": [Function],
  "queryAllByRole": [Function],
  "queryAllByTestId": [Function],
  "queryAllByText": [Function],
  "queryAllByTitle": [Function],
  "queryByAltText": [Function],
  "queryByDisplayValue": [Function],
  "queryByLabelText": [Function],
  "queryByPlaceholderText": [Function],
  "queryByRole": [Function],
  "queryByTestId": [Function],
  "queryByText": [Function],
  "queryByTitle": [Function],
  "rerender": [Function],
  "unmount": [Function],
}
`;
