// Jest Snapshot v1, https://goo.gl/fbAQLP

exports[`SalaryCard Testing should match snapshot 1`] = `
{
  "asFragment": [Function],
  "baseElement": <body>
    <div>
      <div
        class="w-full font-primary antialiased items-center justify-between"
      >
        <div
          class="flex items-center"
        >
          <div
            class="tremor-Card-root w-full text-left rounded-tremor-default ring-tremor-ring shadow-tremor-card dark:ring-dark-tremor-ring dark:shadow-dark-tremor-card border-tremor-brand dark:border-dark-tremor-brand p-6 bg-tremor-primary dark:bg-dark-tremor-primary mx-auto pt-3 pb-4 px-4 ring-0 max-w-full lg:max-w-[356px] 2xl:max-w-full border-none relative rounded-xl shadow-md"
          >
            <div
              class="tremor-Flex-root flex w-full justify-between items-center flex-col"
            >
              <div
                class="tremor-Flex-root flex flex-row items-center p-1 justify-center rounded-xl w-16 h-16 bg-gradient-arsenic shadow-box-icon-primary"
              >
                <svg
                  color="white"
                  fill="currentColor"
                  height="18px"
                  stroke="currentColor"
                  stroke-width="0"
                  style="color: white;"
                  viewBox="0 0 24 24"
                  width="18px"
                  xmlns="http://www.w3.org/2000/svg"
                >
                  <path
                    d="M21.4945038,7.054125 C20.4250038,12.026625 17.0155038,14.658375 11.6050038,14.658375 L9.64300376,14.658375 L8.17975376,24.000375 L11.3620038,24.000375 C11.8217538,24.000375 12.2125038,23.665875 12.2845038,23.212125 L12.3220038,23.014125 L13.0540038,18.377625 L13.1012538,18.121875 C13.1725038,17.668125 13.5640038,17.333625 14.0230038,17.333625 L14.6042538,17.333625 C18.3640038,17.333625 21.3085038,15.805875 22.1687538,11.388375 C22.5137538,9.615375 22.3480038,8.128875 21.4945038,7.054125 M19.3172538,1.80975 C18.2057538,0.543 16.1972538,0 13.6270038,0 L6.16900376,0 C5.64325376,0 5.19625376,0.3825 5.11375376,0.90075 L2.00800376,20.59725 C1.94650376,20.98575 2.24725376,21.3375 2.64100376,21.3375 L7.24525376,21.3375 L8.40175376,14.0025 L8.36575376,14.232 C8.44825376,13.71375 8.89225376,13.33125 9.41725376,13.33125 L11.6050038,13.33125 C15.9040038,13.33125 19.2692538,11.58525 20.2525038,6.53475 C20.2817538,6.38475 20.3290038,6.0975 20.3290038,6.0975 C20.6080038,4.2285 20.3267538,2.96025 19.3172538,1.80975"
                    fill-rule="evenodd"
                  />
                </svg>
              </div>
              <div
                class="tremor-Flex-root flex w-full justify-between items-center flex-col mt-4 mb-1"
              >
                <p
                  class="mb-1 text-primary dark:text-lighter text-tremor-title leading-[33px] tracking-[0.1764px] font-semibold"
                >
                  Paypal
                </p>
                <p
                  class="text-tremor-default text-xs dark:text-dark-romance text-primary font-light"
                >
                  Freelance Payment
                </p>
              </div>
            </div>
            <div
              class="h-px bg-[linear-gradient(to_right,rgba(52,71,103,0),rgba(52,71,103,0.4),rgba(52,71,103,0))] opacity-25 dark:opacity-95 my-4"
            />
            <div
              class="tremor-Flex-root flex w-full flex-row justify-center items-center mt-5 mb-1"
            >
              <p
                class="text-tremor-default text-primary text-xl dark:text-lighter font-semibold"
              >
                $45,500
              </p>
            </div>
          </div>
        </div>
      </div>
    </div>
  </body>,
  "container": <div>
    <div
      class="w-full font-primary antialiased items-center justify-between"
    >
      <div
        class="flex items-center"
      >
        <div
          class="tremor-Card-root w-full text-left rounded-tremor-default ring-tremor-ring shadow-tremor-card dark:ring-dark-tremor-ring dark:shadow-dark-tremor-card border-tremor-brand dark:border-dark-tremor-brand p-6 bg-tremor-primary dark:bg-dark-tremor-primary mx-auto pt-3 pb-4 px-4 ring-0 max-w-full lg:max-w-[356px] 2xl:max-w-full border-none relative rounded-xl shadow-md"
        >
          <div
            class="tremor-Flex-root flex w-full justify-between items-center flex-col"
          >
            <div
              class="tremor-Flex-root flex flex-row items-center p-1 justify-center rounded-xl w-16 h-16 bg-gradient-arsenic shadow-box-icon-primary"
            >
              <svg
                color="white"
                fill="currentColor"
                height="18px"
                stroke="currentColor"
                stroke-width="0"
                style="color: white;"
                viewBox="0 0 24 24"
                width="18px"
                xmlns="http://www.w3.org/2000/svg"
              >
                <path
                  d="M21.4945038,7.054125 C20.4250038,12.026625 17.0155038,14.658375 11.6050038,14.658375 L9.64300376,14.658375 L8.17975376,24.000375 L11.3620038,24.000375 C11.8217538,24.000375 12.2125038,23.665875 12.2845038,23.212125 L12.3220038,23.014125 L13.0540038,18.377625 L13.1012538,18.121875 C13.1725038,17.668125 13.5640038,17.333625 14.0230038,17.333625 L14.6042538,17.333625 C18.3640038,17.333625 21.3085038,15.805875 22.1687538,11.388375 C22.5137538,9.615375 22.3480038,8.128875 21.4945038,7.054125 M19.3172538,1.80975 C18.2057538,0.543 16.1972538,0 13.6270038,0 L6.16900376,0 C5.64325376,0 5.19625376,0.3825 5.11375376,0.90075 L2.00800376,20.59725 C1.94650376,20.98575 2.24725376,21.3375 2.64100376,21.3375 L7.24525376,21.3375 L8.40175376,14.0025 L8.36575376,14.232 C8.44825376,13.71375 8.89225376,13.33125 9.41725376,13.33125 L11.6050038,13.33125 C15.9040038,13.33125 19.2692538,11.58525 20.2525038,6.53475 C20.2817538,6.38475 20.3290038,6.0975 20.3290038,6.0975 C20.6080038,4.2285 20.3267538,2.96025 19.3172538,1.80975"
                  fill-rule="evenodd"
                />
              </svg>
            </div>
            <div
              class="tremor-Flex-root flex w-full justify-between items-center flex-col mt-4 mb-1"
            >
              <p
                class="mb-1 text-primary dark:text-lighter text-tremor-title leading-[33px] tracking-[0.1764px] font-semibold"
              >
                Paypal
              </p>
              <p
                class="text-tremor-default text-xs dark:text-dark-romance text-primary font-light"
              >
                Freelance Payment
              </p>
            </div>
          </div>
          <div
            class="h-px bg-[linear-gradient(to_right,rgba(52,71,103,0),rgba(52,71,103,0.4),rgba(52,71,103,0))] opacity-25 dark:opacity-95 my-4"
          />
          <div
            class="tremor-Flex-root flex w-full flex-row justify-center items-center mt-5 mb-1"
          >
            <p
              class="text-tremor-default text-primary text-xl dark:text-lighter font-semibold"
            >
              $45,500
            </p>
          </div>
        </div>
      </div>
    </div>
  </div>,
  "debug": [Function],
  "findAllByAltText": [Function],
  "findAllByDisplayValue": [Function],
  "findAllByLabelText": [Function],
  "findAllByPlaceholderText": [Function],
  "findAllByRole": [Function],
  "findAllByTestId": [Function],
  "findAllByText": [Function],
  "findAllByTitle": [Function],
  "findByAltText": [Function],
  "findByDisplayValue": [Function],
  "findByLabelText": [Function],
  "findByPlaceholderText": [Function],
  "findByRole": [Function],
  "findByTestId": [Function],
  "findByText": [Function],
  "findByTitle": [Function],
  "getAllByAltText": [Function],
  "getAllByDisplayValue": [Function],
  "getAllByLabelText": [Function],
  "getAllByPlaceholderText": [Function],
  "getAllByRole": [Function],
  "getAllByTestId": [Function],
  "getAllByText": [Function],
  "getAllByTitle": [Function],
  "getByAltText": [Function],
  "getByDisplayValue": [Function],
  "getByLabelText": [Function],
  "getByPlaceholderText": [Function],
  "getByRole": [Function],
  "getByTestId": [Function],
  "getByText": [Function],
  "getByTitle": [Function],
  "queryAllByAltText": [Function],
  "queryAllByDisplayValue": [Function],
  "queryAllByLabelText": [Function],
  "queryAllByPlaceholderText": [Function],
  "queryAllByRole": [Function],
  "queryAllByTestId": [Function],
  "queryAllByText": [Function],
  "queryAllByTitle": [Function],
  "queryByAltText": [Function],
  "queryByDisplayValue": [Function],
  "queryByLabelText": [Function],
  "queryByPlaceholderText": [Function],
  "queryByRole": [Function],
  "queryByTestId": [Function],
  "queryByText": [Function],
  "queryByTitle": [Function],
  "rerender": [Function],
  "unmount": [Function],
}
`;
