// Jest Snapshot v1, https://goo.gl/fbAQLP

exports[`SalaryCard Testing should match snapshot 1`] = `
{
  "asFragment": [Function],
  "baseElement": <body>
    <div>
      <div
        class="w-full font-primary antialiased items-center justify-between"
      >
        <div
          class="flex items-center"
        >
          <div
            class="tremor-Card-root w-full text-left rounded-tremor-default p-6 ring-tremor-ring shadow-tremor-card dark:ring-dark-tremor-ring dark:shadow-dark-tremor-card border-tremor-brand dark:border-dark-tremor-brand bg-tremor-primary dark:bg-dark-tremor-primary mx-auto pt-3 pb-4 px-4 ring-0 max-w-full lg:max-w-[356px] 2xl:max-w-full border-none relative rounded-xl shadow-md"
          >
            <div
              class="tremor-Flex-root flex w-full flex-col justify-between items-center"
            >
              <div
                class="tremor-Flex-root flex flex-row items-center p-1 justify-center rounded-xl shadow-box-icon-default w-16 h-16 bg-gradient-pickled"
              >
                <svg
                  color="white"
                  fill="currentColor"
                  height="23px"
                  stroke="currentColor"
                  stroke-width="0"
                  style="color: white;"
                  viewBox="0 0 24 24"
                  width="23px"
                  xmlns="http://www.w3.org/2000/svg"
                >
                  <path
                    d="M0 0h24v24H0z"
                    fill="none"
                  />
                  <path
                    d="M4 10h3v7H4zM10.5 10h3v7h-3zM2 19h20v3H2zM17 10h3v7h-3zM12 1L2 6v2h20V6z"
                  />
                </svg>
              </div>
              <div
                class="tremor-Flex-root flex w-full flex-col justify-between items-center mt-4 mb-1"
              >
                <p
                  class="mb-1 text-primary dark:text-lighter text-tremor-title leading-[33px] tracking-[0.1764px] font-semibold"
                >
                  Salary
                </p>
                <p
                  class="text-tremor-default text-xs dark:text-dark-romance text-primary font-light"
                >
                  Belong Interactive
                </p>
              </div>
            </div>
            <div
              class="tremor-Divider-root w-full mx-auto flex justify-between gap-3 items-center text-tremor-default text-tremor-content dark:text-dark-tremor-content opacity-25 dark:opacity-15 my-4"
            >
              <div
                class="w-full h-[1px] bg-tremor-border dark:bg-dark-tremor-border"
              />
            </div>
            <div
              class="tremor-Flex-root flex w-full flex-col justify-between items-center gap-4"
            >
              <button
                class="tremor-Button-root shrink-0 inline-flex justify-center items-center group font-medium outline-none text-sm bg-transparent text-primary hover:text-primary dark:text-lighter dark:hover:text-lighter"
              >
                <svg
                  class="tremor-Button-icon shrink-0 h-5 w-5"
                  fill="currentColor"
                  height="1em"
                  stroke="currentColor"
                  stroke-width="0"
                  viewBox="0 0 576 512"
                  width="1em"
                  xmlns="http://www.w3.org/2000/svg"
                >
                  <path
                    d="M288 80c-65.2 0-118.8 29.6-159.9 67.7C89.6 183.5 63 226 49.4 256c13.6 30 40.2 72.5 78.6 108.3C169.2 402.4 222.8 432 288 432s118.8-29.6 159.9-67.7C486.4 328.5 513 286 526.6 256c-13.6-30-40.2-72.5-78.6-108.3C406.8 109.6 353.2 80 288 80zM95.4 112.6C142.5 68.8 207.2 32 288 32s145.5 36.8 192.6 80.6c46.8 43.5 78.1 95.4 93 131.1c3.3 7.9 3.3 16.7 0 24.6c-14.9 35.7-46.2 87.7-93 131.1C433.5 443.2 368.8 480 288 480s-145.5-36.8-192.6-80.6C48.6 356 17.3 304 2.5 268.3c-3.3-7.9-3.3-16.7 0-24.6C17.3 208 48.6 156 95.4 112.6zM288 336c44.2 0 80-35.8 80-80s-35.8-80-80-80c-.7 0-1.3 0-2 0c1.3 5.1 2 10.5 2 16c0 35.3-28.7 64-64 64c-5.5 0-10.9-.7-16-2c0 .7 0 1.3 0 2c0 44.2 35.8 80 80 80zm0-208a128 128 0 1 1 0 256 128 128 0 1 1 0-256z"
                  />
                </svg>
              </button>
              <p
                class="text-tremor-default text-primary text-xl dark:text-lighter font-semibold"
              >
                *****
              </p>
            </div>
          </div>
        </div>
      </div>
    </div>
  </body>,
  "container": <div>
    <div
      class="w-full font-primary antialiased items-center justify-between"
    >
      <div
        class="flex items-center"
      >
        <div
          class="tremor-Card-root w-full text-left rounded-tremor-default p-6 ring-tremor-ring shadow-tremor-card dark:ring-dark-tremor-ring dark:shadow-dark-tremor-card border-tremor-brand dark:border-dark-tremor-brand bg-tremor-primary dark:bg-dark-tremor-primary mx-auto pt-3 pb-4 px-4 ring-0 max-w-full lg:max-w-[356px] 2xl:max-w-full border-none relative rounded-xl shadow-md"
        >
          <div
            class="tremor-Flex-root flex w-full flex-col justify-between items-center"
          >
            <div
              class="tremor-Flex-root flex flex-row items-center p-1 justify-center rounded-xl shadow-box-icon-default w-16 h-16 bg-gradient-pickled"
            >
              <svg
                color="white"
                fill="currentColor"
                height="23px"
                stroke="currentColor"
                stroke-width="0"
                style="color: white;"
                viewBox="0 0 24 24"
                width="23px"
                xmlns="http://www.w3.org/2000/svg"
              >
                <path
                  d="M0 0h24v24H0z"
                  fill="none"
                />
                <path
                  d="M4 10h3v7H4zM10.5 10h3v7h-3zM2 19h20v3H2zM17 10h3v7h-3zM12 1L2 6v2h20V6z"
                />
              </svg>
            </div>
            <div
              class="tremor-Flex-root flex w-full flex-col justify-between items-center mt-4 mb-1"
            >
              <p
                class="mb-1 text-primary dark:text-lighter text-tremor-title leading-[33px] tracking-[0.1764px] font-semibold"
              >
                Salary
              </p>
              <p
                class="text-tremor-default text-xs dark:text-dark-romance text-primary font-light"
              >
                Belong Interactive
              </p>
            </div>
          </div>
          <div
            class="tremor-Divider-root w-full mx-auto flex justify-between gap-3 items-center text-tremor-default text-tremor-content dark:text-dark-tremor-content opacity-25 dark:opacity-15 my-4"
          >
            <div
              class="w-full h-[1px] bg-tremor-border dark:bg-dark-tremor-border"
            />
          </div>
          <div
            class="tremor-Flex-root flex w-full flex-col justify-between items-center gap-4"
          >
            <button
              class="tremor-Button-root shrink-0 inline-flex justify-center items-center group font-medium outline-none text-sm bg-transparent text-primary hover:text-primary dark:text-lighter dark:hover:text-lighter"
            >
              <svg
                class="tremor-Button-icon shrink-0 h-5 w-5"
                fill="currentColor"
                height="1em"
                stroke="currentColor"
                stroke-width="0"
                viewBox="0 0 576 512"
                width="1em"
                xmlns="http://www.w3.org/2000/svg"
              >
                <path
                  d="M288 80c-65.2 0-118.8 29.6-159.9 67.7C89.6 183.5 63 226 49.4 256c13.6 30 40.2 72.5 78.6 108.3C169.2 402.4 222.8 432 288 432s118.8-29.6 159.9-67.7C486.4 328.5 513 286 526.6 256c-13.6-30-40.2-72.5-78.6-108.3C406.8 109.6 353.2 80 288 80zM95.4 112.6C142.5 68.8 207.2 32 288 32s145.5 36.8 192.6 80.6c46.8 43.5 78.1 95.4 93 131.1c3.3 7.9 3.3 16.7 0 24.6c-14.9 35.7-46.2 87.7-93 131.1C433.5 443.2 368.8 480 288 480s-145.5-36.8-192.6-80.6C48.6 356 17.3 304 2.5 268.3c-3.3-7.9-3.3-16.7 0-24.6C17.3 208 48.6 156 95.4 112.6zM288 336c44.2 0 80-35.8 80-80s-35.8-80-80-80c-.7 0-1.3 0-2 0c1.3 5.1 2 10.5 2 16c0 35.3-28.7 64-64 64c-5.5 0-10.9-.7-16-2c0 .7 0 1.3 0 2c0 44.2 35.8 80 80 80zm0-208a128 128 0 1 1 0 256 128 128 0 1 1 0-256z"
                />
              </svg>
            </button>
            <p
              class="text-tremor-default text-primary text-xl dark:text-lighter font-semibold"
            >
              *****
            </p>
          </div>
        </div>
      </div>
    </div>
  </div>,
  "debug": [Function],
  "findAllByAltText": [Function],
  "findAllByDisplayValue": [Function],
  "findAllByLabelText": [Function],
  "findAllByPlaceholderText": [Function],
  "findAllByRole": [Function],
  "findAllByTestId": [Function],
  "findAllByText": [Function],
  "findAllByTitle": [Function],
  "findByAltText": [Function],
  "findByDisplayValue": [Function],
  "findByLabelText": [Function],
  "findByPlaceholderText": [Function],
  "findByRole": [Function],
  "findByTestId": [Function],
  "findByText": [Function],
  "findByTitle": [Function],
  "getAllByAltText": [Function],
  "getAllByDisplayValue": [Function],
  "getAllByLabelText": [Function],
  "getAllByPlaceholderText": [Function],
  "getAllByRole": [Function],
  "getAllByTestId": [Function],
  "getAllByText": [Function],
  "getAllByTitle": [Function],
  "getByAltText": [Function],
  "getByDisplayValue": [Function],
  "getByLabelText": [Function],
  "getByPlaceholderText": [Function],
  "getByRole": [Function],
  "getByTestId": [Function],
  "getByText": [Function],
  "getByTitle": [Function],
  "queryAllByAltText": [Function],
  "queryAllByDisplayValue": [Function],
  "queryAllByLabelText": [Function],
  "queryAllByPlaceholderText": [Function],
  "queryAllByRole": [Function],
  "queryAllByTestId": [Function],
  "queryAllByText": [Function],
  "queryAllByTitle": [Function],
  "queryByAltText": [Function],
  "queryByDisplayValue": [Function],
  "queryByLabelText": [Function],
  "queryByPlaceholderText": [Function],
  "queryByRole": [Function],
  "queryByTestId": [Function],
  "queryByText": [Function],
  "queryByTitle": [Function],
  "rerender": [Function],
  "unmount": [Function],
}
`;
