// Jest Snapshot v1, https://goo.gl/fbAQLP

exports[`ProductImage component should render snapshot correctly 1`] = `
{
  "asFragment": [Function],
  "baseElement": <body>
    <div>
      <div
        class="tremor-Card-root relative text-left rounded-tremor-default ring-tremor-ring shadow-tremor-card dark:ring-dark-tremor-ring dark:shadow-dark-tremor-card border-tremor-brand dark:border-dark-tremor-brand w-full bg-tremor-primary dark:bg-dark-tremor-primary group overflow-visible p-4 border-none ring-0 md:even:mr-0 md:last:mr-0 lg:even:mr-6 analytics-info"
      >
        <div
          class="tremor-Flex-root flex w-full flex-col justify-start items-start -mt-10"
        >
          <div
            class="tremor-Flex-root flex w-full flex-row justify-between items-center relative duration-500 ease-[cubic-bezier(0.34,1.61,0.7,1)] translate-y-0 group-hover:-translate-y-12 transition-all z-10"
          >
            <img
              alt="Minimal Bar Stool 3"
              class="relative w-full h-52 md:h-80 rounded-xl rounded-xl shadow-lg z-10 object-cover  shadow-[0rem_0.3125rem_0.625rem_0rem_rgba(0,0,0,0.12)]"
              data-nimg="1"
              decoding="async"
              height="500"
              loading="lazy"
              src="http://localhost/_next/image?url=https%3A%2F%2Fi.ibb.co%2FPGcBzMv%2Fa-high-detail-shot-of-a-cat-we.png&w=1920&q=75"
              srcset="/_next/image?url=https%3A%2F%2Fi.ibb.co%2FPGcBzMv%2Fa-high-detail-shot-of-a-cat-we.png&w=828&q=75 1x, /_next/image?url=https%3A%2F%2Fi.ibb.co%2FPGcBzMv%2Fa-high-detail-shot-of-a-cat-we.png&w=1920&q=75 2x"
              style="color: transparent;"
              width="800"
            />
          </div>
          <div
            class="tremor-Flex-root flex w-full flex-col justify-between items-center pt-7 px-2"
          >
            <div
              class="tremor-Flex-root flex w-full flex-row justify-center items-center -mt-16"
            >
              <div
                class="antialiased text-center uppercase bg-gradient-primary dark:bg-gradient-pickled rounded-lg border-0 shadow-btn-primary hover:shadow-btn-primary-hover px-3 py-2 cursor-pointer leading-[17px] tracking-[0.35px]"
              >
                <label
                  class="uppercase text-xs font-bold text-white uppercase mx-2 cursor-pointer"
                >
                  Edit
                  <input
                    accept="image/png, image/jpeg, image/webp"
                    class="hidden"
                    type="file"
                  />
                </label>
              </div>
              <button
                class="tremor-Button-root flex-shrink-0 inline-flex justify-center items-center group font-medium outline-none text-tremor-brand dark:text-dark-tremor-brand hover:text-tremor-brand-emphasis dark:hover:text-dark-tremor-brand-emphasis antialiased px-2 py-1.5 text-center uppercase text-xs bg-secondary dark:bg-gradient-pickled rounded-md border border-red-500 hover:border-red-500 dark:border-attention hover:dark:border-attention hover:bg-transparent hover:opacity-75 mx-2 disabled:cursor-not-allowed disabled:opacity-50"
                type="button"
              >
                <span
                  class="tremor-Button-text text-sm whitespace-nowrap"
                >
                  <p
                    class="text-tremor-default py-[1px] text-xs font-bold text-attention dark:text-attention uppercase mx-2"
                  >
                    Remove
                  </p>
                </span>
              </button>
            </div>
            <p
              class="text-tremor-title w-full font-primary font-normal tracking-normal text-primary dark:text-dark-primary text-xl text-center leading-snug capitalize mt-8 mb-2"
            >
              Minimal Bar Stool 3
            </p>
            <div
              class="text-secondary dark:text-dark-romance font-primary flex-wrap text-tremor-title font-light leading-[26px] tracking-[0.17136px] text-center mb-4 text-xs lg:text-base"
            >
              Description
            </div>
          </div>
        </div>
      </div>
    </div>
  </body>,
  "container": <div>
    <div
      class="tremor-Card-root relative text-left rounded-tremor-default ring-tremor-ring shadow-tremor-card dark:ring-dark-tremor-ring dark:shadow-dark-tremor-card border-tremor-brand dark:border-dark-tremor-brand w-full bg-tremor-primary dark:bg-dark-tremor-primary group overflow-visible p-4 border-none ring-0 md:even:mr-0 md:last:mr-0 lg:even:mr-6 analytics-info"
    >
      <div
        class="tremor-Flex-root flex w-full flex-col justify-start items-start -mt-10"
      >
        <div
          class="tremor-Flex-root flex w-full flex-row justify-between items-center relative duration-500 ease-[cubic-bezier(0.34,1.61,0.7,1)] translate-y-0 group-hover:-translate-y-12 transition-all z-10"
        >
          <img
            alt="Minimal Bar Stool 3"
            class="relative w-full h-52 md:h-80 rounded-xl rounded-xl shadow-lg z-10 object-cover  shadow-[0rem_0.3125rem_0.625rem_0rem_rgba(0,0,0,0.12)]"
            data-nimg="1"
            decoding="async"
            height="500"
            loading="lazy"
            src="http://localhost/_next/image?url=https%3A%2F%2Fi.ibb.co%2FPGcBzMv%2Fa-high-detail-shot-of-a-cat-we.png&w=1920&q=75"
            srcset="/_next/image?url=https%3A%2F%2Fi.ibb.co%2FPGcBzMv%2Fa-high-detail-shot-of-a-cat-we.png&w=828&q=75 1x, /_next/image?url=https%3A%2F%2Fi.ibb.co%2FPGcBzMv%2Fa-high-detail-shot-of-a-cat-we.png&w=1920&q=75 2x"
            style="color: transparent;"
            width="800"
          />
        </div>
        <div
          class="tremor-Flex-root flex w-full flex-col justify-between items-center pt-7 px-2"
        >
          <div
            class="tremor-Flex-root flex w-full flex-row justify-center items-center -mt-16"
          >
            <div
              class="antialiased text-center uppercase bg-gradient-primary dark:bg-gradient-pickled rounded-lg border-0 shadow-btn-primary hover:shadow-btn-primary-hover px-3 py-2 cursor-pointer leading-[17px] tracking-[0.35px]"
            >
              <label
                class="uppercase text-xs font-bold text-white uppercase mx-2 cursor-pointer"
              >
                Edit
                <input
                  accept="image/png, image/jpeg, image/webp"
                  class="hidden"
                  type="file"
                />
              </label>
            </div>
            <button
              class="tremor-Button-root flex-shrink-0 inline-flex justify-center items-center group font-medium outline-none text-tremor-brand dark:text-dark-tremor-brand hover:text-tremor-brand-emphasis dark:hover:text-dark-tremor-brand-emphasis antialiased px-2 py-1.5 text-center uppercase text-xs bg-secondary dark:bg-gradient-pickled rounded-md border border-red-500 hover:border-red-500 dark:border-attention hover:dark:border-attention hover:bg-transparent hover:opacity-75 mx-2 disabled:cursor-not-allowed disabled:opacity-50"
              type="button"
            >
              <span
                class="tremor-Button-text text-sm whitespace-nowrap"
              >
                <p
                  class="text-tremor-default py-[1px] text-xs font-bold text-attention dark:text-attention uppercase mx-2"
                >
                  Remove
                </p>
              </span>
            </button>
          </div>
          <p
            class="text-tremor-title w-full font-primary font-normal tracking-normal text-primary dark:text-dark-primary text-xl text-center leading-snug capitalize mt-8 mb-2"
          >
            Minimal Bar Stool 3
          </p>
          <div
            class="text-secondary dark:text-dark-romance font-primary flex-wrap text-tremor-title font-light leading-[26px] tracking-[0.17136px] text-center mb-4 text-xs lg:text-base"
          >
            Description
          </div>
        </div>
      </div>
    </div>
  </div>,
  "debug": [Function],
  "findAllByAltText": [Function],
  "findAllByDisplayValue": [Function],
  "findAllByLabelText": [Function],
  "findAllByPlaceholderText": [Function],
  "findAllByRole": [Function],
  "findAllByTestId": [Function],
  "findAllByText": [Function],
  "findAllByTitle": [Function],
  "findByAltText": [Function],
  "findByDisplayValue": [Function],
  "findByLabelText": [Function],
  "findByPlaceholderText": [Function],
  "findByRole": [Function],
  "findByTestId": [Function],
  "findByText": [Function],
  "findByTitle": [Function],
  "getAllByAltText": [Function],
  "getAllByDisplayValue": [Function],
  "getAllByLabelText": [Function],
  "getAllByPlaceholderText": [Function],
  "getAllByRole": [Function],
  "getAllByTestId": [Function],
  "getAllByText": [Function],
  "getAllByTitle": [Function],
  "getByAltText": [Function],
  "getByDisplayValue": [Function],
  "getByLabelText": [Function],
  "getByPlaceholderText": [Function],
  "getByRole": [Function],
  "getByTestId": [Function],
  "getByText": [Function],
  "getByTitle": [Function],
  "queryAllByAltText": [Function],
  "queryAllByDisplayValue": [Function],
  "queryAllByLabelText": [Function],
  "queryAllByPlaceholderText": [Function],
  "queryAllByRole": [Function],
  "queryAllByTestId": [Function],
  "queryAllByText": [Function],
  "queryAllByTitle": [Function],
  "queryByAltText": [Function],
  "queryByDisplayValue": [Function],
  "queryByLabelText": [Function],
  "queryByPlaceholderText": [Function],
  "queryByRole": [Function],
  "queryByTestId": [Function],
  "queryByText": [Function],
  "queryByTitle": [Function],
  "rerender": [Function],
  "unmount": [Function],
}
`;
