// Jest Snapshot v1, https://goo.gl/fbAQLP

exports[`CustomQuantity component should render snapshot correctly 1`] = `
<div>
  <p
    class="py-0.5 text-xs dark:text-white font-semibold leading-[15px] tracking-[0.4px] max-w-[50px] lg:max-w-[150px] xl:max-w-[250px] 2xl:max-w-[350px] min-w-[50px] order-product py-5 first:pt-0 last:pb-0 border-0 dark:border-grayish border-b border-gray-100 last:border-0"
  >
    2
  </p>
</div>
`;
