// Jest Snapshot v1, https://goo.gl/fbAQLP

exports[`Testing SelectOption component Should match snapshot 1`] = `
{
  "asFragment": [Function],
  "baseElement": <body>
    <div>
      <ul
        class="absolute z-[1] w-[160px] right-0 shadow-tremor-cardImage dark:shadow-dark-select-option bg-secondary p-2 rounded-md dark:bg-dark-tremor-primary"
      >
        <li
          class="w-full text-tremor-default cursor-pointer text-secondary px-4 py-[0.3rem] hover:bg-body hover:text-tremor-brand-subtle hover:rounded-md min-h-[auto] dark:text-dark-romance dark:hover:bg-dark-secondary"
          data-testid="option"
          value="0"
        >
          Status: 
          Paid
        </li>
        <li
          class="w-full text-tremor-default cursor-pointer text-secondary px-4 py-[0.3rem] hover:bg-body hover:text-tremor-brand-subtle hover:rounded-md min-h-[auto] dark:text-dark-romance dark:hover:bg-dark-secondary"
          data-testid="option"
          value="2"
        >
          Status: 
          Refunded
        </li>
        <li
          class="w-full text-tremor-default cursor-pointer text-secondary px-4 py-[0.3rem] hover:bg-body hover:text-tremor-brand-subtle hover:rounded-md min-h-[auto] dark:text-dark-romance dark:hover:bg-dark-secondary"
          data-testid="option"
          value="1"
        >
          Status: 
          Canceled
        </li>
        <div
          class="h-px bg-gradient-select my-2 opacity-25 dark:bg-gradient-divider"
        />
        <li
          class="w-full text-tremor-default cursor-pointer text-attention px-4 py-[0.3rem] hover:bg-body hover:rounded-md min-h-[auto] dark:hover:bg-dark-secondary"
        >
          Remove File
        </li>
      </ul>
    </div>
  </body>,
  "container": <div>
    <ul
      class="absolute z-[1] w-[160px] right-0 shadow-tremor-cardImage dark:shadow-dark-select-option bg-secondary p-2 rounded-md dark:bg-dark-tremor-primary"
    >
      <li
        class="w-full text-tremor-default cursor-pointer text-secondary px-4 py-[0.3rem] hover:bg-body hover:text-tremor-brand-subtle hover:rounded-md min-h-[auto] dark:text-dark-romance dark:hover:bg-dark-secondary"
        data-testid="option"
        value="0"
      >
        Status: 
        Paid
      </li>
      <li
        class="w-full text-tremor-default cursor-pointer text-secondary px-4 py-[0.3rem] hover:bg-body hover:text-tremor-brand-subtle hover:rounded-md min-h-[auto] dark:text-dark-romance dark:hover:bg-dark-secondary"
        data-testid="option"
        value="2"
      >
        Status: 
        Refunded
      </li>
      <li
        class="w-full text-tremor-default cursor-pointer text-secondary px-4 py-[0.3rem] hover:bg-body hover:text-tremor-brand-subtle hover:rounded-md min-h-[auto] dark:text-dark-romance dark:hover:bg-dark-secondary"
        data-testid="option"
        value="1"
      >
        Status: 
        Canceled
      </li>
      <div
        class="h-px bg-gradient-select my-2 opacity-25 dark:bg-gradient-divider"
      />
      <li
        class="w-full text-tremor-default cursor-pointer text-attention px-4 py-[0.3rem] hover:bg-body hover:rounded-md min-h-[auto] dark:hover:bg-dark-secondary"
      >
        Remove File
      </li>
    </ul>
  </div>,
  "debug": [Function],
  "findAllByAltText": [Function],
  "findAllByDisplayValue": [Function],
  "findAllByLabelText": [Function],
  "findAllByPlaceholderText": [Function],
  "findAllByRole": [Function],
  "findAllByTestId": [Function],
  "findAllByText": [Function],
  "findAllByTitle": [Function],
  "findByAltText": [Function],
  "findByDisplayValue": [Function],
  "findByLabelText": [Function],
  "findByPlaceholderText": [Function],
  "findByRole": [Function],
  "findByTestId": [Function],
  "findByText": [Function],
  "findByTitle": [Function],
  "getAllByAltText": [Function],
  "getAllByDisplayValue": [Function],
  "getAllByLabelText": [Function],
  "getAllByPlaceholderText": [Function],
  "getAllByRole": [Function],
  "getAllByTestId": [Function],
  "getAllByText": [Function],
  "getAllByTitle": [Function],
  "getByAltText": [Function],
  "getByDisplayValue": [Function],
  "getByLabelText": [Function],
  "getByPlaceholderText": [Function],
  "getByRole": [Function],
  "getByTestId": [Function],
  "getByText": [Function],
  "getByTitle": [Function],
  "queryAllByAltText": [Function],
  "queryAllByDisplayValue": [Function],
  "queryAllByLabelText": [Function],
  "queryAllByPlaceholderText": [Function],
  "queryAllByRole": [Function],
  "queryAllByTestId": [Function],
  "queryAllByText": [Function],
  "queryAllByTitle": [Function],
  "queryByAltText": [Function],
  "queryByDisplayValue": [Function],
  "queryByLabelText": [Function],
  "queryByPlaceholderText": [Function],
  "queryByRole": [Function],
  "queryByTestId": [Function],
  "queryByText": [Function],
  "queryByTitle": [Function],
  "rerender": [Function],
  "unmount": [Function],
}
`;
