// Jest Snapshot v1, https://goo.gl/fbAQLP

exports[`SelectOption Should render SelectOption snapshot correctly 1`] = `
<Memo(SelectOption)
  data={
    [
      {
        "option": "Option 1",
        "value": "value1",
      },
      {
        "option": "Option 2",
        "value": "value2",
      },
    ]
  }
  onSelectItem={[MockFunction]}
  onSelectRemove={[MockFunction]}
  title="Test Title"
/>
`;
