// Jest Snapshot v1, https://goo.gl/fbAQLP

exports[`Transactions Component Testing should match snapshot 1`] = `
<div>
  <div
    class="p-6 bg-white dark:bg-[#202940] rounded-lg shadow-md create-transaction-wrapper"
  >
    <div
      class="flex justify-between"
    >
      <div
        class="flex gap-4"
      >
        <h6
          class="font-semibold text-primary dark:text-white"
        >
          Your Transaction's
        </h6>
        <button
          class="tremor-Button-root shrink-0 inline-flex justify-center items-center group font-medium outline-none rounded-tremor-default border shadow-tremor-input dark:shadow-dark-tremor-input text-sm border-tremor-brand dark:border-dark-tremor-brand text-tremor-brand-inverted dark:text-dark-tremor-brand-inverted hover:border-tremor-brand-emphasis dark:hover:border-dark-tremor-brand-emphasis bg-transparent hover:bg-transparent border-none p-0 dark:bg-transparent dark:hover:bg-transparent btn-create"
        >
          <span
            class="tremor-Button-text text-tremor-default whitespace-nowrap"
          >
            <svg
              class="text-primary w-5 h-4 dark:text-white"
              fill="currentColor"
              height="1em"
              stroke="currentColor"
              stroke-width="0"
              viewBox="0 0 512 512"
              width="1em"
              xmlns="http://www.w3.org/2000/svg"
            >
              <path
                d="M256 48C141.31 48 48 141.31 48 256s93.31 208 208 208 208-93.31 208-208S370.69 48 256 48zm80 224h-64v64a16 16 0 01-32 0v-64h-64a16 16 0 010-32h64v-64a16 16 0 0132 0v64h64a16 16 0 010 32z"
              />
            </svg>
          </span>
        </button>
      </div>
      <div
        class="flex items-center text-secondary"
      >
        <svg
          class="dark:text-lighter"
          fill="currentColor"
          height="1em"
          stroke="currentColor"
          stroke-width="0"
          viewBox="0 0 448 512"
          width="1em"
          xmlns="http://www.w3.org/2000/svg"
        >
          <path
            d="M148 288h-40c-6.6 0-12-5.4-12-12v-40c0-6.6 5.4-12 12-12h40c6.6 0 12 5.4 12 12v40c0 6.6-5.4 12-12 12zm108-12v-40c0-6.6-5.4-12-12-12h-40c-6.6 0-12 5.4-12 12v40c0 6.6 5.4 12 12 12h40c6.6 0 12-5.4 12-12zm96 0v-40c0-6.6-5.4-12-12-12h-40c-6.6 0-12 5.4-12 12v40c0 6.6 5.4 12 12 12h40c6.6 0 12-5.4 12-12zm-96 96v-40c0-6.6-5.4-12-12-12h-40c-6.6 0-12 5.4-12 12v40c0 6.6 5.4 12 12 12h40c6.6 0 12-5.4 12-12zm-96 0v-40c0-6.6-5.4-12-12-12h-40c-6.6 0-12 5.4-12 12v40c0 6.6 5.4 12 12 12h40c6.6 0 12-5.4 12-12zm192 0v-40c0-6.6-5.4-12-12-12h-40c-6.6 0-12 5.4-12 12v40c0 6.6 5.4 12 12 12h40c6.6 0 12-5.4 12-12zm96-260v352c0 26.5-21.5 48-48 48H48c-26.5 0-48-21.5-48-48V112c0-26.5 21.5-48 48-48h48V12c0-6.6 5.4-12 12-12h40c6.6 0 12 5.4 12 12v52h128V12c0-6.6 5.4-12 12-12h40c6.6 0 12 5.4 12 12v52h48c26.5 0 48 21.5 48 48zm-48 346V160H48v298c0 3.3 2.7 6 6 6h340c3.3 0 6-2.7 6-6z"
          />
        </svg>
        <p
          class="text-tremor-default text-tremor-content dark:text-lighter ml-2"
        >
          23 - 30 March 2020
        </p>
      </div>
    </div>
    <h6
      class="transaction-list-heading dark:text-lighter"
    >
      NEWEST
    </h6>
    <div
      class="overflow-y-auto max-h-[505px]"
    >
      <ul />
    </div>
  </div>
</div>
`;
