// Jest Snapshot v1, https://goo.gl/fbAQLP

exports[`ConversationHistory component Should render ConversationHistory snapshot correctly 1`] = `
{
  "asFragment": [Function],
  "baseElement": <body>
    <div>
      <p
        class="text-tremor-title dark:text-dark-tremor-content-title leading-relaxed font-bold tracking-[0.0075em] opacity-100 capitalize no-underline text-primary py-4"
      >
        Conversations
      </p>
      <div
        class="tremor-Flex-root flex w-full flex-row justify-between items-center mb-2 py-2 xs:flex-nowrap max-w-[100%]"
      >
        <div
          class="tremor-Flex-root flex flex-row justify-start items-center w-[calc(100%-40px)] sm:w-[calc(100%-70px)]"
        >
          <div
            class="w-12 h-12"
          >
            <div
              class="inline-flex rounded-full overflow-hidden min-w-[48px] shadow-md"
            >
              <img
                alt="Anne Marie"
                data-nimg="1"
                decoding="async"
                fetchpriority="high"
                height="48"
                sizes="/images/avatar/avatar-md.webp"
                src="http://localhost/_next/image?url=%2Fimages%2Favatar%2Favatar-md.webp&w=3840&q=75"
                srcset="/_next/image?url=%2Fimages%2Favatar%2Favatar-md.webp&w=16&q=75 16w, /_next/image?url=%2Fimages%2Favatar%2Favatar-md.webp&w=32&q=75 32w, /_next/image?url=%2Fimages%2Favatar%2Favatar-md.webp&w=48&q=75 48w, /_next/image?url=%2Fimages%2Favatar%2Favatar-md.webp&w=64&q=75 64w, /_next/image?url=%2Fimages%2Favatar%2Favatar-md.webp&w=96&q=75 96w, /_next/image?url=%2Fimages%2Favatar%2Favatar-md.webp&w=128&q=75 128w, /_next/image?url=%2Fimages%2Favatar%2Favatar-md.webp&w=256&q=75 256w, /_next/image?url=%2Fimages%2Favatar%2Favatar-md.webp&w=384&q=75 384w, /_next/image?url=%2Fimages%2Favatar%2Favatar-md.webp&w=640&q=75 640w, /_next/image?url=%2Fimages%2Favatar%2Favatar-md.webp&w=750&q=75 750w, /_next/image?url=%2Fimages%2Favatar%2Favatar-md.webp&w=828&q=75 828w, /_next/image?url=%2Fimages%2Favatar%2Favatar-md.webp&w=1080&q=75 1080w, /_next/image?url=%2Fimages%2Favatar%2Favatar-md.webp&w=1200&q=75 1200w, /_next/image?url=%2Fimages%2Favatar%2Favatar-md.webp&w=1920&q=75 1920w, /_next/image?url=%2Fimages%2Favatar%2Favatar-md.webp&w=2048&q=75 2048w, /_next/image?url=%2Fimages%2Favatar%2Favatar-md.webp&w=3840&q=75 3840w"
                style="color: transparent;"
                width="48"
              />
            </div>
          </div>
          <div
            class="max-w-[calc(100%-40px)] sm:max-w-[calc(100%-70px)] font-medium dark:text-white pl-4"
          >
            <p
              class="text-tremor-default text-sm text-primary dark:text-dark-primary font-semibold"
            >
              Anne Marie
            </p>
            <p
              class="text-tremor-default text-xs text-secondary font-light dark:text-dark-romance line-clamp-2"
            >
              Awesome work, can you..
            </p>
          </div>
        </div>
        <button
          class="tremor-Button-root shrink-0 inline-flex justify-center items-center group font-medium outline-none rounded-tremor-default shadow-tremor-input dark:shadow-dark-tremor-input px-4 py-2 text-sm border-tremor-brand dark:border-dark-tremor-brand text-tremor-brand-inverted dark:text-dark-tremor-brand-inverted hover:border-tremor-brand-emphasis dark:hover:border-dark-tremor-brand-emphasis min-w-[64px] m-0 border-0 hover:bg-[none] bg-transparent dark:bg-transparent dark:hover:bg-[none] box-shadow-transparent"
        >
          <span
            class="tremor-Button-text text-tremor-default whitespace-nowrap"
          >
            <p
              class="text-tremor-default dark:text-dark-tremor-content text-primary text-xs text-center font-bold uppercase leading-[17px] tracking-wide"
            >
              Reply
            </p>
          </span>
        </button>
      </div>
      <div
        class="tremor-Flex-root flex w-full flex-row justify-between items-center mb-2 py-2 xs:flex-nowrap max-w-[100%]"
      >
        <div
          class="tremor-Flex-root flex flex-row justify-start items-center w-[calc(100%-40px)] sm:w-[calc(100%-70px)]"
        >
          <div
            class="w-12 h-12"
          >
            <div
              class="inline-flex rounded-full overflow-hidden min-w-[48px] shadow-md"
            >
              <img
                alt="Ivanna"
                data-nimg="1"
                decoding="async"
                fetchpriority="high"
                height="48"
                sizes="/images/avatar/avatar-md.webp"
                src="http://localhost/_next/image?url=%2Fimages%2Favatar%2Favatar-lg.webp&w=3840&q=75"
                srcset="/_next/image?url=%2Fimages%2Favatar%2Favatar-lg.webp&w=16&q=75 16w, /_next/image?url=%2Fimages%2Favatar%2Favatar-lg.webp&w=32&q=75 32w, /_next/image?url=%2Fimages%2Favatar%2Favatar-lg.webp&w=48&q=75 48w, /_next/image?url=%2Fimages%2Favatar%2Favatar-lg.webp&w=64&q=75 64w, /_next/image?url=%2Fimages%2Favatar%2Favatar-lg.webp&w=96&q=75 96w, /_next/image?url=%2Fimages%2Favatar%2Favatar-lg.webp&w=128&q=75 128w, /_next/image?url=%2Fimages%2Favatar%2Favatar-lg.webp&w=256&q=75 256w, /_next/image?url=%2Fimages%2Favatar%2Favatar-lg.webp&w=384&q=75 384w, /_next/image?url=%2Fimages%2Favatar%2Favatar-lg.webp&w=640&q=75 640w, /_next/image?url=%2Fimages%2Favatar%2Favatar-lg.webp&w=750&q=75 750w, /_next/image?url=%2Fimages%2Favatar%2Favatar-lg.webp&w=828&q=75 828w, /_next/image?url=%2Fimages%2Favatar%2Favatar-lg.webp&w=1080&q=75 1080w, /_next/image?url=%2Fimages%2Favatar%2Favatar-lg.webp&w=1200&q=75 1200w, /_next/image?url=%2Fimages%2Favatar%2Favatar-lg.webp&w=1920&q=75 1920w, /_next/image?url=%2Fimages%2Favatar%2Favatar-lg.webp&w=2048&q=75 2048w, /_next/image?url=%2Fimages%2Favatar%2Favatar-lg.webp&w=3840&q=75 3840w"
                style="color: transparent;"
                width="48"
              />
            </div>
          </div>
          <div
            class="max-w-[calc(100%-40px)] sm:max-w-[calc(100%-70px)] font-medium dark:text-white pl-4"
          >
            <p
              class="text-tremor-default text-sm text-primary dark:text-dark-primary font-semibold"
            >
              Ivanna
            </p>
            <p
              class="text-tremor-default text-xs text-secondary font-light dark:text-dark-romance line-clamp-2"
            >
              About files I can..
            </p>
          </div>
        </div>
        <button
          class="tremor-Button-root shrink-0 inline-flex justify-center items-center group font-medium outline-none rounded-tremor-default shadow-tremor-input dark:shadow-dark-tremor-input px-4 py-2 text-sm border-tremor-brand dark:border-dark-tremor-brand text-tremor-brand-inverted dark:text-dark-tremor-brand-inverted hover:border-tremor-brand-emphasis dark:hover:border-dark-tremor-brand-emphasis min-w-[64px] m-0 border-0 hover:bg-[none] bg-transparent dark:bg-transparent dark:hover:bg-[none] box-shadow-transparent"
        >
          <span
            class="tremor-Button-text text-tremor-default whitespace-nowrap"
          >
            <p
              class="text-tremor-default dark:text-dark-tremor-content text-primary text-xs text-center font-bold uppercase leading-[17px] tracking-wide"
            >
              Reply
            </p>
          </span>
        </button>
      </div>
      <div
        class="tremor-Flex-root flex w-full flex-row justify-between items-center mb-2 py-2 xs:flex-nowrap max-w-[100%]"
      >
        <div
          class="tremor-Flex-root flex flex-row justify-start items-center w-[calc(100%-40px)] sm:w-[calc(100%-70px)]"
        >
          <div
            class="w-12 h-12"
          >
            <div
              class="inline-flex rounded-full overflow-hidden min-w-[48px] shadow-md"
            >
              <img
                alt="Peterson"
                data-nimg="1"
                decoding="async"
                fetchpriority="high"
                height="48"
                sizes="/images/avatar/avatar-md.webp"
                src="http://localhost/_next/image?url=%2Fimages%2Favatar%2Favatar-xs.webp&w=3840&q=75"
                srcset="/_next/image?url=%2Fimages%2Favatar%2Favatar-xs.webp&w=16&q=75 16w, /_next/image?url=%2Fimages%2Favatar%2Favatar-xs.webp&w=32&q=75 32w, /_next/image?url=%2Fimages%2Favatar%2Favatar-xs.webp&w=48&q=75 48w, /_next/image?url=%2Fimages%2Favatar%2Favatar-xs.webp&w=64&q=75 64w, /_next/image?url=%2Fimages%2Favatar%2Favatar-xs.webp&w=96&q=75 96w, /_next/image?url=%2Fimages%2Favatar%2Favatar-xs.webp&w=128&q=75 128w, /_next/image?url=%2Fimages%2Favatar%2Favatar-xs.webp&w=256&q=75 256w, /_next/image?url=%2Fimages%2Favatar%2Favatar-xs.webp&w=384&q=75 384w, /_next/image?url=%2Fimages%2Favatar%2Favatar-xs.webp&w=640&q=75 640w, /_next/image?url=%2Fimages%2Favatar%2Favatar-xs.webp&w=750&q=75 750w, /_next/image?url=%2Fimages%2Favatar%2Favatar-xs.webp&w=828&q=75 828w, /_next/image?url=%2Fimages%2Favatar%2Favatar-xs.webp&w=1080&q=75 1080w, /_next/image?url=%2Fimages%2Favatar%2Favatar-xs.webp&w=1200&q=75 1200w, /_next/image?url=%2Fimages%2Favatar%2Favatar-xs.webp&w=1920&q=75 1920w, /_next/image?url=%2Fimages%2Favatar%2Favatar-xs.webp&w=2048&q=75 2048w, /_next/image?url=%2Fimages%2Favatar%2Favatar-xs.webp&w=3840&q=75 3840w"
                style="color: transparent;"
                width="48"
              />
            </div>
          </div>
          <div
            class="max-w-[calc(100%-40px)] sm:max-w-[calc(100%-70px)] font-medium dark:text-white pl-4"
          >
            <p
              class="text-tremor-default text-sm text-primary dark:text-dark-primary font-semibold"
            >
              Peterson
            </p>
            <p
              class="text-tremor-default text-xs text-secondary font-light dark:text-dark-romance line-clamp-2"
            >
              Have a great afternoon..
            </p>
          </div>
        </div>
        <button
          class="tremor-Button-root shrink-0 inline-flex justify-center items-center group font-medium outline-none rounded-tremor-default shadow-tremor-input dark:shadow-dark-tremor-input px-4 py-2 text-sm border-tremor-brand dark:border-dark-tremor-brand text-tremor-brand-inverted dark:text-dark-tremor-brand-inverted hover:border-tremor-brand-emphasis dark:hover:border-dark-tremor-brand-emphasis min-w-[64px] m-0 border-0 hover:bg-[none] bg-transparent dark:bg-transparent dark:hover:bg-[none] box-shadow-transparent"
        >
          <span
            class="tremor-Button-text text-tremor-default whitespace-nowrap"
          >
            <p
              class="text-tremor-default dark:text-dark-tremor-content text-primary text-xs text-center font-bold uppercase leading-[17px] tracking-wide"
            >
              Reply
            </p>
          </span>
        </button>
      </div>
      <div
        class="tremor-Flex-root flex w-full flex-row justify-between items-center mb-2 py-2 xs:flex-nowrap max-w-[100%]"
      >
        <div
          class="tremor-Flex-root flex flex-row justify-start items-center w-[calc(100%-40px)] sm:w-[calc(100%-70px)]"
        >
          <div
            class="w-12 h-12"
          >
            <div
              class="inline-flex rounded-full overflow-hidden min-w-[48px] shadow-md"
            >
              <img
                alt="Sophie.B"
                data-nimg="1"
                decoding="async"
                fetchpriority="high"
                height="48"
                sizes="/images/avatar/avatar-md.webp"
                src="http://localhost/_next/image?url=%2Fimages%2Favatar%2Favatar-md.webp&w=3840&q=75"
                srcset="/_next/image?url=%2Fimages%2Favatar%2Favatar-md.webp&w=16&q=75 16w, /_next/image?url=%2Fimages%2Favatar%2Favatar-md.webp&w=32&q=75 32w, /_next/image?url=%2Fimages%2Favatar%2Favatar-md.webp&w=48&q=75 48w, /_next/image?url=%2Fimages%2Favatar%2Favatar-md.webp&w=64&q=75 64w, /_next/image?url=%2Fimages%2Favatar%2Favatar-md.webp&w=96&q=75 96w, /_next/image?url=%2Fimages%2Favatar%2Favatar-md.webp&w=128&q=75 128w, /_next/image?url=%2Fimages%2Favatar%2Favatar-md.webp&w=256&q=75 256w, /_next/image?url=%2Fimages%2Favatar%2Favatar-md.webp&w=384&q=75 384w, /_next/image?url=%2Fimages%2Favatar%2Favatar-md.webp&w=640&q=75 640w, /_next/image?url=%2Fimages%2Favatar%2Favatar-md.webp&w=750&q=75 750w, /_next/image?url=%2Fimages%2Favatar%2Favatar-md.webp&w=828&q=75 828w, /_next/image?url=%2Fimages%2Favatar%2Favatar-md.webp&w=1080&q=75 1080w, /_next/image?url=%2Fimages%2Favatar%2Favatar-md.webp&w=1200&q=75 1200w, /_next/image?url=%2Fimages%2Favatar%2Favatar-md.webp&w=1920&q=75 1920w, /_next/image?url=%2Fimages%2Favatar%2Favatar-md.webp&w=2048&q=75 2048w, /_next/image?url=%2Fimages%2Favatar%2Favatar-md.webp&w=3840&q=75 3840w"
                style="color: transparent;"
                width="48"
              />
            </div>
          </div>
          <div
            class="max-w-[calc(100%-40px)] sm:max-w-[calc(100%-70px)] font-medium dark:text-white pl-4"
          >
            <p
              class="text-tremor-default text-sm text-primary dark:text-dark-primary font-semibold"
            >
              Sophie.B
            </p>
            <p
              class="text-tremor-default text-xs text-secondary font-light dark:text-dark-romance line-clamp-2"
            >
              Hi! I need more information..
            </p>
          </div>
        </div>
        <button
          class="tremor-Button-root shrink-0 inline-flex justify-center items-center group font-medium outline-none rounded-tremor-default shadow-tremor-input dark:shadow-dark-tremor-input px-4 py-2 text-sm border-tremor-brand dark:border-dark-tremor-brand text-tremor-brand-inverted dark:text-dark-tremor-brand-inverted hover:border-tremor-brand-emphasis dark:hover:border-dark-tremor-brand-emphasis min-w-[64px] m-0 border-0 hover:bg-[none] bg-transparent dark:bg-transparent dark:hover:bg-[none] box-shadow-transparent"
        >
          <span
            class="tremor-Button-text text-tremor-default whitespace-nowrap"
          >
            <p
              class="text-tremor-default dark:text-dark-tremor-content text-primary text-xs text-center font-bold uppercase leading-[17px] tracking-wide"
            >
              Reply
            </p>
          </span>
        </button>
      </div>
      <div
        class="tremor-Flex-root flex w-full flex-row justify-between items-center mb-2 py-2 xs:flex-nowrap max-w-[100%]"
      >
        <div
          class="tremor-Flex-root flex flex-row justify-start items-center w-[calc(100%-40px)] sm:w-[calc(100%-70px)]"
        >
          <div
            class="w-12 h-12"
          >
            <div
              class="inline-flex rounded-full overflow-hidden min-w-[48px] shadow-md"
            >
              <img
                alt="Nick Daniel"
                data-nimg="1"
                decoding="async"
                fetchpriority="high"
                height="48"
                sizes="/images/avatar/avatar-md.webp"
                src="http://localhost/_next/image?url=%2Fimages%2Favatar%2Favatar-sm.webp&w=3840&q=75"
                srcset="/_next/image?url=%2Fimages%2Favatar%2Favatar-sm.webp&w=16&q=75 16w, /_next/image?url=%2Fimages%2Favatar%2Favatar-sm.webp&w=32&q=75 32w, /_next/image?url=%2Fimages%2Favatar%2Favatar-sm.webp&w=48&q=75 48w, /_next/image?url=%2Fimages%2Favatar%2Favatar-sm.webp&w=64&q=75 64w, /_next/image?url=%2Fimages%2Favatar%2Favatar-sm.webp&w=96&q=75 96w, /_next/image?url=%2Fimages%2Favatar%2Favatar-sm.webp&w=128&q=75 128w, /_next/image?url=%2Fimages%2Favatar%2Favatar-sm.webp&w=256&q=75 256w, /_next/image?url=%2Fimages%2Favatar%2Favatar-sm.webp&w=384&q=75 384w, /_next/image?url=%2Fimages%2Favatar%2Favatar-sm.webp&w=640&q=75 640w, /_next/image?url=%2Fimages%2Favatar%2Favatar-sm.webp&w=750&q=75 750w, /_next/image?url=%2Fimages%2Favatar%2Favatar-sm.webp&w=828&q=75 828w, /_next/image?url=%2Fimages%2Favatar%2Favatar-sm.webp&w=1080&q=75 1080w, /_next/image?url=%2Fimages%2Favatar%2Favatar-sm.webp&w=1200&q=75 1200w, /_next/image?url=%2Fimages%2Favatar%2Favatar-sm.webp&w=1920&q=75 1920w, /_next/image?url=%2Fimages%2Favatar%2Favatar-sm.webp&w=2048&q=75 2048w, /_next/image?url=%2Fimages%2Favatar%2Favatar-sm.webp&w=3840&q=75 3840w"
                style="color: transparent;"
                width="48"
              />
            </div>
          </div>
          <div
            class="max-w-[calc(100%-40px)] sm:max-w-[calc(100%-70px)] font-medium dark:text-white pl-4"
          >
            <p
              class="text-tremor-default text-sm text-primary dark:text-dark-primary font-semibold"
            >
              Nick Daniel
            </p>
            <p
              class="text-tremor-default text-xs text-secondary font-light dark:text-dark-romance line-clamp-2"
            >
              Hi! I need more information..
            </p>
          </div>
        </div>
        <button
          class="tremor-Button-root shrink-0 inline-flex justify-center items-center group font-medium outline-none rounded-tremor-default shadow-tremor-input dark:shadow-dark-tremor-input px-4 py-2 text-sm border-tremor-brand dark:border-dark-tremor-brand text-tremor-brand-inverted dark:text-dark-tremor-brand-inverted hover:border-tremor-brand-emphasis dark:hover:border-dark-tremor-brand-emphasis min-w-[64px] m-0 border-0 hover:bg-[none] bg-transparent dark:bg-transparent dark:hover:bg-[none] box-shadow-transparent"
        >
          <span
            class="tremor-Button-text text-tremor-default whitespace-nowrap"
          >
            <p
              class="text-tremor-default dark:text-dark-tremor-content text-primary text-xs text-center font-bold uppercase leading-[17px] tracking-wide"
            >
              Reply
            </p>
          </span>
        </button>
      </div>
    </div>
  </body>,
  "container": <div>
    <p
      class="text-tremor-title dark:text-dark-tremor-content-title leading-relaxed font-bold tracking-[0.0075em] opacity-100 capitalize no-underline text-primary py-4"
    >
      Conversations
    </p>
    <div
      class="tremor-Flex-root flex w-full flex-row justify-between items-center mb-2 py-2 xs:flex-nowrap max-w-[100%]"
    >
      <div
        class="tremor-Flex-root flex flex-row justify-start items-center w-[calc(100%-40px)] sm:w-[calc(100%-70px)]"
      >
        <div
          class="w-12 h-12"
        >
          <div
            class="inline-flex rounded-full overflow-hidden min-w-[48px] shadow-md"
          >
            <img
              alt="Anne Marie"
              data-nimg="1"
              decoding="async"
              fetchpriority="high"
              height="48"
              sizes="/images/avatar/avatar-md.webp"
              src="http://localhost/_next/image?url=%2Fimages%2Favatar%2Favatar-md.webp&w=3840&q=75"
              srcset="/_next/image?url=%2Fimages%2Favatar%2Favatar-md.webp&w=16&q=75 16w, /_next/image?url=%2Fimages%2Favatar%2Favatar-md.webp&w=32&q=75 32w, /_next/image?url=%2Fimages%2Favatar%2Favatar-md.webp&w=48&q=75 48w, /_next/image?url=%2Fimages%2Favatar%2Favatar-md.webp&w=64&q=75 64w, /_next/image?url=%2Fimages%2Favatar%2Favatar-md.webp&w=96&q=75 96w, /_next/image?url=%2Fimages%2Favatar%2Favatar-md.webp&w=128&q=75 128w, /_next/image?url=%2Fimages%2Favatar%2Favatar-md.webp&w=256&q=75 256w, /_next/image?url=%2Fimages%2Favatar%2Favatar-md.webp&w=384&q=75 384w, /_next/image?url=%2Fimages%2Favatar%2Favatar-md.webp&w=640&q=75 640w, /_next/image?url=%2Fimages%2Favatar%2Favatar-md.webp&w=750&q=75 750w, /_next/image?url=%2Fimages%2Favatar%2Favatar-md.webp&w=828&q=75 828w, /_next/image?url=%2Fimages%2Favatar%2Favatar-md.webp&w=1080&q=75 1080w, /_next/image?url=%2Fimages%2Favatar%2Favatar-md.webp&w=1200&q=75 1200w, /_next/image?url=%2Fimages%2Favatar%2Favatar-md.webp&w=1920&q=75 1920w, /_next/image?url=%2Fimages%2Favatar%2Favatar-md.webp&w=2048&q=75 2048w, /_next/image?url=%2Fimages%2Favatar%2Favatar-md.webp&w=3840&q=75 3840w"
              style="color: transparent;"
              width="48"
            />
          </div>
        </div>
        <div
          class="max-w-[calc(100%-40px)] sm:max-w-[calc(100%-70px)] font-medium dark:text-white pl-4"
        >
          <p
            class="text-tremor-default text-sm text-primary dark:text-dark-primary font-semibold"
          >
            Anne Marie
          </p>
          <p
            class="text-tremor-default text-xs text-secondary font-light dark:text-dark-romance line-clamp-2"
          >
            Awesome work, can you..
          </p>
        </div>
      </div>
      <button
        class="tremor-Button-root shrink-0 inline-flex justify-center items-center group font-medium outline-none rounded-tremor-default shadow-tremor-input dark:shadow-dark-tremor-input px-4 py-2 text-sm border-tremor-brand dark:border-dark-tremor-brand text-tremor-brand-inverted dark:text-dark-tremor-brand-inverted hover:border-tremor-brand-emphasis dark:hover:border-dark-tremor-brand-emphasis min-w-[64px] m-0 border-0 hover:bg-[none] bg-transparent dark:bg-transparent dark:hover:bg-[none] box-shadow-transparent"
      >
        <span
          class="tremor-Button-text text-tremor-default whitespace-nowrap"
        >
          <p
            class="text-tremor-default dark:text-dark-tremor-content text-primary text-xs text-center font-bold uppercase leading-[17px] tracking-wide"
          >
            Reply
          </p>
        </span>
      </button>
    </div>
    <div
      class="tremor-Flex-root flex w-full flex-row justify-between items-center mb-2 py-2 xs:flex-nowrap max-w-[100%]"
    >
      <div
        class="tremor-Flex-root flex flex-row justify-start items-center w-[calc(100%-40px)] sm:w-[calc(100%-70px)]"
      >
        <div
          class="w-12 h-12"
        >
          <div
            class="inline-flex rounded-full overflow-hidden min-w-[48px] shadow-md"
          >
            <img
              alt="Ivanna"
              data-nimg="1"
              decoding="async"
              fetchpriority="high"
              height="48"
              sizes="/images/avatar/avatar-md.webp"
              src="http://localhost/_next/image?url=%2Fimages%2Favatar%2Favatar-lg.webp&w=3840&q=75"
              srcset="/_next/image?url=%2Fimages%2Favatar%2Favatar-lg.webp&w=16&q=75 16w, /_next/image?url=%2Fimages%2Favatar%2Favatar-lg.webp&w=32&q=75 32w, /_next/image?url=%2Fimages%2Favatar%2Favatar-lg.webp&w=48&q=75 48w, /_next/image?url=%2Fimages%2Favatar%2Favatar-lg.webp&w=64&q=75 64w, /_next/image?url=%2Fimages%2Favatar%2Favatar-lg.webp&w=96&q=75 96w, /_next/image?url=%2Fimages%2Favatar%2Favatar-lg.webp&w=128&q=75 128w, /_next/image?url=%2Fimages%2Favatar%2Favatar-lg.webp&w=256&q=75 256w, /_next/image?url=%2Fimages%2Favatar%2Favatar-lg.webp&w=384&q=75 384w, /_next/image?url=%2Fimages%2Favatar%2Favatar-lg.webp&w=640&q=75 640w, /_next/image?url=%2Fimages%2Favatar%2Favatar-lg.webp&w=750&q=75 750w, /_next/image?url=%2Fimages%2Favatar%2Favatar-lg.webp&w=828&q=75 828w, /_next/image?url=%2Fimages%2Favatar%2Favatar-lg.webp&w=1080&q=75 1080w, /_next/image?url=%2Fimages%2Favatar%2Favatar-lg.webp&w=1200&q=75 1200w, /_next/image?url=%2Fimages%2Favatar%2Favatar-lg.webp&w=1920&q=75 1920w, /_next/image?url=%2Fimages%2Favatar%2Favatar-lg.webp&w=2048&q=75 2048w, /_next/image?url=%2Fimages%2Favatar%2Favatar-lg.webp&w=3840&q=75 3840w"
              style="color: transparent;"
              width="48"
            />
          </div>
        </div>
        <div
          class="max-w-[calc(100%-40px)] sm:max-w-[calc(100%-70px)] font-medium dark:text-white pl-4"
        >
          <p
            class="text-tremor-default text-sm text-primary dark:text-dark-primary font-semibold"
          >
            Ivanna
          </p>
          <p
            class="text-tremor-default text-xs text-secondary font-light dark:text-dark-romance line-clamp-2"
          >
            About files I can..
          </p>
        </div>
      </div>
      <button
        class="tremor-Button-root shrink-0 inline-flex justify-center items-center group font-medium outline-none rounded-tremor-default shadow-tremor-input dark:shadow-dark-tremor-input px-4 py-2 text-sm border-tremor-brand dark:border-dark-tremor-brand text-tremor-brand-inverted dark:text-dark-tremor-brand-inverted hover:border-tremor-brand-emphasis dark:hover:border-dark-tremor-brand-emphasis min-w-[64px] m-0 border-0 hover:bg-[none] bg-transparent dark:bg-transparent dark:hover:bg-[none] box-shadow-transparent"
      >
        <span
          class="tremor-Button-text text-tremor-default whitespace-nowrap"
        >
          <p
            class="text-tremor-default dark:text-dark-tremor-content text-primary text-xs text-center font-bold uppercase leading-[17px] tracking-wide"
          >
            Reply
          </p>
        </span>
      </button>
    </div>
    <div
      class="tremor-Flex-root flex w-full flex-row justify-between items-center mb-2 py-2 xs:flex-nowrap max-w-[100%]"
    >
      <div
        class="tremor-Flex-root flex flex-row justify-start items-center w-[calc(100%-40px)] sm:w-[calc(100%-70px)]"
      >
        <div
          class="w-12 h-12"
        >
          <div
            class="inline-flex rounded-full overflow-hidden min-w-[48px] shadow-md"
          >
            <img
              alt="Peterson"
              data-nimg="1"
              decoding="async"
              fetchpriority="high"
              height="48"
              sizes="/images/avatar/avatar-md.webp"
              src="http://localhost/_next/image?url=%2Fimages%2Favatar%2Favatar-xs.webp&w=3840&q=75"
              srcset="/_next/image?url=%2Fimages%2Favatar%2Favatar-xs.webp&w=16&q=75 16w, /_next/image?url=%2Fimages%2Favatar%2Favatar-xs.webp&w=32&q=75 32w, /_next/image?url=%2Fimages%2Favatar%2Favatar-xs.webp&w=48&q=75 48w, /_next/image?url=%2Fimages%2Favatar%2Favatar-xs.webp&w=64&q=75 64w, /_next/image?url=%2Fimages%2Favatar%2Favatar-xs.webp&w=96&q=75 96w, /_next/image?url=%2Fimages%2Favatar%2Favatar-xs.webp&w=128&q=75 128w, /_next/image?url=%2Fimages%2Favatar%2Favatar-xs.webp&w=256&q=75 256w, /_next/image?url=%2Fimages%2Favatar%2Favatar-xs.webp&w=384&q=75 384w, /_next/image?url=%2Fimages%2Favatar%2Favatar-xs.webp&w=640&q=75 640w, /_next/image?url=%2Fimages%2Favatar%2Favatar-xs.webp&w=750&q=75 750w, /_next/image?url=%2Fimages%2Favatar%2Favatar-xs.webp&w=828&q=75 828w, /_next/image?url=%2Fimages%2Favatar%2Favatar-xs.webp&w=1080&q=75 1080w, /_next/image?url=%2Fimages%2Favatar%2Favatar-xs.webp&w=1200&q=75 1200w, /_next/image?url=%2Fimages%2Favatar%2Favatar-xs.webp&w=1920&q=75 1920w, /_next/image?url=%2Fimages%2Favatar%2Favatar-xs.webp&w=2048&q=75 2048w, /_next/image?url=%2Fimages%2Favatar%2Favatar-xs.webp&w=3840&q=75 3840w"
              style="color: transparent;"
              width="48"
            />
          </div>
        </div>
        <div
          class="max-w-[calc(100%-40px)] sm:max-w-[calc(100%-70px)] font-medium dark:text-white pl-4"
        >
          <p
            class="text-tremor-default text-sm text-primary dark:text-dark-primary font-semibold"
          >
            Peterson
          </p>
          <p
            class="text-tremor-default text-xs text-secondary font-light dark:text-dark-romance line-clamp-2"
          >
            Have a great afternoon..
          </p>
        </div>
      </div>
      <button
        class="tremor-Button-root shrink-0 inline-flex justify-center items-center group font-medium outline-none rounded-tremor-default shadow-tremor-input dark:shadow-dark-tremor-input px-4 py-2 text-sm border-tremor-brand dark:border-dark-tremor-brand text-tremor-brand-inverted dark:text-dark-tremor-brand-inverted hover:border-tremor-brand-emphasis dark:hover:border-dark-tremor-brand-emphasis min-w-[64px] m-0 border-0 hover:bg-[none] bg-transparent dark:bg-transparent dark:hover:bg-[none] box-shadow-transparent"
      >
        <span
          class="tremor-Button-text text-tremor-default whitespace-nowrap"
        >
          <p
            class="text-tremor-default dark:text-dark-tremor-content text-primary text-xs text-center font-bold uppercase leading-[17px] tracking-wide"
          >
            Reply
          </p>
        </span>
      </button>
    </div>
    <div
      class="tremor-Flex-root flex w-full flex-row justify-between items-center mb-2 py-2 xs:flex-nowrap max-w-[100%]"
    >
      <div
        class="tremor-Flex-root flex flex-row justify-start items-center w-[calc(100%-40px)] sm:w-[calc(100%-70px)]"
      >
        <div
          class="w-12 h-12"
        >
          <div
            class="inline-flex rounded-full overflow-hidden min-w-[48px] shadow-md"
          >
            <img
              alt="Sophie.B"
              data-nimg="1"
              decoding="async"
              fetchpriority="high"
              height="48"
              sizes="/images/avatar/avatar-md.webp"
              src="http://localhost/_next/image?url=%2Fimages%2Favatar%2Favatar-md.webp&w=3840&q=75"
              srcset="/_next/image?url=%2Fimages%2Favatar%2Favatar-md.webp&w=16&q=75 16w, /_next/image?url=%2Fimages%2Favatar%2Favatar-md.webp&w=32&q=75 32w, /_next/image?url=%2Fimages%2Favatar%2Favatar-md.webp&w=48&q=75 48w, /_next/image?url=%2Fimages%2Favatar%2Favatar-md.webp&w=64&q=75 64w, /_next/image?url=%2Fimages%2Favatar%2Favatar-md.webp&w=96&q=75 96w, /_next/image?url=%2Fimages%2Favatar%2Favatar-md.webp&w=128&q=75 128w, /_next/image?url=%2Fimages%2Favatar%2Favatar-md.webp&w=256&q=75 256w, /_next/image?url=%2Fimages%2Favatar%2Favatar-md.webp&w=384&q=75 384w, /_next/image?url=%2Fimages%2Favatar%2Favatar-md.webp&w=640&q=75 640w, /_next/image?url=%2Fimages%2Favatar%2Favatar-md.webp&w=750&q=75 750w, /_next/image?url=%2Fimages%2Favatar%2Favatar-md.webp&w=828&q=75 828w, /_next/image?url=%2Fimages%2Favatar%2Favatar-md.webp&w=1080&q=75 1080w, /_next/image?url=%2Fimages%2Favatar%2Favatar-md.webp&w=1200&q=75 1200w, /_next/image?url=%2Fimages%2Favatar%2Favatar-md.webp&w=1920&q=75 1920w, /_next/image?url=%2Fimages%2Favatar%2Favatar-md.webp&w=2048&q=75 2048w, /_next/image?url=%2Fimages%2Favatar%2Favatar-md.webp&w=3840&q=75 3840w"
              style="color: transparent;"
              width="48"
            />
          </div>
        </div>
        <div
          class="max-w-[calc(100%-40px)] sm:max-w-[calc(100%-70px)] font-medium dark:text-white pl-4"
        >
          <p
            class="text-tremor-default text-sm text-primary dark:text-dark-primary font-semibold"
          >
            Sophie.B
          </p>
          <p
            class="text-tremor-default text-xs text-secondary font-light dark:text-dark-romance line-clamp-2"
          >
            Hi! I need more information..
          </p>
        </div>
      </div>
      <button
        class="tremor-Button-root shrink-0 inline-flex justify-center items-center group font-medium outline-none rounded-tremor-default shadow-tremor-input dark:shadow-dark-tremor-input px-4 py-2 text-sm border-tremor-brand dark:border-dark-tremor-brand text-tremor-brand-inverted dark:text-dark-tremor-brand-inverted hover:border-tremor-brand-emphasis dark:hover:border-dark-tremor-brand-emphasis min-w-[64px] m-0 border-0 hover:bg-[none] bg-transparent dark:bg-transparent dark:hover:bg-[none] box-shadow-transparent"
      >
        <span
          class="tremor-Button-text text-tremor-default whitespace-nowrap"
        >
          <p
            class="text-tremor-default dark:text-dark-tremor-content text-primary text-xs text-center font-bold uppercase leading-[17px] tracking-wide"
          >
            Reply
          </p>
        </span>
      </button>
    </div>
    <div
      class="tremor-Flex-root flex w-full flex-row justify-between items-center mb-2 py-2 xs:flex-nowrap max-w-[100%]"
    >
      <div
        class="tremor-Flex-root flex flex-row justify-start items-center w-[calc(100%-40px)] sm:w-[calc(100%-70px)]"
      >
        <div
          class="w-12 h-12"
        >
          <div
            class="inline-flex rounded-full overflow-hidden min-w-[48px] shadow-md"
          >
            <img
              alt="Nick Daniel"
              data-nimg="1"
              decoding="async"
              fetchpriority="high"
              height="48"
              sizes="/images/avatar/avatar-md.webp"
              src="http://localhost/_next/image?url=%2Fimages%2Favatar%2Favatar-sm.webp&w=3840&q=75"
              srcset="/_next/image?url=%2Fimages%2Favatar%2Favatar-sm.webp&w=16&q=75 16w, /_next/image?url=%2Fimages%2Favatar%2Favatar-sm.webp&w=32&q=75 32w, /_next/image?url=%2Fimages%2Favatar%2Favatar-sm.webp&w=48&q=75 48w, /_next/image?url=%2Fimages%2Favatar%2Favatar-sm.webp&w=64&q=75 64w, /_next/image?url=%2Fimages%2Favatar%2Favatar-sm.webp&w=96&q=75 96w, /_next/image?url=%2Fimages%2Favatar%2Favatar-sm.webp&w=128&q=75 128w, /_next/image?url=%2Fimages%2Favatar%2Favatar-sm.webp&w=256&q=75 256w, /_next/image?url=%2Fimages%2Favatar%2Favatar-sm.webp&w=384&q=75 384w, /_next/image?url=%2Fimages%2Favatar%2Favatar-sm.webp&w=640&q=75 640w, /_next/image?url=%2Fimages%2Favatar%2Favatar-sm.webp&w=750&q=75 750w, /_next/image?url=%2Fimages%2Favatar%2Favatar-sm.webp&w=828&q=75 828w, /_next/image?url=%2Fimages%2Favatar%2Favatar-sm.webp&w=1080&q=75 1080w, /_next/image?url=%2Fimages%2Favatar%2Favatar-sm.webp&w=1200&q=75 1200w, /_next/image?url=%2Fimages%2Favatar%2Favatar-sm.webp&w=1920&q=75 1920w, /_next/image?url=%2Fimages%2Favatar%2Favatar-sm.webp&w=2048&q=75 2048w, /_next/image?url=%2Fimages%2Favatar%2Favatar-sm.webp&w=3840&q=75 3840w"
              style="color: transparent;"
              width="48"
            />
          </div>
        </div>
        <div
          class="max-w-[calc(100%-40px)] sm:max-w-[calc(100%-70px)] font-medium dark:text-white pl-4"
        >
          <p
            class="text-tremor-default text-sm text-primary dark:text-dark-primary font-semibold"
          >
            Nick Daniel
          </p>
          <p
            class="text-tremor-default text-xs text-secondary font-light dark:text-dark-romance line-clamp-2"
          >
            Hi! I need more information..
          </p>
        </div>
      </div>
      <button
        class="tremor-Button-root shrink-0 inline-flex justify-center items-center group font-medium outline-none rounded-tremor-default shadow-tremor-input dark:shadow-dark-tremor-input px-4 py-2 text-sm border-tremor-brand dark:border-dark-tremor-brand text-tremor-brand-inverted dark:text-dark-tremor-brand-inverted hover:border-tremor-brand-emphasis dark:hover:border-dark-tremor-brand-emphasis min-w-[64px] m-0 border-0 hover:bg-[none] bg-transparent dark:bg-transparent dark:hover:bg-[none] box-shadow-transparent"
      >
        <span
          class="tremor-Button-text text-tremor-default whitespace-nowrap"
        >
          <p
            class="text-tremor-default dark:text-dark-tremor-content text-primary text-xs text-center font-bold uppercase leading-[17px] tracking-wide"
          >
            Reply
          </p>
        </span>
      </button>
    </div>
  </div>,
  "debug": [Function],
  "findAllByAltText": [Function],
  "findAllByDisplayValue": [Function],
  "findAllByLabelText": [Function],
  "findAllByPlaceholderText": [Function],
  "findAllByRole": [Function],
  "findAllByTestId": [Function],
  "findAllByText": [Function],
  "findAllByTitle": [Function],
  "findByAltText": [Function],
  "findByDisplayValue": [Function],
  "findByLabelText": [Function],
  "findByPlaceholderText": [Function],
  "findByRole": [Function],
  "findByTestId": [Function],
  "findByText": [Function],
  "findByTitle": [Function],
  "getAllByAltText": [Function],
  "getAllByDisplayValue": [Function],
  "getAllByLabelText": [Function],
  "getAllByPlaceholderText": [Function],
  "getAllByRole": [Function],
  "getAllByTestId": [Function],
  "getAllByText": [Function],
  "getAllByTitle": [Function],
  "getByAltText": [Function],
  "getByDisplayValue": [Function],
  "getByLabelText": [Function],
  "getByPlaceholderText": [Function],
  "getByRole": [Function],
  "getByTestId": [Function],
  "getByText": [Function],
  "getByTitle": [Function],
  "queryAllByAltText": [Function],
  "queryAllByDisplayValue": [Function],
  "queryAllByLabelText": [Function],
  "queryAllByPlaceholderText": [Function],
  "queryAllByRole": [Function],
  "queryAllByTestId": [Function],
  "queryAllByText": [Function],
  "queryAllByTitle": [Function],
  "queryByAltText": [Function],
  "queryByDisplayValue": [Function],
  "queryByLabelText": [Function],
  "queryByPlaceholderText": [Function],
  "queryByRole": [Function],
  "queryByTestId": [Function],
  "queryByText": [Function],
  "queryByTitle": [Function],
  "rerender": [Function],
  "unmount": [Function],
}
`;
