// Jest Snapshot v1, https://goo.gl/fbAQLP

exports[`Testing ChannelsChart component Should match snapshot 1`] = `
<div>
  <div
    class="tremor-Card-root relative w-full text-left rounded-tremor-default bg-tremor-background ring-tremor-ring shadow-tremor-card dark:ring-dark-tremor-ring dark:shadow-dark-tremor-card border-tremor-brand dark:border-dark-tremor-brand p-5 ring-0 border-none rounded-xl shadow-md dark:bg-dark-tremor-primary"
  >
    <div
      class="tremor-Flex-root flex w-full justify-between items-start flex-col"
    >
      <div
        class="tremor-Flex-root flex w-full flex-row justify-between items-center relative"
      >
        <p
          class="text-tremor-title dark:text-dark-tremor-content-title text-primary font-bold tracking-[0.12px]"
        >
          Channels
        </p>
        <div
          class="w-fit h-fit relative flex justify-center"
        >
          <button
            class="tremor-Button-root flex-shrink-0 inline-flex justify-center items-center group font-medium outline-none rounded-tremor-default shadow-tremor-input dark:shadow-dark-tremor-input border text-sm dark:text-dark-tremor-brand bg-transparent dark:border-dark-tremor-brand dark:hover:text-dark-tremor-brand-emphasis dark:hover:bg-dark-tremor-brand-faint !rounded-full border-[#7B809A] text-secondary hover:text-secondary hover:opacity-75 hover:bg-transparent p-[5.5px]"
          >
            <span
              class="tremor-Button-text text-sm whitespace-nowrap"
            >
              <svg
                class="text-xs text-secondary"
                fill="currentColor"
                height="1em"
                stroke="currentColor"
                stroke-width="0"
                viewBox="0 0 24 24"
                width="1em"
                xmlns="http://www.w3.org/2000/svg"
              >
                <path
                  d="M0 0h24v24H0V0z"
                  fill="none"
                />
                <circle
                  cx="12"
                  cy="19"
                  r="2"
                />
                <path
                  d="M10 3h4v12h-4z"
                />
              </svg>
            </span>
          </button>
          <div
            class="h-fit absolute bottom-[100%] right-0 shadow-md z-50 text-secondary bg-white rounded transition-all text-center !bg-black !bottom-[-50px] rounded-md !text-white right-[-34px] md:right-[-55px] min-w-[140px] before:content-['â–²'] before:absolute before:top-[-17px] before:left-[85px] md:before:left-[65px] before:text-[black]"
            hidden=""
          >
            <div
              class="text-sm font-light rounded p-2"
            >
              See traffic channels
            </div>
          </div>
        </div>
      </div>
      <div
        class="tremor-Flex-root flex w-full flex-row justify-between items-center my-8"
      >
        <div
          class="tremor-Flex-root flex flex-row justify-between items-center p-4 w-7/12"
        >
          <div
            class="w-full h-[200px]"
          >
            <div>
              <div
                class="recharts-wrapper"
                role="region"
                style="position: relative; cursor: default; width: 100px; height: 100px;"
              >
                <svg
                  class="recharts-surface"
                  cx="50%"
                  cy="50%"
                  height="100"
                  style="width: 100%; height: 100%;"
                  viewBox="0 0 100 100"
                  width="100"
                >
                  <title />
                  <desc />
                  <defs>
                    <clippath
                      id="recharts3-clip"
                    >
                      <rect
                        height="100"
                        width="100"
                        x="0"
                        y="0"
                      />
                    </clippath>
                  </defs>
                  <g
                    class="recharts-layer recharts-pie stroke-tremor-background dark:stroke-dark-tremor-background cursor-default"
                    tabindex="0"
                  >
                    <g
                      class="recharts-layer"
                    >
                      <g
                        class="recharts-layer recharts-pie-sector"
                        style="outline: none"
                        tabindex="-1"
                      />
                      <g
                        class="recharts-layer recharts-pie-sector"
                        style="outline: none"
                        tabindex="-1"
                      />
                      <g
                        class="recharts-layer recharts-pie-sector"
                        style="outline: none"
                        tabindex="-1"
                      />
                      <g
                        class="recharts-layer recharts-pie-sector"
                        style="outline: none"
                        tabindex="-1"
                      />
                    </g>
                  </g>
                </svg>
                <div
                  class="recharts-tooltip-wrapper"
                  role="dialog"
                  style="visibility: hidden; pointer-events: none; position: absolute; top: 0px; left: 0px; outline: none;"
                  tabindex="-1"
                />
              </div>
            </div>
          </div>
        </div>
        <div
          class="tremor-Flex-root flex flex-row justify-between items-center w-5/12"
        >
          <ul>
            <li
              class="flex items-center h-0 px-[15.5px] py-[9px] mb-4 last:mb-0 text-primary dark:text-white text-xs capitalize tracking-[0.4px]"
            >
              <i
                class="flex rounded-full w-2 h-2 mr-2 bg-blue-500"
              />
              <span>
                facebook
              </span>
            </li>
            <li
              class="flex items-center h-0 px-[15.5px] py-[9px] mb-4 last:mb-0 text-primary dark:text-white text-xs capitalize tracking-[0.4px]"
            >
              <i
                class="flex rounded-full w-2 h-2 mr-2 bg-red-500"
              />
              <span>
                direct
              </span>
            </li>
            <li
              class="flex items-center h-0 px-[15.5px] py-[9px] mb-4 last:mb-0 text-primary dark:text-white text-xs capitalize tracking-[0.4px]"
            >
              <i
                class="flex rounded-full w-2 h-2 mr-2 bg-primary"
              />
              <span>
                organic
              </span>
            </li>
            <li
              class="flex items-center h-0 px-[15.5px] py-[9px] mb-4 last:mb-0 text-primary dark:text-white text-xs capitalize tracking-[0.4px]"
            >
              <i
                class="flex rounded-full w-2 h-2 mr-2 bg-gray-500"
              />
              <span>
                referral
              </span>
            </li>
          </ul>
        </div>
      </div>
      <div
        class="tremor-Flex-root flex w-full justify-between items-center flex-col md:flex-row"
      >
        <div
          class="tremor-Flex-root flex w-full flex-row justify-between items-center"
        >
          <p
            class="text-tremor-default font-light text-secondary dark:text-white tracking-[0.4px]"
          >
            More than
            <span
              class="font-bold mx-1"
            >
              1,200,000
            </span>
            sales are made using referral marketing, and
            <span
              class="font-bold mx-1"
            >
              700,000
            </span>
            from social media.
          </p>
        </div>
        <div
          class="tremor-Flex-root flex flex-row items-center justify-end w-full md:w-2/3 md: mt-4"
        >
          <button
            class="tremor-Button-root flex-shrink-0 inline-flex justify-center items-center group outline-none rounded-tremor-default shadow-tremor-input dark:shadow-dark-tremor-input border text-sm uppercase text-secondary font-bold bg-body hover:bg-body border-transparent hover:border-transparent px-6 py-2.5 tracking-[0.35px] dark:hover:bg-brightGray dark:bg-white dark:text-brightGray dark:border-white dark:hover:border-white"
          >
            <span
              class="tremor-Button-text text-sm whitespace-nowrap"
            >
              <span
                class="text-xs"
              >
                read more
              </span>
            </span>
          </button>
        </div>
      </div>
    </div>
  </div>
</div>
`;
