// Jest Snapshot v1, https://goo.gl/fbAQLP

exports[`Test OderSummary component Should match snapshot 1`] = `
{
  "asFragment": [Function],
  "baseElement": <body>
    <div>
      <b
        class="text-inherit font-bold dark:text-white"
      >
        Order Summary
      </b>
      <div
        class="tremor-Flex-root flex w-full flex-col justify-between items-center mt-2"
      >
        <div
          class="tremor-Flex-root flex w-full flex-row justify-between items-center"
        >
          <p
            class="text-tremor-default text-tremor-content dark:text-lighter"
          >
            Product Price:
          </p>
          <p
            class="font-bold dark:text-white"
          >
            $
            90
          </p>
        </div>
        <div
          class="tremor-Flex-root flex w-full flex-row justify-between items-center"
        >
          <p
            class="text-tremor-default text-tremor-content dark:text-lighter"
          >
            Delivery:
          </p>
          <p
            class="font-bold dark:text-white"
          >
            $
            14
          </p>
        </div>
        <div
          class="tremor-Flex-root flex w-full flex-row justify-between items-center"
        >
          <p
            class="text-tremor-default text-tremor-content dark:text-lighter"
          >
            Taxes:
          </p>
          <p
            class="font-bold dark:text-white"
          >
            $
            1.95
          </p>
        </div>
        <div
          class="tremor-Flex-root flex w-full flex-row justify-between items-center mt-4"
        >
          <p
            class="text-tremor-content text-xl font-light dark:text-lighter"
          >
            Total:
          </p>
          <p
            class="font-bold dark:text-white"
          >
            $
            105.95
          </p>
        </div>
      </div>
    </div>
  </body>,
  "container": <div>
    <b
      class="text-inherit font-bold dark:text-white"
    >
      Order Summary
    </b>
    <div
      class="tremor-Flex-root flex w-full flex-col justify-between items-center mt-2"
    >
      <div
        class="tremor-Flex-root flex w-full flex-row justify-between items-center"
      >
        <p
          class="text-tremor-default text-tremor-content dark:text-lighter"
        >
          Product Price:
        </p>
        <p
          class="font-bold dark:text-white"
        >
          $
          90
        </p>
      </div>
      <div
        class="tremor-Flex-root flex w-full flex-row justify-between items-center"
      >
        <p
          class="text-tremor-default text-tremor-content dark:text-lighter"
        >
          Delivery:
        </p>
        <p
          class="font-bold dark:text-white"
        >
          $
          14
        </p>
      </div>
      <div
        class="tremor-Flex-root flex w-full flex-row justify-between items-center"
      >
        <p
          class="text-tremor-default text-tremor-content dark:text-lighter"
        >
          Taxes:
        </p>
        <p
          class="font-bold dark:text-white"
        >
          $
          1.95
        </p>
      </div>
      <div
        class="tremor-Flex-root flex w-full flex-row justify-between items-center mt-4"
      >
        <p
          class="text-tremor-content text-xl font-light dark:text-lighter"
        >
          Total:
        </p>
        <p
          class="font-bold dark:text-white"
        >
          $
          105.95
        </p>
      </div>
    </div>
  </div>,
  "debug": [Function],
  "findAllByAltText": [Function],
  "findAllByDisplayValue": [Function],
  "findAllByLabelText": [Function],
  "findAllByPlaceholderText": [Function],
  "findAllByRole": [Function],
  "findAllByTestId": [Function],
  "findAllByText": [Function],
  "findAllByTitle": [Function],
  "findByAltText": [Function],
  "findByDisplayValue": [Function],
  "findByLabelText": [Function],
  "findByPlaceholderText": [Function],
  "findByRole": [Function],
  "findByTestId": [Function],
  "findByText": [Function],
  "findByTitle": [Function],
  "getAllByAltText": [Function],
  "getAllByDisplayValue": [Function],
  "getAllByLabelText": [Function],
  "getAllByPlaceholderText": [Function],
  "getAllByRole": [Function],
  "getAllByTestId": [Function],
  "getAllByText": [Function],
  "getAllByTitle": [Function],
  "getByAltText": [Function],
  "getByDisplayValue": [Function],
  "getByLabelText": [Function],
  "getByPlaceholderText": [Function],
  "getByRole": [Function],
  "getByTestId": [Function],
  "getByText": [Function],
  "getByTitle": [Function],
  "queryAllByAltText": [Function],
  "queryAllByDisplayValue": [Function],
  "queryAllByLabelText": [Function],
  "queryAllByPlaceholderText": [Function],
  "queryAllByRole": [Function],
  "queryAllByTestId": [Function],
  "queryAllByText": [Function],
  "queryAllByTitle": [Function],
  "queryByAltText": [Function],
  "queryByDisplayValue": [Function],
  "queryByLabelText": [Function],
  "queryByPlaceholderText": [Function],
  "queryByRole": [Function],
  "queryByTestId": [Function],
  "queryByText": [Function],
  "queryByTitle": [Function],
  "rerender": [Function],
  "unmount": [Function],
}
`;
